Archive member included to satisfy reference by file (symbol)

c:/program files/stm32cubeide_1.7.0/stm32cubeide/plugins/com.st.stm32cube.ide.mcu.externaltools.gnu-tools-for-stm32.9-2020-q2-update.win32_2.0.0.202105311346/tools/bin/../lib/gcc/arm-none-eabi/9.3.1/../../../../arm-none-eabi/lib/thumb/v7e-m+fp/hard\libc_nano.a(lib_a-errno.o)
                              ./Core/Src/syscalls.o (__errno)
c:/program files/stm32cubeide_1.7.0/stm32cubeide/plugins/com.st.stm32cube.ide.mcu.externaltools.gnu-tools-for-stm32.9-2020-q2-update.win32_2.0.0.202105311346/tools/bin/../lib/gcc/arm-none-eabi/9.3.1/../../../../arm-none-eabi/lib/thumb/v7e-m+fp/hard\libc_nano.a(lib_a-exit.o)
                              c:/program files/stm32cubeide_1.7.0/stm32cubeide/plugins/com.st.stm32cube.ide.mcu.externaltools.gnu-tools-for-stm32.9-2020-q2-update.win32_2.0.0.202105311346/tools/bin/../lib/gcc/arm-none-eabi/9.3.1/../../../../arm-none-eabi/lib/thumb/v7e-m+fp/hard/crt0.o (exit)
c:/program files/stm32cubeide_1.7.0/stm32cubeide/plugins/com.st.stm32cube.ide.mcu.externaltools.gnu-tools-for-stm32.9-2020-q2-update.win32_2.0.0.202105311346/tools/bin/../lib/gcc/arm-none-eabi/9.3.1/../../../../arm-none-eabi/lib/thumb/v7e-m+fp/hard\libc_nano.a(lib_a-impure.o)
                              c:/program files/stm32cubeide_1.7.0/stm32cubeide/plugins/com.st.stm32cube.ide.mcu.externaltools.gnu-tools-for-stm32.9-2020-q2-update.win32_2.0.0.202105311346/tools/bin/../lib/gcc/arm-none-eabi/9.3.1/../../../../arm-none-eabi/lib/thumb/v7e-m+fp/hard\libc_nano.a(lib_a-exit.o) (_global_impure_ptr)
c:/program files/stm32cubeide_1.7.0/stm32cubeide/plugins/com.st.stm32cube.ide.mcu.externaltools.gnu-tools-for-stm32.9-2020-q2-update.win32_2.0.0.202105311346/tools/bin/../lib/gcc/arm-none-eabi/9.3.1/../../../../arm-none-eabi/lib/thumb/v7e-m+fp/hard\libc_nano.a(lib_a-init.o)
                              c:/program files/stm32cubeide_1.7.0/stm32cubeide/plugins/com.st.stm32cube.ide.mcu.externaltools.gnu-tools-for-stm32.9-2020-q2-update.win32_2.0.0.202105311346/tools/bin/../lib/gcc/arm-none-eabi/9.3.1/../../../../arm-none-eabi/lib/thumb/v7e-m+fp/hard/crt0.o (__libc_init_array)
c:/program files/stm32cubeide_1.7.0/stm32cubeide/plugins/com.st.stm32cube.ide.mcu.externaltools.gnu-tools-for-stm32.9-2020-q2-update.win32_2.0.0.202105311346/tools/bin/../lib/gcc/arm-none-eabi/9.3.1/../../../../arm-none-eabi/lib/thumb/v7e-m+fp/hard\libc_nano.a(lib_a-memset.o)
                              c:/program files/stm32cubeide_1.7.0/stm32cubeide/plugins/com.st.stm32cube.ide.mcu.externaltools.gnu-tools-for-stm32.9-2020-q2-update.win32_2.0.0.202105311346/tools/bin/../lib/gcc/arm-none-eabi/9.3.1/../../../../arm-none-eabi/lib/thumb/v7e-m+fp/hard/crt0.o (memset)
c:/program files/stm32cubeide_1.7.0/stm32cubeide/plugins/com.st.stm32cube.ide.mcu.externaltools.gnu-tools-for-stm32.9-2020-q2-update.win32_2.0.0.202105311346/tools/bin/../lib/gcc/arm-none-eabi/9.3.1/../../../../arm-none-eabi/lib/thumb/v7e-m+fp/hard\libc_nano.a(lib_a-sprintf.o)
                              ./Core/Src/sensors.o (sprintf)
c:/program files/stm32cubeide_1.7.0/stm32cubeide/plugins/com.st.stm32cube.ide.mcu.externaltools.gnu-tools-for-stm32.9-2020-q2-update.win32_2.0.0.202105311346/tools/bin/../lib/gcc/arm-none-eabi/9.3.1/../../../../arm-none-eabi/lib/thumb/v7e-m+fp/hard\libc_nano.a(lib_a-nano-svfprintf.o)
                              c:/program files/stm32cubeide_1.7.0/stm32cubeide/plugins/com.st.stm32cube.ide.mcu.externaltools.gnu-tools-for-stm32.9-2020-q2-update.win32_2.0.0.202105311346/tools/bin/../lib/gcc/arm-none-eabi/9.3.1/../../../../arm-none-eabi/lib/thumb/v7e-m+fp/hard\libc_nano.a(lib_a-sprintf.o) (_svfprintf_r)
c:/program files/stm32cubeide_1.7.0/stm32cubeide/plugins/com.st.stm32cube.ide.mcu.externaltools.gnu-tools-for-stm32.9-2020-q2-update.win32_2.0.0.202105311346/tools/bin/../lib/gcc/arm-none-eabi/9.3.1/../../../../arm-none-eabi/lib/thumb/v7e-m+fp/hard\libc_nano.a(lib_a-nano-vfprintf_i.o)
                              c:/program files/stm32cubeide_1.7.0/stm32cubeide/plugins/com.st.stm32cube.ide.mcu.externaltools.gnu-tools-for-stm32.9-2020-q2-update.win32_2.0.0.202105311346/tools/bin/../lib/gcc/arm-none-eabi/9.3.1/../../../../arm-none-eabi/lib/thumb/v7e-m+fp/hard\libc_nano.a(lib_a-nano-svfprintf.o) (_printf_i)
c:/program files/stm32cubeide_1.7.0/stm32cubeide/plugins/com.st.stm32cube.ide.mcu.externaltools.gnu-tools-for-stm32.9-2020-q2-update.win32_2.0.0.202105311346/tools/bin/../lib/gcc/arm-none-eabi/9.3.1/../../../../arm-none-eabi/lib/thumb/v7e-m+fp/hard\libc_nano.a(lib_a-memchr.o)
                              c:/program files/stm32cubeide_1.7.0/stm32cubeide/plugins/com.st.stm32cube.ide.mcu.externaltools.gnu-tools-for-stm32.9-2020-q2-update.win32_2.0.0.202105311346/tools/bin/../lib/gcc/arm-none-eabi/9.3.1/../../../../arm-none-eabi/lib/thumb/v7e-m+fp/hard\libc_nano.a(lib_a-nano-svfprintf.o) (memchr)
[...]
Memory Configuration

Name             Origin             Length             Attributes
RAM              0x0000000020000000 0x0000000000010000 xrw
FLASH            0x0000000008000000 0x0000000000040000 xr
*default*        0x0000000000000000 0xffffffffffffffff

Linker script and memory map

LOAD c:/program files/stm32cubeide_1.7.0/stm32cubeide/plugins/com.st.stm32cube.ide.mcu.externaltools.gnu-tools-for-stm32.9-2020-q2-update.win32_2.0.0.202105311346/tools/bin/../lib/gcc/arm-none-eabi/9.3.1/thumb/v7e-m+fp/hard/crti.o
LOAD c:/program files/stm32cubeide_1.7.0/stm32cubeide/plugins/com.st.stm32cube.ide.mcu.externaltools.gnu-tools-for-stm32.9-2020-q2-update.win32_2.0.0.202105311346/tools/bin/../lib/gcc/arm-none-eabi/9.3.1/thumb/v7e-m+fp/hard/crtbegin.o
LOAD c:/program files/stm32cubeide_1.7.0/stm32cubeide/plugins/com.st.stm32cube.ide.mcu.externaltools.gnu-tools-for-stm32.9-2020-q2-update.win32_2.0.0.202105311346/tools/bin/../lib/gcc/arm-none-eabi/9.3.1/../../../../arm-none-eabi/lib/thumb/v7e-m+fp/hard/crt0.o
LOAD ./Core/Src/adc.o
LOAD ./Core/Src/dma.o
LOAD ./Core/Src/gpio.o
LOAD ./Core/Src/main.o
LOAD ./Core/Src/motor.o
LOAD ./Core/Src/sensors.o
LOAD ./Core/Src/stm32l4xx_hal_msp.o
LOAD ./Core/Src/stm32l4xx_it.o
LOAD ./Core/Src/syscalls.o
LOAD ./Core/Src/sysmem.o
LOAD ./Core/Src/system_stm32l4xx.o
LOAD ./Core/Src/tasks.o
LOAD ./Core/Src/tim.o
LOAD ./Core/Src/usart.o
LOAD ./Core/Src/utility.o
LOAD ./Core/Startup/startup_stm32l432kcux.o
LOAD ./Drivers/STM32L4xx_HAL_Driver/Src/stm32l4xx_hal.o
LOAD ./Drivers/STM32L4xx_HAL_Driver/Src/stm32l4xx_hal_adc.o
LOAD ./Drivers/STM32L4xx_HAL_Driver/Src/stm32l4xx_hal_adc_ex.o
LOAD ./Drivers/STM32L4xx_HAL_Driver/Src/stm32l4xx_hal_cortex.o
LOAD ./Drivers/STM32L4xx_HAL_Driver/Src/stm32l4xx_hal_dma.o
LOAD ./Drivers/STM32L4xx_HAL_Driver/Src/stm32l4xx_hal_dma_ex.o
LOAD ./Drivers/STM32L4xx_HAL_Driver/Src/stm32l4xx_hal_exti.o
LOAD ./Drivers/STM32L4xx_HAL_Driver/Src/stm32l4xx_hal_flash.o
LOAD ./Drivers/STM32L4xx_HAL_Driver/Src/stm32l4xx_hal_flash_ex.o
LOAD ./Drivers/STM32L4xx_HAL_Driver/Src/stm32l4xx_hal_flash_ramfunc.o
LOAD ./Drivers/STM32L4xx_HAL_Driver/Src/stm32l4xx_hal_gpio.o
LOAD ./Drivers/STM32L4xx_HAL_Driver/Src/stm32l4xx_hal_i2c.o
LOAD ./Drivers/STM32L4xx_HAL_Driver/Src/stm32l4xx_hal_i2c_ex.o
LOAD ./Drivers/STM32L4xx_HAL_Driver/Src/stm32l4xx_hal_pwr.o
LOAD ./Drivers/STM32L4xx_HAL_Driver/Src/stm32l4xx_hal_pwr_ex.o
LOAD ./Drivers/STM32L4xx_HAL_Driver/Src/stm32l4xx_hal_rcc.o
LOAD ./Drivers/STM32L4xx_HAL_Driver/Src/stm32l4xx_hal_rcc_ex.o
LOAD ./Drivers/STM32L4xx_HAL_Driver/Src/stm32l4xx_hal_tim.o
LOAD ./Drivers/STM32L4xx_HAL_Driver/Src/stm32l4xx_hal_tim_ex.o
LOAD ./Drivers/STM32L4xx_HAL_Driver/Src/stm32l4xx_hal_uart.o
LOAD ./Drivers/STM32L4xx_HAL_Driver/Src/stm32l4xx_hal_uart_ex.o
START GROUP
LOAD c:/program files/stm32cubeide_1.7.0/stm32cubeide/plugins/com.st.stm32cube.ide.mcu.externaltools.gnu-tools-for-stm32.9-2020-q2-update.win32_2.0.0.202105311346/tools/bin/../lib/gcc/arm-none-eabi/9.3.1/../../../../arm-none-eabi/lib/thumb/v7e-m+fp/hard\libc_nano.a
LOAD c:/program files/stm32cubeide_1.7.0/stm32cubeide/plugins/com.st.stm32cube.ide.mcu.externaltools.gnu-tools-for-stm32.9-2020-q2-update.win32_2.0.0.202105311346/tools/bin/../lib/gcc/arm-none-eabi/9.3.1/../../../../arm-none-eabi/lib/thumb/v7e-m+fp/hard\libm.a
END GROUP
START GROUP
LOAD c:/program files/stm32cubeide_1.7.0/stm32cubeide/plugins/com.st.stm32cube.ide.mcu.externaltools.gnu-tools-for-stm32.9-2020-q2-update.win32_2.0.0.202105311346/tools/bin/../lib/gcc/arm-none-eabi/9.3.1/thumb/v7e-m+fp/hard\libgcc.a
LOAD c:/program files/stm32cubeide_1.7.0/stm32cubeide/plugins/com.st.stm32cube.ide.mcu.externaltools.gnu-tools-for-stm32.9-2020-q2-update.win32_2.0.0.202105311346/tools/bin/../lib/gcc/arm-none-eabi/9.3.1/../../../../arm-none-eabi/lib/thumb/v7e-m+fp/hard\libc_nano.a
END GROUP
START GROUP
LOAD c:/program files/stm32cubeide_1.7.0/stm32cubeide/plugins/com.st.stm32cube.ide.mcu.externaltools.gnu-tools-for-stm32.9-2020-q2-update.win32_2.0.0.202105311346/tools/bin/../lib/gcc/arm-none-eabi/9.3.1/thumb/v7e-m+fp/hard\libgcc.a
LOAD c:/program files/stm32cubeide_1.7.0/stm32cubeide/plugins/com.st.stm32cube.ide.mcu.externaltools.gnu-tools-for-stm32.9-2020-q2-update.win32_2.0.0.202105311346/tools/bin/../lib/gcc/arm-none-eabi/9.3.1/../../../../arm-none-eabi/lib/thumb/v7e-m+fp/hard\libc_nano.a
LOAD c:/program files/stm32cubeide_1.7.0/stm32cubeide/plugins/com.st.stm32cube.ide.mcu.externaltools.gnu-tools-for-stm32.9-2020-q2-update.win32_2.0.0.202105311346/tools/bin/../lib/gcc/arm-none-eabi/9.3.1/../../../../arm-none-eabi/lib/thumb/v7e-m+fp/hard\libnosys.a
END GROUP
START GROUP
LOAD c:/program files/stm32cubeide_1.7.0/stm32cubeide/plugins/com.st.stm32cube.ide.mcu.externaltools.gnu-tools-for-stm32.9-2020-q2-update.win32_2.0.0.202105311346/tools/bin/../lib/gcc/arm-none-eabi/9.3.1/thumb/v7e-m+fp/hard\libgcc.a
LOAD c:/program files/stm32cubeide_1.7.0/stm32cubeide/plugins/com.st.stm32cube.ide.mcu.externaltools.gnu-tools-for-stm32.9-2020-q2-update.win32_2.0.0.202105311346/tools/bin/../lib/gcc/arm-none-eabi/9.3.1/../../../../arm-none-eabi/lib/thumb/v7e-m+fp/hard\libc_nano.a
LOAD c:/program files/stm32cubeide_1.7.0/stm32cubeide/plugins/com.st.stm32cube.ide.mcu.externaltools.gnu-tools-for-stm32.9-2020-q2-update.win32_2.0.0.202105311346/tools/bin/../lib/gcc/arm-none-eabi/9.3.1/../../../../arm-none-eabi/lib/thumb/v7e-m+fp/hard\libnosys.a
END GROUP
LOAD c:/program files/stm32cubeide_1.7.0/stm32cubeide/plugins/com.st.stm32cube.ide.mcu.externaltools.gnu-tools-for-stm32.9-2020-q2-update.win32_2.0.0.202105311346/tools/bin/../lib/gcc/arm-none-eabi/9.3.1/thumb/v7e-m+fp/hard/crtend.o
LOAD c:/program files/stm32cubeide_1.7.0/stm32cubeide/plugins/com.st.stm32cube.ide.mcu.externaltools.gnu-tools-for-stm32.9-2020-q2-update.win32_2.0.0.202105311346/tools/bin/../lib/gcc/arm-none-eabi/9.3.1/thumb/v7e-m+fp/hard/crtn.o
                0x0000000020010000                _estack = (ORIGIN (RAM) + LENGTH (RAM))
                0x0000000000000200                _Min_Heap_Size = 0x200
                0x0000000000000400                _Min_Stack_Size = 0x400

.isr_vector     0x0000000008000000      0x18c
                0x0000000008000000                . = ALIGN (0x4)
 *(.isr_vector)
 .isr_vector    0x0000000008000000      0x18c ./Core/Startup/startup_stm32l432kcux.o
                0x0000000008000000                g_pfnVectors
                0x000000000800018c                . = ALIGN (0x4)

.text           0x0000000008000190     0x6694
                0x0000000008000190                . = ALIGN (0x4)
 *(.text)
 .text          0x0000000008000190       0x40 c:/program files/stm32cubeide_1.7.0/stm32cubeide/plugins/com.st.stm32cube.ide.mcu.externaltools.gnu-tools-for-stm32.9-2020-q2-update.win32_2.0.0.202105311346/tools/bin/../lib/gcc/arm-none-eabi/9.3.1/thumb/v7e-m+fp/hard/crtbegin.o
 .text          0x00000000080001d0       0xa0 c:/program files/stm32cubeide_1.7.0/stm32cubeide/plugins/com.st.stm32cube.ide.mcu.externaltools.gnu-tools-for-stm32.9-2020-q2-update.win32_2.0.0.202105311346/tools/bin/../lib/gcc/arm-none-eabi/9.3.1/../../../../arm-none-eabi/lib/thumb/v7e-m+fp/hard\libc_nano.a(lib_a-memchr.o)
                0x00000000080001d0                memchr
 .text          0x0000000008000270      0x254 c:/program files/stm32cubeide_1.7.0/stm32cubeide/plugins/com.st.stm32cube.ide.mcu.externaltools.gnu-tools-for-stm32.9-2020-q2-update.win32_2.0.0.202105311346/tools/bin/../lib/gcc/arm-none-eabi/9.3.1/thumb/v7e-m+fp/hard\libgcc.a(_arm_muldf3.o)
                0x0000000008000270                __muldf3
                0x0000000008000270                __aeabi_dmul
 .text          0x00000000080004c4      0x378 c:/program files/stm32cubeide_1.7.0/stm32cubeide/plugins/com.st.stm32cube.ide.mcu.externaltools.gnu-tools-for-stm32.9-2020-q2-update.win32_2.0.0.202105311346/tools/bin/../lib/gcc/arm-none-eabi/9.3.1/thumb/v7e-m+fp/hard\libgcc.a(_arm_addsubdf3.o)
                0x00000000080004c4                __aeabi_drsub
                0x00000000080004cc                __aeabi_dsub
                0x00000000080004cc                __subdf3
                0x00000000080004d0                __aeabi_dadd
                0x00000000080004d0                __adddf3
                0x0000000008000748                __floatunsidf
                0x0000000008000748                __aeabi_ui2d
                0x0000000008000768                __floatsidf
                0x0000000008000768                __aeabi_i2d
                0x000000000800078c                __aeabi_f2d
                0x000000000800078c                __extendsfdf2
                0x00000000080007d0                __floatundidf
                0x00000000080007d0                __aeabi_ul2d
                0x00000000080007e0                __floatdidf
                0x00000000080007e0                __aeabi_l2d
 .text          0x000000000800083c       0x40 c:/program files/stm32cubeide_1.7.0/stm32cubeide/plugins/com.st.stm32cube.ide.mcu.externaltools.gnu-tools-for-stm32.9-2020-q2-update.win32_2.0.0.202105311346/tools/bin/../lib/gcc/arm-none-eabi/9.3.1/thumb/v7e-m+fp/hard\libgcc.a(_arm_fixunsdfsi.o)
                0x000000000800083c                __aeabi_d2uiz
                0x000000000800083c                __fixunsdfsi
 .text          0x000000000800087c       0x30 c:/program files/stm32cubeide_1.7.0/stm32cubeide/plugins/com.st.stm32cube.ide.mcu.externaltools.gnu-tools-for-stm32.9-2020-q2-update.win32_2.0.0.202105311346/tools/bin/../lib/gcc/arm-none-eabi/9.3.1/thumb/v7e-m+fp/hard\libgcc.a(_aeabi_uldivmod.o)
                0x000000000800087c                __aeabi_uldivmod
 .text          0x00000000080008ac      0x2c4 c:/program files/stm32cubeide_1.7.0/stm32cubeide/plugins/com.st.stm32cube.ide.mcu.externaltools.gnu-tools-for-stm32.9-2020-q2-update.win32_2.0.0.202105311346/tools/bin/../lib/gcc/arm-none-eabi/9.3.1/thumb/v7e-m+fp/hard\libgcc.a(_udivmoddi4.o)
                0x00000000080008ac                __udivmoddi4
 .text          0x0000000008000b70        0x4 c:/program files/stm32cubeide_1.7.0/stm32cubeide/plugins/com.st.stm32cube.ide.mcu.externaltools.gnu-tools-for-stm32.9-2020-q2-update.win32_2.0.0.202105311346/tools/bin/../lib/gcc/arm-none-eabi/9.3.1/thumb/v7e-m+fp/hard\libgcc.a(_dvmd_tls.o)
                0x0000000008000b70                __aeabi_idiv0
                0x0000000008000b70                __aeabi_ldiv0
 *(.text*)
 .text.MX_ADC1_Init
                0x0000000008000b74      0x16c ./Core/Src/adc.o
                0x0000000008000b74                MX_ADC1_Init
 .text.HAL_ADC_MspInit
                0x0000000008000ce0       0xdc ./Core/Src/adc.o
                0x0000000008000ce0                HAL_ADC_MspInit
 .text.MX_DMA_Init
                0x0000000008000dbc       0x3c ./Core/Src/dma.o
                0x0000000008000dbc                MX_DMA_Init
 .text.MX_GPIO_Init
                0x0000000008000df8       0xe0 ./Core/Src/gpio.o
                0x0000000008000df8                MX_GPIO_Init
 .text.main     0x0000000008000ed8       0x74 ./Core/Src/main.o
                0x0000000008000ed8                main
 .text.SystemClock_Config
                0x0000000008000f4c      0x128 ./Core/Src/main.o
                0x0000000008000f4c                SystemClock_Config
 .text.Error_Handler
                0x0000000008001074        0xa ./Core/Src/main.o
                0x0000000008001074                Error_Handler
 *fill*         0x000000000800107e        0x2 
 .text.setMotorSpeed
                0x0000000008001080      0x128 ./Core/Src/motor.o
                0x0000000008001080                setMotorSpeed
 .text.calibrateMotor
                0x00000000080011a8       0xa4 ./Core/Src/motor.o
                0x00000000080011a8                calibrateMotor
 .text.evaluateEncoder
                0x000000000800124c       0xc4 ./Core/Src/sensors.o
                0x000000000800124c                evaluateEncoder
 .text.writeSensorUSB
                0x0000000008001310       0x5c ./Core/Src/sensors.o
                0x0000000008001310                writeSensorUSB
 .text.HAL_ADC_ConvCpltCallback
                0x000000000800136c       0x40 ./Core/Src/sensors.o
                0x000000000800136c                HAL_ADC_ConvCpltCallback
 .text.HAL_MspInit
                0x00000000080013ac       0x48 ./Core/Src/stm32l4xx_hal_msp.o
                0x00000000080013ac                HAL_MspInit
 .text.NMI_Handler
                0x00000000080013f4        0x6 ./Core/Src/stm32l4xx_it.o
                0x00000000080013f4                NMI_Handler
 .text.HardFault_Handler
                0x00000000080013fa        0x6 ./Core/Src/stm32l4xx_it.o
                0x00000000080013fa                HardFault_Handler
 .text.MemManage_Handler
                0x0000000008001400        0x6 ./Core/Src/stm32l4xx_it.o
                0x0000000008001400                MemManage_Handler
 .text.BusFault_Handler
                0x0000000008001406        0x6 ./Core/Src/stm32l4xx_it.o
                0x0000000008001406                BusFault_Handler
 .text.UsageFault_Handler
                0x000000000800140c        0x6 ./Core/Src/stm32l4xx_it.o
                0x000000000800140c                UsageFault_Handler
 .text.SVC_Handler
                0x0000000008001412        0xe ./Core/Src/stm32l4xx_it.o
                0x0000000008001412                SVC_Handler
 .text.DebugMon_Handler
                0x0000000008001420        0xe ./Core/Src/stm32l4xx_it.o
                0x0000000008001420                DebugMon_Handler
 .text.PendSV_Handler
                0x000000000800142e        0xe ./Core/Src/stm32l4xx_it.o
                0x000000000800142e                PendSV_Handler
 .text.SysTick_Handler
                0x000000000800143c        0xc ./Core/Src/stm32l4xx_it.o
                0x000000000800143c                SysTick_Handler
 .text.DMA1_Channel1_IRQHandler
                0x0000000008001448       0x14 ./Core/Src/stm32l4xx_it.o
                0x0000000008001448                DMA1_Channel1_IRQHandler
 .text._sbrk    0x000000000800145c       0x6c ./Core/Src/sysmem.o
                0x000000000800145c                _sbrk
 .text.SystemInit
                0x00000000080014c8       0x64 ./Core/Src/system_stm32l4xx.o
                0x00000000080014c8                SystemInit
 .text.taskBlinkLED
                0x000000000800152c       0x84 ./Core/Src/tasks.o
                0x000000000800152c                taskBlinkLED
 .text.MX_TIM1_Init
                0x00000000080015b0      0x170 ./Core/Src/tim.o
                0x00000000080015b0                MX_TIM1_Init
 .text.HAL_TIM_Base_MspInit
                0x0000000008001720       0x40 ./Core/Src/tim.o
                0x0000000008001720                HAL_TIM_Base_MspInit
 .text.HAL_TIM_MspPostInit
                0x0000000008001760       0x70 ./Core/Src/tim.o
                0x0000000008001760                HAL_TIM_MspPostInit
 .text.MX_USART2_UART_Init
                0x00000000080017d0       0x60 ./Core/Src/usart.o
                0x00000000080017d0                MX_USART2_UART_Init
 .text.HAL_UART_MspInit
                0x0000000008001830       0xa8 ./Core/Src/usart.o
                0x0000000008001830                HAL_UART_MspInit
 .text.Reset_Handler
                0x00000000080018d8       0x50 ./Core/Startup/startup_stm32l432kcux.o
                0x00000000080018d8                Reset_Handler
 .text.Default_Handler
                0x0000000008001928        0x2 ./Core/Startup/startup_stm32l432kcux.o
                0x0000000008001928                RTC_Alarm_IRQHandler
                0x0000000008001928                EXTI2_IRQHandler
                0x0000000008001928                TIM1_CC_IRQHandler
                0x0000000008001928                TSC_IRQHandler
                0x0000000008001928                TAMP_STAMP_IRQHandler
                0x0000000008001928                EXTI3_IRQHandler
                0x0000000008001928                LPTIM2_IRQHandler
                0x0000000008001928                I2C3_ER_IRQHandler
                0x0000000008001928                EXTI0_IRQHandler
                0x0000000008001928                CAN1_RX0_IRQHandler
                0x0000000008001928                FPU_IRQHandler
                0x0000000008001928                TIM1_UP_TIM16_IRQHandler
                0x0000000008001928                SPI1_IRQHandler
                0x0000000008001928                TIM6_DAC_IRQHandler
                0x0000000008001928                DMA2_Channel2_IRQHandler
                0x0000000008001928                DMA1_Channel4_IRQHandler
                0x0000000008001928                ADC1_IRQHandler
                0x0000000008001928                DMA1_Channel7_IRQHandler
                0x0000000008001928                CAN1_RX1_IRQHandler
                0x0000000008001928                DMA2_Channel1_IRQHandler
                0x0000000008001928                QUADSPI_IRQHandler
                0x0000000008001928                I2C1_EV_IRQHandler
                0x0000000008001928                DMA1_Channel6_IRQHandler
                0x0000000008001928                DMA2_Channel4_IRQHandler
                0x0000000008001928                RCC_IRQHandler
                0x0000000008001928                TIM1_TRG_COM_IRQHandler
                0x0000000008001928                Default_Handler
                0x0000000008001928                DMA2_Channel7_IRQHandler
                0x0000000008001928                EXTI15_10_IRQHandler
                0x0000000008001928                TIM7_IRQHandler
                0x0000000008001928                I2C3_EV_IRQHandler
                0x0000000008001928                USB_IRQHandler
                0x0000000008001928                EXTI9_5_IRQHandler
                0x0000000008001928                RTC_WKUP_IRQHandler
                0x0000000008001928                PVD_PVM_IRQHandler
                0x0000000008001928                CAN1_TX_IRQHandler
                0x0000000008001928                DMA2_Channel5_IRQHandler
                0x0000000008001928                CRS_IRQHandler
                0x0000000008001928                DMA1_Channel5_IRQHandler
                0x0000000008001928                EXTI4_IRQHandler
                0x0000000008001928                RNG_IRQHandler
                0x0000000008001928                DMA1_Channel3_IRQHandler
                0x0000000008001928                COMP_IRQHandler
                0x0000000008001928                WWDG_IRQHandler
                0x0000000008001928                LPUART1_IRQHandler
                0x0000000008001928                DMA2_Channel6_IRQHandler
                0x0000000008001928                TIM2_IRQHandler
                0x0000000008001928                EXTI1_IRQHandler
                0x0000000008001928                USART2_IRQHandler
                0x0000000008001928                DMA1_Channel2_IRQHandler
                0x0000000008001928                CAN1_SCE_IRQHandler
                0x0000000008001928                FLASH_IRQHandler
                0x0000000008001928                USART1_IRQHandler
                0x0000000008001928                SPI3_IRQHandler
                0x0000000008001928                I2C1_ER_IRQHandler
                0x0000000008001928                SWPMI1_IRQHandler
                0x0000000008001928                LPTIM1_IRQHandler
                0x0000000008001928                SAI1_IRQHandler
                0x0000000008001928                DMA2_Channel3_IRQHandler
                0x0000000008001928                TIM1_BRK_TIM15_IRQHandler
 .text.HAL_Init
                0x000000000800192a       0x30 ./Drivers/STM32L4xx_HAL_Driver/Src/stm32l4xx_hal.o
                0x000000000800192a                HAL_Init
 *fill*         0x000000000800195a        0x2 
 .text.HAL_InitTick
                0x000000000800195c       0x78 ./Drivers/STM32L4xx_HAL_Driver/Src/stm32l4xx_hal.o
                0x000000000800195c                HAL_InitTick
 .text.HAL_IncTick
                0x00000000080019d4       0x28 ./Drivers/STM32L4xx_HAL_Driver/Src/stm32l4xx_hal.o
                0x00000000080019d4                HAL_IncTick
 .text.HAL_GetTick
                0x00000000080019fc       0x18 ./Drivers/STM32L4xx_HAL_Driver/Src/stm32l4xx_hal.o
                0x00000000080019fc                HAL_GetTick
 .text.LL_ADC_SetCommonClock
                0x0000000008001a14       0x26 ./Drivers/STM32L4xx_HAL_Driver/Src/stm32l4xx_hal_adc.o
 .text.LL_ADC_SetCommonPathInternalCh
                0x0000000008001a3a       0x26 ./Drivers/STM32L4xx_HAL_Driver/Src/stm32l4xx_hal_adc.o
 .text.LL_ADC_GetCommonPathInternalCh
                0x0000000008001a60       0x1c ./Drivers/STM32L4xx_HAL_Driver/Src/stm32l4xx_hal_adc.o
 .text.LL_ADC_SetOffset
                0x0000000008001a7c       0x48 ./Drivers/STM32L4xx_HAL_Driver/Src/stm32l4xx_hal_adc.o
 .text.LL_ADC_GetOffsetChannel
                0x0000000008001ac4       0x2c ./Drivers/STM32L4xx_HAL_Driver/Src/stm32l4xx_hal_adc.o
 .text.LL_ADC_SetOffsetState
                0x0000000008001af0       0x36 ./Drivers/STM32L4xx_HAL_Driver/Src/stm32l4xx_hal_adc.o
 .text.LL_ADC_REG_IsTriggerSourceSWStart
                0x0000000008001b26       0x26 ./Drivers/STM32L4xx_HAL_Driver/Src/stm32l4xx_hal_adc.o
 .text.LL_ADC_REG_SetSequencerRanks
                0x0000000008001b4c       0x58 ./Drivers/STM32L4xx_HAL_Driver/Src/stm32l4xx_hal_adc.o
 .text.LL_ADC_SetChannelSamplingTime
                0x0000000008001ba4       0x56 ./Drivers/STM32L4xx_HAL_Driver/Src/stm32l4xx_hal_adc.o
 *fill*         0x0000000008001bfa        0x2 
 .text.LL_ADC_SetChannelSingleDiff
                0x0000000008001bfc       0x48 ./Drivers/STM32L4xx_HAL_Driver/Src/stm32l4xx_hal_adc.o
 .text.LL_ADC_DisableDeepPowerDown
                0x0000000008001c44       0x24 ./Drivers/STM32L4xx_HAL_Driver/Src/stm32l4xx_hal_adc.o
 .text.LL_ADC_IsDeepPowerDownEnabled
                0x0000000008001c68       0x28 ./Drivers/STM32L4xx_HAL_Driver/Src/stm32l4xx_hal_adc.o
 .text.LL_ADC_EnableInternalRegulator
                0x0000000008001c90       0x28 ./Drivers/STM32L4xx_HAL_Driver/Src/stm32l4xx_hal_adc.o
 .text.LL_ADC_IsInternalRegulatorEnabled
                0x0000000008001cb8       0x28 ./Drivers/STM32L4xx_HAL_Driver/Src/stm32l4xx_hal_adc.o
 .text.LL_ADC_Enable
                0x0000000008001ce0       0x28 ./Drivers/STM32L4xx_HAL_Driver/Src/stm32l4xx_hal_adc.o
 .text.LL_ADC_IsEnabled
                0x0000000008001d08       0x26 ./Drivers/STM32L4xx_HAL_Driver/Src/stm32l4xx_hal_adc.o
 .text.LL_ADC_REG_StartConversion
                0x0000000008001d2e       0x28 ./Drivers/STM32L4xx_HAL_Driver/Src/stm32l4xx_hal_adc.o
 .text.LL_ADC_REG_IsConversionOngoing
                0x0000000008001d56       0x26 ./Drivers/STM32L4xx_HAL_Driver/Src/stm32l4xx_hal_adc.o
 .text.LL_ADC_INJ_IsConversionOngoing
                0x0000000008001d7c       0x26 ./Drivers/STM32L4xx_HAL_Driver/Src/stm32l4xx_hal_adc.o
 *fill*         0x0000000008001da2        0x2 
 .text.HAL_ADC_Init
                0x0000000008001da4      0x290 ./Drivers/STM32L4xx_HAL_Driver/Src/stm32l4xx_hal_adc.o
                0x0000000008001da4                HAL_ADC_Init
 .text.HAL_ADC_Start_DMA
                0x0000000008002034      0x108 ./Drivers/STM32L4xx_HAL_Driver/Src/stm32l4xx_hal_adc.o
                0x0000000008002034                HAL_ADC_Start_DMA
 .text.HAL_ADC_ConvHalfCpltCallback
                0x000000000800213c       0x14 ./Drivers/STM32L4xx_HAL_Driver/Src/stm32l4xx_hal_adc.o
                0x000000000800213c                HAL_ADC_ConvHalfCpltCallback
 .text.HAL_ADC_ErrorCallback
                0x0000000008002150       0x14 ./Drivers/STM32L4xx_HAL_Driver/Src/stm32l4xx_hal_adc.o
                0x0000000008002150                HAL_ADC_ErrorCallback
 .text.HAL_ADC_ConfigChannel
                0x0000000008002164      0x7c0 ./Drivers/STM32L4xx_HAL_Driver/Src/stm32l4xx_hal_adc.o
                0x0000000008002164                HAL_ADC_ConfigChannel
 .text.ADC_Enable
                0x0000000008002924       0xc4 ./Drivers/STM32L4xx_HAL_Driver/Src/stm32l4xx_hal_adc.o
                0x0000000008002924                ADC_Enable
 .text.ADC_DMAConvCplt
                0x00000000080029e8       0xd8 ./Drivers/STM32L4xx_HAL_Driver/Src/stm32l4xx_hal_adc.o
                0x00000000080029e8                ADC_DMAConvCplt
 .text.ADC_DMAHalfConvCplt
                0x0000000008002ac0       0x1c ./Drivers/STM32L4xx_HAL_Driver/Src/stm32l4xx_hal_adc.o
                0x0000000008002ac0                ADC_DMAHalfConvCplt
 .text.ADC_DMAError
                0x0000000008002adc       0x34 ./Drivers/STM32L4xx_HAL_Driver/Src/stm32l4xx_hal_adc.o
                0x0000000008002adc                ADC_DMAError
 .text.__NVIC_SetPriorityGrouping
                0x0000000008002b10       0x48 ./Drivers/STM32L4xx_HAL_Driver/Src/stm32l4xx_hal_cortex.o
 .text.__NVIC_GetPriorityGrouping
                0x0000000008002b58       0x1c ./Drivers/STM32L4xx_HAL_Driver/Src/stm32l4xx_hal_cortex.o
 .text.__NVIC_EnableIRQ
                0x0000000008002b74       0x3c ./Drivers/STM32L4xx_HAL_Driver/Src/stm32l4xx_hal_cortex.o
 .text.__NVIC_SetPriority
                0x0000000008002bb0       0x54 ./Drivers/STM32L4xx_HAL_Driver/Src/stm32l4xx_hal_cortex.o
 .text.NVIC_EncodePriority
                0x0000000008002c04       0x66 ./Drivers/STM32L4xx_HAL_Driver/Src/stm32l4xx_hal_cortex.o
 *fill*         0x0000000008002c6a        0x2 
 .text.SysTick_Config
                0x0000000008002c6c       0x44 ./Drivers/STM32L4xx_HAL_Driver/Src/stm32l4xx_hal_cortex.o
 .text.HAL_NVIC_SetPriorityGrouping
                0x0000000008002cb0       0x16 ./Drivers/STM32L4xx_HAL_Driver/Src/stm32l4xx_hal_cortex.o
                0x0000000008002cb0                HAL_NVIC_SetPriorityGrouping
 .text.HAL_NVIC_SetPriority
                0x0000000008002cc6       0x38 ./Drivers/STM32L4xx_HAL_Driver/Src/stm32l4xx_hal_cortex.o
                0x0000000008002cc6                HAL_NVIC_SetPriority
 .text.HAL_NVIC_EnableIRQ
                0x0000000008002cfe       0x1c ./Drivers/STM32L4xx_HAL_Driver/Src/stm32l4xx_hal_cortex.o
                0x0000000008002cfe                HAL_NVIC_EnableIRQ
 .text.HAL_SYSTICK_Config
                0x0000000008002d1a       0x18 ./Drivers/STM32L4xx_HAL_Driver/Src/stm32l4xx_hal_cortex.o
                0x0000000008002d1a                HAL_SYSTICK_Config
 *fill*         0x0000000008002d32        0x2 
 .text.HAL_DMA_Init
                0x0000000008002d34      0x170 ./Drivers/STM32L4xx_HAL_Driver/Src/stm32l4xx_hal_dma.o
                0x0000000008002d34                HAL_DMA_Init
 .text.HAL_DMA_Start_IT
                0x0000000008002ea4       0xc0 ./Drivers/STM32L4xx_HAL_Driver/Src/stm32l4xx_hal_dma.o
                0x0000000008002ea4                HAL_DMA_Start_IT
 .text.HAL_DMA_IRQHandler
                0x0000000008002f64      0x15e ./Drivers/STM32L4xx_HAL_Driver/Src/stm32l4xx_hal_dma.o
                0x0000000008002f64                HAL_DMA_IRQHandler
 .text.DMA_SetConfig
                0x00000000080030c2       0x60 ./Drivers/STM32L4xx_HAL_Driver/Src/stm32l4xx_hal_dma.o
 *fill*         0x0000000008003122        0x2 
 .text.HAL_GPIO_Init
                0x0000000008003124      0x2d4 ./Drivers/STM32L4xx_HAL_Driver/Src/stm32l4xx_hal_gpio.o
                0x0000000008003124                HAL_GPIO_Init
 .text.HAL_GPIO_WritePin
                0x00000000080033f8       0x30 ./Drivers/STM32L4xx_HAL_Driver/Src/stm32l4xx_hal_gpio.o
                0x00000000080033f8                HAL_GPIO_WritePin
 .text.HAL_PWR_EnableBkUpAccess
                0x0000000008003428       0x20 ./Drivers/STM32L4xx_HAL_Driver/Src/stm32l4xx_hal_pwr.o
                0x0000000008003428                HAL_PWR_EnableBkUpAccess
 .text.HAL_PWREx_GetVoltageRange
                0x0000000008003448       0x1c ./Drivers/STM32L4xx_HAL_Driver/Src/stm32l4xx_hal_pwr_ex.o
                0x0000000008003448                HAL_PWREx_GetVoltageRange
 .text.HAL_PWREx_ControlVoltageScaling
                0x0000000008003464       0xac ./Drivers/STM32L4xx_HAL_Driver/Src/stm32l4xx_hal_pwr_ex.o
                0x0000000008003464                HAL_PWREx_ControlVoltageScaling
 .text.HAL_RCC_OscConfig
                0x0000000008003510      0x840 ./Drivers/STM32L4xx_HAL_Driver/Src/stm32l4xx_hal_rcc.o
                0x0000000008003510                HAL_RCC_OscConfig
 .text.HAL_RCC_ClockConfig
                0x0000000008003d50      0x1c4 ./Drivers/STM32L4xx_HAL_Driver/Src/stm32l4xx_hal_rcc.o
                0x0000000008003d50                HAL_RCC_ClockConfig
 .text.HAL_RCC_GetSysClockFreq
                0x0000000008003f14      0x118 ./Drivers/STM32L4xx_HAL_Driver/Src/stm32l4xx_hal_rcc.o
                0x0000000008003f14                HAL_RCC_GetSysClockFreq
 .text.HAL_RCC_GetHCLKFreq
                0x000000000800402c       0x18 ./Drivers/STM32L4xx_HAL_Driver/Src/stm32l4xx_hal_rcc.o
                0x000000000800402c                HAL_RCC_GetHCLKFreq
 .text.HAL_RCC_GetPCLK1Freq
                0x0000000008004044       0x2c ./Drivers/STM32L4xx_HAL_Driver/Src/stm32l4xx_hal_rcc.o
                0x0000000008004044                HAL_RCC_GetPCLK1Freq
 .text.HAL_RCC_GetPCLK2Freq
                0x0000000008004070       0x2c ./Drivers/STM32L4xx_HAL_Driver/Src/stm32l4xx_hal_rcc.o
                0x0000000008004070                HAL_RCC_GetPCLK2Freq
 .text.RCC_SetFlashLatencyFromMSIRange
                0x000000000800409c       0xc0 ./Drivers/STM32L4xx_HAL_Driver/Src/stm32l4xx_hal_rcc.o
 .text.HAL_RCCEx_PeriphCLKConfig
                0x000000000800415c      0x3e8 ./Drivers/STM32L4xx_HAL_Driver/Src/stm32l4xx_hal_rcc_ex.o
                0x000000000800415c                HAL_RCCEx_PeriphCLKConfig
 .text.HAL_RCCEx_EnableMSIPLLMode
                0x0000000008004544       0x20 ./Drivers/STM32L4xx_HAL_Driver/Src/stm32l4xx_hal_rcc_ex.o
                0x0000000008004544                HAL_RCCEx_EnableMSIPLLMode
 .text.RCCEx_PLLSAI1_Config
                0x0000000008004564      0x1e4 ./Drivers/STM32L4xx_HAL_Driver/Src/stm32l4xx_hal_rcc_ex.o
 .text.HAL_TIM_Base_Init
                0x0000000008004748       0xae ./Drivers/STM32L4xx_HAL_Driver/Src/stm32l4xx_hal_tim.o
                0x0000000008004748                HAL_TIM_Base_Init
 .text.HAL_TIM_PWM_Init
                0x00000000080047f6       0xae ./Drivers/STM32L4xx_HAL_Driver/Src/stm32l4xx_hal_tim.o
                0x00000000080047f6                HAL_TIM_PWM_Init
 .text.HAL_TIM_PWM_MspInit
                0x00000000080048a4       0x14 ./Drivers/STM32L4xx_HAL_Driver/Src/stm32l4xx_hal_tim.o
                0x00000000080048a4                HAL_TIM_PWM_MspInit
 .text.HAL_TIM_PWM_ConfigChannel
                0x00000000080048b8      0x220 ./Drivers/STM32L4xx_HAL_Driver/Src/stm32l4xx_hal_tim.o
                0x00000000080048b8                HAL_TIM_PWM_ConfigChannel
 .text.HAL_TIM_ConfigClockSource
                0x0000000008004ad8      0x18c ./Drivers/STM32L4xx_HAL_Driver/Src/stm32l4xx_hal_tim.o
                0x0000000008004ad8                HAL_TIM_ConfigClockSource
 .text.TIM_Base_SetConfig
                0x0000000008004c64       0xc8 ./Drivers/STM32L4xx_HAL_Driver/Src/stm32l4xx_hal_tim.o
                0x0000000008004c64                TIM_Base_SetConfig
 .text.TIM_OC1_SetConfig
                0x0000000008004d2c       0xf8 ./Drivers/STM32L4xx_HAL_Driver/Src/stm32l4xx_hal_tim.o
 .text.TIM_OC2_SetConfig
                0x0000000008004e24       0xf4 ./Drivers/STM32L4xx_HAL_Driver/Src/stm32l4xx_hal_tim.o
                0x0000000008004e24                TIM_OC2_SetConfig
 .text.TIM_OC3_SetConfig
                0x0000000008004f18       0xf0 ./Drivers/STM32L4xx_HAL_Driver/Src/stm32l4xx_hal_tim.o
 .text.TIM_OC4_SetConfig
                0x0000000008005008       0xbc ./Drivers/STM32L4xx_HAL_Driver/Src/stm32l4xx_hal_tim.o
 .text.TIM_OC5_SetConfig
                0x00000000080050c4       0xb0 ./Drivers/STM32L4xx_HAL_Driver/Src/stm32l4xx_hal_tim.o
 .text.TIM_OC6_SetConfig
                0x0000000008005174       0xb4 ./Drivers/STM32L4xx_HAL_Driver/Src/stm32l4xx_hal_tim.o
 .text.TIM_TI1_ConfigInputStage
                0x0000000008005228       0x5e ./Drivers/STM32L4xx_HAL_Driver/Src/stm32l4xx_hal_tim.o
 .text.TIM_TI2_ConfigInputStage
                0x0000000008005286       0x60 ./Drivers/STM32L4xx_HAL_Driver/Src/stm32l4xx_hal_tim.o
 .text.TIM_ITRx_SetConfig
                0x00000000080052e6       0x36 ./Drivers/STM32L4xx_HAL_Driver/Src/stm32l4xx_hal_tim.o
 .text.TIM_ETR_SetConfig
                0x000000000800531c       0x40 ./Drivers/STM32L4xx_HAL_Driver/Src/stm32l4xx_hal_tim.o
                0x000000000800531c                TIM_ETR_SetConfig
 .text.HAL_TIMEx_PWMN_Start
                0x000000000800535c      0x13c ./Drivers/STM32L4xx_HAL_Driver/Src/stm32l4xx_hal_tim_ex.o
                0x000000000800535c                HAL_TIMEx_PWMN_Start
 .text.HAL_TIMEx_MasterConfigSynchronization
                0x0000000008005498       0xcc ./Drivers/STM32L4xx_HAL_Driver/Src/stm32l4xx_hal_tim_ex.o
                0x0000000008005498                HAL_TIMEx_MasterConfigSynchronization
 .text.HAL_TIMEx_ConfigBreakDeadTime
                0x0000000008005564       0xf0 ./Drivers/STM32L4xx_HAL_Driver/Src/stm32l4xx_hal_tim_ex.o
                0x0000000008005564                HAL_TIMEx_ConfigBreakDeadTime
 .text.TIM_CCxNChannelCmd
                0x0000000008005654       0x4a ./Drivers/STM32L4xx_HAL_Driver/Src/stm32l4xx_hal_tim_ex.o
 .text.HAL_UART_Init
                0x000000000800569e       0x9c ./Drivers/STM32L4xx_HAL_Driver/Src/stm32l4xx_hal_uart.o
                0x000000000800569e                HAL_UART_Init
 .text.HAL_UART_Transmit
                0x000000000800573a      0x128 ./Drivers/STM32L4xx_HAL_Driver/Src/stm32l4xx_hal_uart.o
                0x000000000800573a                HAL_UART_Transmit
 *fill*         0x0000000008005862        0x2 
 .text.UART_SetConfig
                0x0000000008005864      0x418 ./Drivers/STM32L4xx_HAL_Driver/Src/stm32l4xx_hal_uart.o
                0x0000000008005864                UART_SetConfig
 .text.UART_AdvFeatureConfig
                0x0000000008005c7c      0x144 ./Drivers/STM32L4xx_HAL_Driver/Src/stm32l4xx_hal_uart.o
                0x0000000008005c7c                UART_AdvFeatureConfig
 .text.UART_CheckIdleState
                0x0000000008005dc0       0x92 ./Drivers/STM32L4xx_HAL_Driver/Src/stm32l4xx_hal_uart.o
                0x0000000008005dc0                UART_CheckIdleState
 .text.UART_WaitOnFlagUntilTimeout
                0x0000000008005e52       0xf8 ./Drivers/STM32L4xx_HAL_Driver/Src/stm32l4xx_hal_uart.o
                0x0000000008005e52                UART_WaitOnFlagUntilTimeout
 *fill*         0x0000000008005f4a        0x2 
 .text.__errno  0x0000000008005f4c        0xc c:/program files/stm32cubeide_1.7.0/stm32cubeide/plugins/com.st.stm32cube.ide.mcu.externaltools.gnu-tools-for-stm32.9-2020-q2-update.win32_2.0.0.202105311346/tools/bin/../lib/gcc/arm-none-eabi/9.3.1/../../../../arm-none-eabi/lib/thumb/v7e-m+fp/hard\libc_nano.a(lib_a-errno.o)
                0x0000000008005f4c                __errno
 .text.__libc_init_array
                0x0000000008005f58       0x48 c:/program files/stm32cubeide_1.7.0/stm32cubeide/plugins/com.st.stm32cube.ide.mcu.externaltools.gnu-tools-for-stm32.9-2020-q2-update.win32_2.0.0.202105311346/tools/bin/../lib/gcc/arm-none-eabi/9.3.1/../../../../arm-none-eabi/lib/thumb/v7e-m+fp/hard\libc_nano.a(lib_a-init.o)
                0x0000000008005f58                __libc_init_array
 .text.memset   0x0000000008005fa0       0x10 c:/program files/stm32cubeide_1.7.0/stm32cubeide/plugins/com.st.stm32cube.ide.mcu.externaltools.gnu-tools-for-stm32.9-2020-q2-update.win32_2.0.0.202105311346/tools/bin/../lib/gcc/arm-none-eabi/9.3.1/../../../../arm-none-eabi/lib/thumb/v7e-m+fp/hard\libc_nano.a(lib_a-memset.o)
                0x0000000008005fa0                memset
 .text.sprintf  0x0000000008005fb0       0x40 c:/program files/stm32cubeide_1.7.0/stm32cubeide/plugins/com.st.stm32cube.ide.mcu.externaltools.gnu-tools-for-stm32.9-2020-q2-update.win32_2.0.0.202105311346/tools/bin/../lib/gcc/arm-none-eabi/9.3.1/../../../../arm-none-eabi/lib/thumb/v7e-m+fp/hard\libc_nano.a(lib_a-sprintf.o)
                0x0000000008005fb0                siprintf
                0x0000000008005fb0                sprintf
 .text.__ssputs_r
                0x0000000008005ff0       0xb6 c:/program files/stm32cubeide_1.7.0/stm32cubeide/plugins/com.st.stm32cube.ide.mcu.externaltools.gnu-tools-for-stm32.9-2020-q2-update.win32_2.0.0.202105311346/tools/bin/../lib/gcc/arm-none-eabi/9.3.1/../../../../arm-none-eabi/lib/thumb/v7e-m+fp/hard\libc_nano.a(lib_a-nano-svfprintf.o)
                0x0000000008005ff0                __ssputs_r
 *fill*         0x00000000080060a6        0x2 
 .text._svfprintf_r
                0x00000000080060a8      0x200 c:/program files/stm32cubeide_1.7.0/stm32cubeide/plugins/com.st.stm32cube.ide.mcu.externaltools.gnu-tools-for-stm32.9-2020-q2-update.win32_2.0.0.202105311346/tools/bin/../lib/gcc/arm-none-eabi/9.3.1/../../../../arm-none-eabi/lib/thumb/v7e-m+fp/hard\libc_nano.a(lib_a-nano-svfprintf.o)
                0x00000000080060a8                _svfiprintf_r
                0x00000000080060a8                _svfprintf_r
 .text._printf_common
                0x00000000080062a8       0xda c:/program files/stm32cubeide_1.7.0/stm32cubeide/plugins/com.st.stm32cube.ide.mcu.externaltools.gnu-tools-for-stm32.9-2020-q2-update.win32_2.0.0.202105311346/tools/bin/../lib/gcc/arm-none-eabi/9.3.1/../../../../arm-none-eabi/lib/thumb/v7e-m+fp/hard\libc_nano.a(lib_a-nano-vfprintf_i.o)
                0x00000000080062a8                _printf_common
 *fill*         0x0000000008006382        0x2 
 .text._printf_i
                0x0000000008006384      0x24c c:/program files/stm32cubeide_1.7.0/stm32cubeide/plugins/com.st.stm32cube.ide.mcu.externaltools.gnu-tools-for-stm32.9-2020-q2-update.win32_2.0.0.202105311346/tools/bin/../lib/gcc/arm-none-eabi/9.3.1/../../../../arm-none-eabi/lib/thumb/v7e-m+fp/hard\libc_nano.a(lib_a-nano-vfprintf_i.o)
                0x0000000008006384                _printf_i
 .text.memcpy   0x00000000080065d0       0x1c c:/program files/stm32cubeide_1.7.0/stm32cubeide/plugins/com.st.stm32cube.ide.mcu.externaltools.gnu-tools-for-stm32.9-2020-q2-update.win32_2.0.0.202105311346/tools/bin/../lib/gcc/arm-none-eabi/9.3.1/../../../../arm-none-eabi/lib/thumb/v7e-m+fp/hard\libc_nano.a(lib_a-memcpy-stub.o)
                0x00000000080065d0                memcpy
 .text.memmove  0x00000000080065ec       0x34 c:/program files/stm32cubeide_1.7.0/stm32cubeide/plugins/com.st.stm32cube.ide.mcu.externaltools.gnu-tools-for-stm32.9-2020-q2-update.win32_2.0.0.202105311346/tools/bin/../lib/gcc/arm-none-eabi/9.3.1/../../../../arm-none-eabi/lib/thumb/v7e-m+fp/hard\libc_nano.a(lib_a-memmove.o)
                0x00000000080065ec                memmove
 .text._free_r  0x0000000008006620       0xa0 c:/program files/stm32cubeide_1.7.0/stm32cubeide/plugins/com.st.stm32cube.ide.mcu.externaltools.gnu-tools-for-stm32.9-2020-q2-update.win32_2.0.0.202105311346/tools/bin/../lib/gcc/arm-none-eabi/9.3.1/../../../../arm-none-eabi/lib/thumb/v7e-m+fp/hard\libc_nano.a(lib_a-nano-freer.o)
                0x0000000008006620                _free_r
 .text._malloc_r
                0x00000000080066c0       0xb4 c:/program files/stm32cubeide_1.7.0/stm32cubeide/plugins/com.st.stm32cube.ide.mcu.externaltools.gnu-tools-for-stm32.9-2020-q2-update.win32_2.0.0.202105311346/tools/bin/../lib/gcc/arm-none-eabi/9.3.1/../../../../arm-none-eabi/lib/thumb/v7e-m+fp/hard\libc_nano.a(lib_a-nano-mallocr.o)
                0x00000000080066c0                _malloc_r
 .text._realloc_r
                0x0000000008006774       0x4c c:/program files/stm32cubeide_1.7.0/stm32cubeide/plugins/com.st.stm32cube.ide.mcu.externaltools.gnu-tools-for-stm32.9-2020-q2-update.win32_2.0.0.202105311346/tools/bin/../lib/gcc/arm-none-eabi/9.3.1/../../../../arm-none-eabi/lib/thumb/v7e-m+fp/hard\libc_nano.a(lib_a-nano-reallocr.o)
                0x0000000008006774                _realloc_r
 .text._sbrk_r  0x00000000080067c0       0x20 c:/program files/stm32cubeide_1.7.0/stm32cubeide/plugins/com.st.stm32cube.ide.mcu.externaltools.gnu-tools-for-stm32.9-2020-q2-update.win32_2.0.0.202105311346/tools/bin/../lib/gcc/arm-none-eabi/9.3.1/../../../../arm-none-eabi/lib/thumb/v7e-m+fp/hard\libc_nano.a(lib_a-sbrkr.o)
                0x00000000080067c0                _sbrk_r
 .text.__malloc_lock
                0x00000000080067e0        0xc c:/program files/stm32cubeide_1.7.0/stm32cubeide/plugins/com.st.stm32cube.ide.mcu.externaltools.gnu-tools-for-stm32.9-2020-q2-update.win32_2.0.0.202105311346/tools/bin/../lib/gcc/arm-none-eabi/9.3.1/../../../../arm-none-eabi/lib/thumb/v7e-m+fp/hard\libc_nano.a(lib_a-mlock.o)
                0x00000000080067e0                __malloc_lock
 .text.__malloc_unlock
                0x00000000080067ec        0xc c:/program files/stm32cubeide_1.7.0/stm32cubeide/plugins/com.st.stm32cube.ide.mcu.externaltools.gnu-tools-for-stm32.9-2020-q2-update.win32_2.0.0.202105311346/tools/bin/../lib/gcc/arm-none-eabi/9.3.1/../../../../arm-none-eabi/lib/thumb/v7e-m+fp/hard\libc_nano.a(lib_a-mlock.o)
                0x00000000080067ec                __malloc_unlock
 .text._malloc_usable_size_r
                0x00000000080067f8       0x10 c:/program files/stm32cubeide_1.7.0/stm32cubeide/plugins/com.st.stm32cube.ide.mcu.externaltools.gnu-tools-for-stm32.9-2020-q2-update.win32_2.0.0.202105311346/tools/bin/../lib/gcc/arm-none-eabi/9.3.1/../../../../arm-none-eabi/lib/thumb/v7e-m+fp/hard\libc_nano.a(lib_a-nano-msizer.o)
                0x00000000080067f8                _malloc_usable_size_r
 .text.__retarget_lock_acquire_recursive
                0x0000000008006808        0x2 c:/program files/stm32cubeide_1.7.0/stm32cubeide/plugins/com.st.stm32cube.ide.mcu.externaltools.gnu-tools-for-stm32.9-2020-q2-update.win32_2.0.0.202105311346/tools/bin/../lib/gcc/arm-none-eabi/9.3.1/../../../../arm-none-eabi/lib/thumb/v7e-m+fp/hard\libc_nano.a(lib_a-lock.o)
                0x0000000008006808                __retarget_lock_acquire_recursive
 .text.__retarget_lock_release_recursive
                0x000000000800680a        0x2 c:/program files/stm32cubeide_1.7.0/stm32cubeide/plugins/com.st.stm32cube.ide.mcu.externaltools.gnu-tools-for-stm32.9-2020-q2-update.win32_2.0.0.202105311346/tools/bin/../lib/gcc/arm-none-eabi/9.3.1/../../../../arm-none-eabi/lib/thumb/v7e-m+fp/hard\libc_nano.a(lib_a-lock.o)
                0x000000000800680a                __retarget_lock_release_recursive
 *(.glue_7)
 .glue_7        0x000000000800680c        0x0 linker stubs
 *(.glue_7t)
 .glue_7t       0x000000000800680c        0x0 linker stubs
 *(.eh_frame)
 .eh_frame      0x000000000800680c        0x0 c:/program files/stm32cubeide_1.7.0/stm32cubeide/plugins/com.st.stm32cube.ide.mcu.externaltools.gnu-tools-for-stm32.9-2020-q2-update.win32_2.0.0.202105311346/tools/bin/../lib/gcc/arm-none-eabi/9.3.1/thumb/v7e-m+fp/hard/crtbegin.o
 *(.init)
 .init          0x000000000800680c        0x4 c:/program files/stm32cubeide_1.7.0/stm32cubeide/plugins/com.st.stm32cube.ide.mcu.externaltools.gnu-tools-for-stm32.9-2020-q2-update.win32_2.0.0.202105311346/tools/bin/../lib/gcc/arm-none-eabi/9.3.1/thumb/v7e-m+fp/hard/crti.o
                0x000000000800680c                _init
 .init          0x0000000008006810        0x8 c:/program files/stm32cubeide_1.7.0/stm32cubeide/plugins/com.st.stm32cube.ide.mcu.externaltools.gnu-tools-for-stm32.9-2020-q2-update.win32_2.0.0.202105311346/tools/bin/../lib/gcc/arm-none-eabi/9.3.1/thumb/v7e-m+fp/hard/crtn.o
 *(.fini)
 .fini          0x0000000008006818        0x4 c:/program files/stm32cubeide_1.7.0/stm32cubeide/plugins/com.st.stm32cube.ide.mcu.externaltools.gnu-tools-for-stm32.9-2020-q2-update.win32_2.0.0.202105311346/tools/bin/../lib/gcc/arm-none-eabi/9.3.1/thumb/v7e-m+fp/hard/crti.o
                0x0000000008006818                _fini
 .fini          0x000000000800681c        0x8 c:/program files/stm32cubeide_1.7.0/stm32cubeide/plugins/com.st.stm32cube.ide.mcu.externaltools.gnu-tools-for-stm32.9-2020-q2-update.win32_2.0.0.202105311346/tools/bin/../lib/gcc/arm-none-eabi/9.3.1/thumb/v7e-m+fp/hard/crtn.o
                0x0000000008006824                . = ALIGN (0x4)
                0x0000000008006824                _etext = .

.vfp11_veneer   0x0000000008006824        0x0
 .vfp11_veneer  0x0000000008006824        0x0 linker stubs

.v4_bx          0x0000000008006824        0x0
 .v4_bx         0x0000000008006824        0x0 linker stubs

.iplt           0x0000000008006824        0x0
 .iplt          0x0000000008006824        0x0 c:/program files/stm32cubeide_1.7.0/stm32cubeide/plugins/com.st.stm32cube.ide.mcu.externaltools.gnu-tools-for-stm32.9-2020-q2-update.win32_2.0.0.202105311346/tools/bin/../lib/gcc/arm-none-eabi/9.3.1/thumb/v7e-m+fp/hard/crtbegin.o

.rodata         0x0000000008006824       0x94
                0x0000000008006824                . = ALIGN (0x4)
 *(.rodata)
 .rodata        0x0000000008006824       0x18 ./Core/Src/sensors.o
 *(.rodata*)
 .rodata.AHBPrescTable
                0x000000000800683c       0x10 ./Core/Src/system_stm32l4xx.o
                0x000000000800683c                AHBPrescTable
 .rodata.APBPrescTable
                0x000000000800684c        0x8 ./Core/Src/system_stm32l4xx.o
                0x000000000800684c                APBPrescTable
 .rodata.MSIRangeTable
                0x0000000008006854       0x30 ./Core/Src/system_stm32l4xx.o
                0x0000000008006854                MSIRangeTable
 .rodata._svfprintf_r.str1.1
                0x0000000008006884       0x11 c:/program files/stm32cubeide_1.7.0/stm32cubeide/plugins/com.st.stm32cube.ide.mcu.externaltools.gnu-tools-for-stm32.9-2020-q2-update.win32_2.0.0.202105311346/tools/bin/../lib/gcc/arm-none-eabi/9.3.1/../../../../arm-none-eabi/lib/thumb/v7e-m+fp/hard\libc_nano.a(lib_a-nano-svfprintf.o)
 .rodata._printf_i.str1.1
                0x0000000008006895       0x22 c:/program files/stm32cubeide_1.7.0/stm32cubeide/plugins/com.st.stm32cube.ide.mcu.externaltools.gnu-tools-for-stm32.9-2020-q2-update.win32_2.0.0.202105311346/tools/bin/../lib/gcc/arm-none-eabi/9.3.1/../../../../arm-none-eabi/lib/thumb/v7e-m+fp/hard\libc_nano.a(lib_a-nano-vfprintf_i.o)
                0x00000000080068b8                . = ALIGN (0x4)
 *fill*         0x00000000080068b7        0x1 

.ARM.extab      0x00000000080068b8        0x0
                0x00000000080068b8                . = ALIGN (0x4)
 *(.ARM.extab* .gnu.linkonce.armextab.*)
                0x00000000080068b8                . = ALIGN (0x4)

.ARM            0x00000000080068b8        0x8
                0x00000000080068b8                . = ALIGN (0x4)
                0x00000000080068b8                __exidx_start = .
 *(.ARM.exidx*)
 .ARM.exidx     0x00000000080068b8        0x8 c:/program files/stm32cubeide_1.7.0/stm32cubeide/plugins/com.st.stm32cube.ide.mcu.externaltools.gnu-tools-for-stm32.9-2020-q2-update.win32_2.0.0.202105311346/tools/bin/../lib/gcc/arm-none-eabi/9.3.1/thumb/v7e-m+fp/hard\libgcc.a(_udivmoddi4.o)
                0x00000000080068c0                __exidx_end = .
                0x00000000080068c0                . = ALIGN (0x4)

.rel.dyn        0x00000000080068c0        0x0
 .rel.iplt      0x00000000080068c0        0x0 c:/program files/stm32cubeide_1.7.0/stm32cubeide/plugins/com.st.stm32cube.ide.mcu.externaltools.gnu-tools-for-stm32.9-2020-q2-update.win32_2.0.0.202105311346/tools/bin/../lib/gcc/arm-none-eabi/9.3.1/thumb/v7e-m+fp/hard/crtbegin.o

.preinit_array  0x00000000080068c0        0x0
                0x00000000080068c0                . = ALIGN (0x4)
                0x00000000080068c0                PROVIDE (__preinit_array_start = .)
 *(.preinit_array*)
                0x00000000080068c0                PROVIDE (__preinit_array_end = .)
                0x00000000080068c0                . = ALIGN (0x4)

.init_array     0x00000000080068c0        0x4
                0x00000000080068c0                . = ALIGN (0x4)
                0x00000000080068c0                PROVIDE (__init_array_start = .)
 *(SORT_BY_NAME(.init_array.*))
 *(.init_array*)
 .init_array    0x00000000080068c0        0x4 c:/program files/stm32cubeide_1.7.0/stm32cubeide/plugins/com.st.stm32cube.ide.mcu.externaltools.gnu-tools-for-stm32.9-2020-q2-update.win32_2.0.0.202105311346/tools/bin/../lib/gcc/arm-none-eabi/9.3.1/thumb/v7e-m+fp/hard/crtbegin.o
                0x00000000080068c4                PROVIDE (__init_array_end = .)
                0x00000000080068c4                . = ALIGN (0x4)

.fini_array     0x00000000080068c4        0x4
                0x00000000080068c4                . = ALIGN (0x4)
                [!provide]                        PROVIDE (__fini_array_start = .)
 *(SORT_BY_NAME(.fini_array.*))
 *(.fini_array*)
 .fini_array    0x00000000080068c4        0x4 c:/program files/stm32cubeide_1.7.0/stm32cubeide/plugins/com.st.stm32cube.ide.mcu.externaltools.gnu-tools-for-stm32.9-2020-q2-update.win32_2.0.0.202105311346/tools/bin/../lib/gcc/arm-none-eabi/9.3.1/thumb/v7e-m+fp/hard/crtbegin.o
                [!provide]                        PROVIDE (__fini_array_end = .)
                0x00000000080068c8                . = ALIGN (0x4)
                0x00000000080068c8                _sidata = LOADADDR (.data)

.data           0x0000000020000000       0x74 load address 0x00000000080068c8
                0x0000000020000000                . = ALIGN (0x4)
                0x0000000020000000                _sdata = .
 *(.data)
 *(.data*)
 .data.driving  0x0000000020000000        0x1 ./Core/Src/motor.o
                0x0000000020000000                driving
 *fill*         0x0000000020000001        0x3 
 .data.SystemCoreClock
                0x0000000020000004        0x4 ./Core/Src/system_stm32l4xx.o
                0x0000000020000004                SystemCoreClock
 .data.uwTickPrio
                0x0000000020000008        0x4 ./Drivers/STM32L4xx_HAL_Driver/Src/stm32l4xx_hal.o
                0x0000000020000008                uwTickPrio
 .data.uwTickFreq
                0x000000002000000c        0x1 ./Drivers/STM32L4xx_HAL_Driver/Src/stm32l4xx_hal.o
                0x000000002000000c                uwTickFreq
 *fill*         0x000000002000000d        0x3 
 .data._impure_ptr
                0x0000000020000010        0x4 c:/program files/stm32cubeide_1.7.0/stm32cubeide/plugins/com.st.stm32cube.ide.mcu.externaltools.gnu-tools-for-stm32.9-2020-q2-update.win32_2.0.0.202105311346/tools/bin/../lib/gcc/arm-none-eabi/9.3.1/../../../../arm-none-eabi/lib/thumb/v7e-m+fp/hard\libc_nano.a(lib_a-impure.o)
                0x0000000020000010                _impure_ptr
 .data.impure_data
                0x0000000020000014       0x60 c:/program files/stm32cubeide_1.7.0/stm32cubeide/plugins/com.st.stm32cube.ide.mcu.externaltools.gnu-tools-for-stm32.9-2020-q2-update.win32_2.0.0.202105311346/tools/bin/../lib/gcc/arm-none-eabi/9.3.1/../../../../arm-none-eabi/lib/thumb/v7e-m+fp/hard\libc_nano.a(lib_a-impure.o)
 *(.RamFunc)
 *(.RamFunc*)
                0x0000000020000074                . = ALIGN (0x4)
                0x0000000020000074                _edata = .

.igot.plt       0x0000000020000074        0x0 load address 0x000000000800693c
 .igot.plt      0x0000000020000074        0x0 c:/program files/stm32cubeide_1.7.0/stm32cubeide/plugins/com.st.stm32cube.ide.mcu.externaltools.gnu-tools-for-stm32.9-2020-q2-update.win32_2.0.0.202105311346/tools/bin/../lib/gcc/arm-none-eabi/9.3.1/thumb/v7e-m+fp/hard/crtbegin.o
                0x0000000020000074                . = ALIGN (0x4)

.bss            0x0000000020000074      0x20c load address 0x000000000800693c
                0x0000000020000074                _sbss = .
                0x0000000020000074                __bss_start__ = _sbss
 *(.bss)
 .bss           0x0000000020000074       0x1c c:/program files/stm32cubeide_1.7.0/stm32cubeide/plugins/com.st.stm32cube.ide.mcu.externaltools.gnu-tools-for-stm32.9-2020-q2-update.win32_2.0.0.202105311346/tools/bin/../lib/gcc/arm-none-eabi/9.3.1/thumb/v7e-m+fp/hard/crtbegin.o
 *(.bss*)
 .bss.ticksLeft
                0x0000000020000090        0x4 ./Core/Src/sensors.o
                0x0000000020000090                ticksLeft
 .bss.ticksRight
                0x0000000020000094        0x4 ./Core/Src/sensors.o
                0x0000000020000094                ticksRight
 .bss.__sbrk_heap_end
                0x0000000020000098        0x4 ./Core/Src/sysmem.o
 .bss.ledState  0x000000002000009c        0x1 ./Core/Src/tasks.o
                0x000000002000009c                ledState
 *fill*         0x000000002000009d        0x3 
 .bss.ledPersistent
                0x00000000200000a0        0x4 ./Core/Src/tasks.o
                0x00000000200000a0                ledPersistent
 .bss.__malloc_free_list
                0x00000000200000a4        0x4 c:/program files/stm32cubeide_1.7.0/stm32cubeide/plugins/com.st.stm32cube.ide.mcu.externaltools.gnu-tools-for-stm32.9-2020-q2-update.win32_2.0.0.202105311346/tools/bin/../lib/gcc/arm-none-eabi/9.3.1/../../../../arm-none-eabi/lib/thumb/v7e-m+fp/hard\libc_nano.a(lib_a-nano-mallocr.o)
                0x00000000200000a4                __malloc_free_list
 .bss.__malloc_sbrk_start
                0x00000000200000a8        0x4 c:/program files/stm32cubeide_1.7.0/stm32cubeide/plugins/com.st.stm32cube.ide.mcu.externaltools.gnu-tools-for-stm32.9-2020-q2-update.win32_2.0.0.202105311346/tools/bin/../lib/gcc/arm-none-eabi/9.3.1/../../../../arm-none-eabi/lib/thumb/v7e-m+fp/hard\libc_nano.a(lib_a-nano-mallocr.o)
                0x00000000200000a8                __malloc_sbrk_start
 *(COMMON)
 COMMON         0x00000000200000ac       0xac ./Core/Src/adc.o
                0x00000000200000ac                hadc1
                0x0000000020000110                hdma_adc1
 COMMON         0x0000000020000158       0x30 ./Core/Src/main.o
                0x0000000020000158                buffer
                0x0000000020000170                adc
 COMMON         0x0000000020000188       0x10 ./Core/Src/motor.o
                0x0000000020000188                percentageDeviation
                0x000000002000018c                currentSpeedRight
                0x0000000020000190                deviation
                0x0000000020000194                currentSpeedLeft
 COMMON         0x0000000020000198        0x2 ./Core/Src/sensors.o
                0x0000000020000198                encoderStatusLeft
                0x0000000020000199                encoderStatusRight
 *fill*         0x000000002000019a        0x2 
 COMMON         0x000000002000019c       0x4c ./Core/Src/tim.o
                0x000000002000019c                htim1
 COMMON         0x00000000200001e8       0x84 ./Core/Src/usart.o
                0x00000000200001e8                huart2
 COMMON         0x000000002000026c        0x4 ./Drivers/STM32L4xx_HAL_Driver/Src/stm32l4xx_hal.o
                0x000000002000026c                uwTick
 COMMON         0x0000000020000270        0x4 c:/program files/stm32cubeide_1.7.0/stm32cubeide/plugins/com.st.stm32cube.ide.mcu.externaltools.gnu-tools-for-stm32.9-2020-q2-update.win32_2.0.0.202105311346/tools/bin/../lib/gcc/arm-none-eabi/9.3.1/../../../../arm-none-eabi/lib/thumb/v7e-m+fp/hard\libc_nano.a(lib_a-reent.o)
                0x0000000020000270                errno
 COMMON         0x0000000020000274        0x9 c:/program files/stm32cubeide_1.7.0/stm32cubeide/plugins/com.st.stm32cube.ide.mcu.externaltools.gnu-tools-for-stm32.9-2020-q2-update.win32_2.0.0.202105311346/tools/bin/../lib/gcc/arm-none-eabi/9.3.1/../../../../arm-none-eabi/lib/thumb/v7e-m+fp/hard\libc_nano.a(lib_a-lock.o)
                0x0000000020000274                __lock___atexit_recursive_mutex
                0x0000000020000275                __lock___arc4random_mutex
                0x0000000020000276                __lock___env_recursive_mutex
                0x0000000020000277                __lock___sinit_recursive_mutex
                0x0000000020000278                __lock___malloc_recursive_mutex
                0x0000000020000279                __lock___at_quick_exit_mutex
                0x000000002000027a                __lock___dd_hash_mutex
                0x000000002000027b                __lock___tz_mutex
                0x000000002000027c                __lock___sfp_recursive_mutex
                0x0000000020000280                . = ALIGN (0x4)
 *fill*         0x000000002000027d        0x3 
                0x0000000020000280                _ebss = .
                0x0000000020000280                __bss_end__ = _ebss

._user_heap_stack
                0x0000000020000280      0x600 load address 0x000000000800693c
                0x0000000020000280                . = ALIGN (0x8)
                [!provide]                        PROVIDE (end = .)
                0x0000000020000280                PROVIDE (_end = .)
                0x0000000020000480                . = (. + _Min_Heap_Size)
 *fill*         0x0000000020000280      0x200 
                0x0000000020000880                . = (. + _Min_Stack_Size)
 *fill*         0x0000000020000480      0x400 
                0x0000000020000880                . = ALIGN (0x8)

/DISCARD/
 libc.a(*)
 libm.a(*)
 libgcc.a(*)

.ARM.attributes
                0x0000000000000000       0x30
 *(.ARM.attributes)
 .ARM.attributes
                0x0000000000000000       0x1e c:/program files/stm32cubeide_1.7.0/stm32cubeide/plugins/com.st.stm32cube.ide.mcu.externaltools.gnu-tools-for-stm32.9-2020-q2-update.win32_2.0.0.202105311346/tools/bin/../lib/gcc/arm-none-eabi/9.3.1/thumb/v7e-m+fp/hard/crti.o
 .ARM.attributes
                0x000000000000001e       0x34 c:/program files/stm32cubeide_1.7.0/stm32cubeide/plugins/com.st.stm32cube.ide.mcu.externaltools.gnu-tools-for-stm32.9-2020-q2-update.win32_2.0.0.202105311346/tools/bin/../lib/gcc/arm-none-eabi/9.3.1/thumb/v7e-m+fp/hard/crtbegin.o
 .ARM.attributes
                0x0000000000000052       0x34 ./Core/Src/adc.o
 .ARM.attributes
                0x0000000000000086       0x34 ./Core/Src/dma.o
 .ARM.attributes
                0x00000000000000ba       0x34 ./Core/Src/gpio.o
 .ARM.attributes
                0x00000000000000ee       0x34 ./Core/Src/main.o
 .ARM.attributes
                0x0000000000000122       0x34 ./Core/Src/motor.o
 .ARM.attributes
                0x0000000000000156       0x34 ./Core/Src/sensors.o
 .ARM.attributes
                0x000000000000018a       0x34 ./Core/Src/stm32l4xx_hal_msp.o
 .ARM.attributes
                0x00000000000001be       0x34 ./Core/Src/stm32l4xx_it.o
 .ARM.attributes
                0x00000000000001f2       0x34 ./Core/Src/sysmem.o
 .ARM.attributes
                0x0000000000000226       0x34 ./Core/Src/system_stm32l4xx.o
 .ARM.attributes
                0x000000000000025a       0x34 ./Core/Src/tasks.o
 .ARM.attributes
                0x000000000000028e       0x34 ./Core/Src/tim.o
 .ARM.attributes
                0x00000000000002c2       0x34 ./Core/Src/usart.o
 .ARM.attributes
                0x00000000000002f6       0x21 ./Core/Startup/startup_stm32l432kcux.o
 .ARM.attributes
                0x0000000000000317       0x34 ./Drivers/STM32L4xx_HAL_Driver/Src/stm32l4xx_hal.o
 .ARM.attributes
                0x000000000000034b       0x34 ./Drivers/STM32L4xx_HAL_Driver/Src/stm32l4xx_hal_adc.o
 .ARM.attributes
                0x000000000000037f       0x34 ./Drivers/STM32L4xx_HAL_Driver/Src/stm32l4xx_hal_cortex.o
 .ARM.attributes
                0x00000000000003b3       0x34 ./Drivers/STM32L4xx_HAL_Driver/Src/stm32l4xx_hal_dma.o
 .ARM.attributes
                0x00000000000003e7       0x34 ./Drivers/STM32L4xx_HAL_Driver/Src/stm32l4xx_hal_gpio.o
 .ARM.attributes
                0x000000000000041b       0x34 ./Drivers/STM32L4xx_HAL_Driver/Src/stm32l4xx_hal_pwr.o
 .ARM.attributes
                0x000000000000044f       0x34 ./Drivers/STM32L4xx_HAL_Driver/Src/stm32l4xx_hal_pwr_ex.o
 .ARM.attributes
                0x0000000000000483       0x34 ./Drivers/STM32L4xx_HAL_Driver/Src/stm32l4xx_hal_rcc.o
 .ARM.attributes
                0x00000000000004b7       0x34 ./Drivers/STM32L4xx_HAL_Driver/Src/stm32l4xx_hal_rcc_ex.o
 .ARM.attributes
                0x00000000000004eb       0x34 ./Drivers/STM32L4xx_HAL_Driver/Src/stm32l4xx_hal_tim.o
 .ARM.attributes
                0x000000000000051f       0x34 ./Drivers/STM32L4xx_HAL_Driver/Src/stm32l4xx_hal_tim_ex.o
 .ARM.attributes
                0x0000000000000553       0x34 ./Drivers/STM32L4xx_HAL_Driver/Src/stm32l4xx_hal_uart.o
 .ARM.attributes
                0x0000000000000587       0x34 c:/program files/stm32cubeide_1.7.0/stm32cubeide/plugins/com.st.stm32cube.ide.mcu.externaltools.gnu-tools-for-stm32.9-2020-q2-update.win32_2.0.0.202105311346/tools/bin/../lib/gcc/arm-none-eabi/9.3.1/../../../../arm-none-eabi/lib/thumb/v7e-m+fp/hard\libc_nano.a(lib_a-errno.o)
 .ARM.attributes
                0x00000000000005bb       0x32 c:/program files/stm32cubeide_1.7.0/stm32cubeide/plugins/com.st.stm32cube.ide.mcu.externaltools.gnu-tools-for-stm32.9-2020-q2-update.win32_2.0.0.202105311346/tools/bin/../lib/gcc/arm-none-eabi/9.3.1/../../../../arm-none-eabi/lib/thumb/v7e-m+fp/hard\libc_nano.a(lib_a-impure.o)
 .ARM.attributes
                0x00000000000005ed       0x34 c:/program files/stm32cubeide_1.7.0/stm32cubeide/plugins/com.st.stm32cube.ide.mcu.externaltools.gnu-tools-for-stm32.9-2020-q2-update.win32_2.0.0.202105311346/tools/bin/../lib/gcc/arm-none-eabi/9.3.1/../../../../arm-none-eabi/lib/thumb/v7e-m+fp/hard\libc_nano.a(lib_a-init.o)
 .ARM.attributes
                0x0000000000000621       0x34 c:/program files/stm32cubeide_1.7.0/stm32cubeide/plugins/com.st.stm32cube.ide.mcu.externaltools.gnu-tools-for-stm32.9-2020-q2-update.win32_2.0.0.202105311346/tools/bin/../lib/gcc/arm-none-eabi/9.3.1/../../../../arm-none-eabi/lib/thumb/v7e-m+fp/hard\libc_nano.a(lib_a-memset.o)
 .ARM.attributes
                0x0000000000000655       0x34 c:/program files/stm32cubeide_1.7.0/stm32cubeide/plugins/com.st.stm32cube.ide.mcu.externaltools.gnu-tools-for-stm32.9-2020-q2-update.win32_2.0.0.202105311346/tools/bin/../lib/gcc/arm-none-eabi/9.3.1/../../../../arm-none-eabi/lib/thumb/v7e-m+fp/hard\libc_nano.a(lib_a-sprintf.o)
 .ARM.attributes
                0x0000000000000689       0x34 c:/program files/stm32cubeide_1.7.0/stm32cubeide/plugins/com.st.stm32cube.ide.mcu.externaltools.gnu-tools-for-stm32.9-2020-q2-update.win32_2.0.0.202105311346/tools/bin/../lib/gcc/arm-none-eabi/9.3.1/../../../../arm-none-eabi/lib/thumb/v7e-m+fp/hard\libc_nano.a(lib_a-nano-svfprintf.o)
 .ARM.attributes
                0x00000000000006bd       0x34 c:/program files/stm32cubeide_1.7.0/stm32cubeide/plugins/com.st.stm32cube.ide.mcu.externaltools.gnu-tools-for-stm32.9-2020-q2-update.win32_2.0.0.202105311346/tools/bin/../lib/gcc/arm-none-eabi/9.3.1/../../../../arm-none-eabi/lib/thumb/v7e-m+fp/hard\libc_nano.a(lib_a-nano-vfprintf_i.o)
 .ARM.attributes
                0x00000000000006f1       0x1c c:/program files/stm32cubeide_1.7.0/stm32cubeide/plugins/com.st.stm32cube.ide.mcu.externaltools.gnu-tools-for-stm32.9-2020-q2-update.win32_2.0.0.202105311346/tools/bin/../lib/gcc/arm-none-eabi/9.3.1/../../../../arm-none-eabi/lib/thumb/v7e-m+fp/hard\libc_nano.a(lib_a-memchr.o)
 .ARM.attributes
                0x000000000000070d       0x34 c:/program files/stm32cubeide_1.7.0/stm32cubeide/plugins/com.st.stm32cube.ide.mcu.externaltools.gnu-tools-for-stm32.9-2020-q2-update.win32_2.0.0.202105311346/tools/bin/../lib/gcc/arm-none-eabi/9.3.1/../../../../arm-none-eabi/lib/thumb/v7e-m+fp/hard\libc_nano.a(lib_a-memcpy-stub.o)
 .ARM.attributes
                0x0000000000000741       0x34 c:/program files/stm32cubeide_1.7.0/stm32cubeide/plugins/com.st.stm32cube.ide.mcu.externaltools.gnu-tools-for-stm32.9-2020-q2-update.win32_2.0.0.202105311346/tools/bin/../lib/gcc/arm-none-eabi/9.3.1/../../../../arm-none-eabi/lib/thumb/v7e-m+fp/hard\libc_nano.a(lib_a-memmove.o)
 .ARM.attributes
                0x0000000000000775       0x34 c:/program files/stm32cubeide_1.7.0/stm32cubeide/plugins/com.st.stm32cube.ide.mcu.externaltools.gnu-tools-for-stm32.9-2020-q2-update.win32_2.0.0.202105311346/tools/bin/../lib/gcc/arm-none-eabi/9.3.1/../../../../arm-none-eabi/lib/thumb/v7e-m+fp/hard\libc_nano.a(lib_a-nano-freer.o)
 .ARM.attributes
                0x00000000000007a9       0x34 c:/program files/stm32cubeide_1.7.0/stm32cubeide/plugins/com.st.stm32cube.ide.mcu.externaltools.gnu-tools-for-stm32.9-2020-q2-update.win32_2.0.0.202105311346/tools/bin/../lib/gcc/arm-none-eabi/9.3.1/../../../../arm-none-eabi/lib/thumb/v7e-m+fp/hard\libc_nano.a(lib_a-nano-mallocr.o)
 .ARM.attributes
                0x00000000000007dd       0x34 c:/program files/stm32cubeide_1.7.0/stm32cubeide/plugins/com.st.stm32cube.ide.mcu.externaltools.gnu-tools-for-stm32.9-2020-q2-update.win32_2.0.0.202105311346/tools/bin/../lib/gcc/arm-none-eabi/9.3.1/../../../../arm-none-eabi/lib/thumb/v7e-m+fp/hard\libc_nano.a(lib_a-nano-reallocr.o)
 .ARM.attributes
                0x0000000000000811       0x34 c:/program files/stm32cubeide_1.7.0/stm32cubeide/plugins/com.st.stm32cube.ide.mcu.externaltools.gnu-tools-for-stm32.9-2020-q2-update.win32_2.0.0.202105311346/tools/bin/../lib/gcc/arm-none-eabi/9.3.1/../../../../arm-none-eabi/lib/thumb/v7e-m+fp/hard\libc_nano.a(lib_a-sbrkr.o)
 .ARM.attributes
                0x0000000000000845       0x34 c:/program files/stm32cubeide_1.7.0/stm32cubeide/plugins/com.st.stm32cube.ide.mcu.externaltools.gnu-tools-for-stm32.9-2020-q2-update.win32_2.0.0.202105311346/tools/bin/../lib/gcc/arm-none-eabi/9.3.1/../../../../arm-none-eabi/lib/thumb/v7e-m+fp/hard\libc_nano.a(lib_a-mlock.o)
 .ARM.attributes
                0x0000000000000879       0x34 c:/program files/stm32cubeide_1.7.0/stm32cubeide/plugins/com.st.stm32cube.ide.mcu.externaltools.gnu-tools-for-stm32.9-2020-q2-update.win32_2.0.0.202105311346/tools/bin/../lib/gcc/arm-none-eabi/9.3.1/../../../../arm-none-eabi/lib/thumb/v7e-m+fp/hard\libc_nano.a(lib_a-nano-msizer.o)
 .ARM.attributes
                0x00000000000008ad       0x34 c:/program files/stm32cubeide_1.7.0/stm32cubeide/plugins/com.st.stm32cube.ide.mcu.externaltools.gnu-tools-for-stm32.9-2020-q2-update.win32_2.0.0.202105311346/tools/bin/../lib/gcc/arm-none-eabi/9.3.1/../../../../arm-none-eabi/lib/thumb/v7e-m+fp/hard\libc_nano.a(lib_a-reent.o)
 .ARM.attributes
                0x00000000000008e1       0x34 c:/program files/stm32cubeide_1.7.0/stm32cubeide/plugins/com.st.stm32cube.ide.mcu.externaltools.gnu-tools-for-stm32.9-2020-q2-update.win32_2.0.0.202105311346/tools/bin/../lib/gcc/arm-none-eabi/9.3.1/../../../../arm-none-eabi/lib/thumb/v7e-m+fp/hard\libc_nano.a(lib_a-lock.o)
 .ARM.attributes
                0x0000000000000915       0x1e c:/program files/stm32cubeide_1.7.0/stm32cubeide/plugins/com.st.stm32cube.ide.mcu.externaltools.gnu-tools-for-stm32.9-2020-q2-update.win32_2.0.0.202105311346/tools/bin/../lib/gcc/arm-none-eabi/9.3.1/thumb/v7e-m+fp/hard\libgcc.a(_arm_muldf3.o)
 .ARM.attributes
                0x0000000000000933       0x1e c:/program files/stm32cubeide_1.7.0/stm32cubeide/plugins/com.st.stm32cube.ide.mcu.externaltools.gnu-tools-for-stm32.9-2020-q2-update.win32_2.0.0.202105311346/tools/bin/../lib/gcc/arm-none-eabi/9.3.1/thumb/v7e-m+fp/hard\libgcc.a(_arm_addsubdf3.o)
 .ARM.attributes
                0x0000000000000951       0x1e c:/program files/stm32cubeide_1.7.0/stm32cubeide/plugins/com.st.stm32cube.ide.mcu.externaltools.gnu-tools-for-stm32.9-2020-q2-update.win32_2.0.0.202105311346/tools/bin/../lib/gcc/arm-none-eabi/9.3.1/thumb/v7e-m+fp/hard\libgcc.a(_arm_fixunsdfsi.o)
 .ARM.attributes
                0x000000000000096f       0x1e c:/program files/stm32cubeide_1.7.0/stm32cubeide/plugins/com.st.stm32cube.ide.mcu.externaltools.gnu-tools-for-stm32.9-2020-q2-update.win32_2.0.0.202105311346/tools/bin/../lib/gcc/arm-none-eabi/9.3.1/thumb/v7e-m+fp/hard\libgcc.a(_aeabi_uldivmod.o)
 .ARM.attributes
                0x000000000000098d       0x34 c:/program files/stm32cubeide_1.7.0/stm32cubeide/plugins/com.st.stm32cube.ide.mcu.externaltools.gnu-tools-for-stm32.9-2020-q2-update.win32_2.0.0.202105311346/tools/bin/../lib/gcc/arm-none-eabi/9.3.1/thumb/v7e-m+fp/hard\libgcc.a(_udivmoddi4.o)
 .ARM.attributes
                0x00000000000009c1       0x1e c:/program files/stm32cubeide_1.7.0/stm32cubeide/plugins/com.st.stm32cube.ide.mcu.externaltools.gnu-tools-for-stm32.9-2020-q2-update.win32_2.0.0.202105311346/tools/bin/../lib/gcc/arm-none-eabi/9.3.1/thumb/v7e-m+fp/hard\libgcc.a(_dvmd_tls.o)
 .ARM.attributes
                0x00000000000009df       0x1e c:/program files/stm32cubeide_1.7.0/stm32cubeide/plugins/com.st.stm32cube.ide.mcu.externaltools.gnu-tools-for-stm32.9-2020-q2-update.win32_2.0.0.202105311346/tools/bin/../lib/gcc/arm-none-eabi/9.3.1/thumb/v7e-m+fp/hard/crtn.o
OUTPUT(ArmuroLeer.elf elf32-littlearm)
LOAD linker stubs
LOAD c:/program files/stm32cubeide_1.7.0/stm32cubeide/plugins/com.st.stm32cube.ide.mcu.externaltools.gnu-tools-for-stm32.9-2020-q2-update.win32_2.0.0.202105311346/tools/bin/../lib/gcc/arm-none-eabi/9.3.1/../../../../arm-none-eabi/lib/thumb/v7e-m+fp/hard\libc.a
LOAD c:/program files/stm32cubeide_1.7.0/stm32cubeide/plugins/com.st.stm32cube.ide.mcu.externaltools.gnu-tools-for-stm32.9-2020-q2-update.win32_2.0.0.202105311346/tools/bin/../lib/gcc/arm-none-eabi/9.3.1/../../../../arm-none-eabi/lib/thumb/v7e-m+fp/hard\libm.a
LOAD c:/program files/stm32cubeide_1.7.0/stm32cubeide/plugins/com.st.stm32cube.ide.mcu.externaltools.gnu-tools-for-stm32.9-2020-q2-update.win32_2.0.0.202105311346/tools/bin/../lib/gcc/arm-none-eabi/9.3.1/thumb/v7e-m+fp/hard\libgcc.a

.debug_info     0x0000000000000000    0x19319
 .debug_info    0x0000000000000000      0xe12 ./Core/Src/adc.o
 .debug_info    0x0000000000000e12      0x728 ./Core/Src/dma.o
 .debug_info    0x000000000000153a      0x707 ./Core/Src/gpio.o
 .debug_info    0x0000000000001c41     0x1f68 ./Core/Src/main.o
 .debug_info    0x0000000000003ba9      0xf6d ./Core/Src/motor.o
 .debug_info    0x0000000000004b16     0x16e6 ./Core/Src/sensors.o
 .debug_info    0x00000000000061fc      0x598 ./Core/Src/stm32l4xx_hal_msp.o
 .debug_info    0x0000000000006794      0x5eb ./Core/Src/stm32l4xx_it.o
 .debug_info    0x0000000000006d7f      0xa25 ./Core/Src/sysmem.o
 .debug_info    0x00000000000077a4      0x787 ./Core/Src/system_stm32l4xx.o
 .debug_info    0x0000000000007f2b     0x1519 ./Core/Src/tasks.o
 .debug_info    0x0000000000009444      0xf32 ./Core/Src/tim.o
 .debug_info    0x000000000000a376      0xcda ./Core/Src/usart.o
 .debug_info    0x000000000000b050       0x22 ./Core/Startup/startup_stm32l432kcux.o
 .debug_info    0x000000000000b072      0xb5e ./Drivers/STM32L4xx_HAL_Driver/Src/stm32l4xx_hal.o
 .debug_info    0x000000000000bbd0     0x1eab ./Drivers/STM32L4xx_HAL_Driver/Src/stm32l4xx_hal_adc.o
 .debug_info    0x000000000000da7b      0xfb0 ./Drivers/STM32L4xx_HAL_Driver/Src/stm32l4xx_hal_cortex.o
 .debug_info    0x000000000000ea2b      0x973 ./Drivers/STM32L4xx_HAL_Driver/Src/stm32l4xx_hal_dma.o
 .debug_info    0x000000000000f39e      0xa5f ./Drivers/STM32L4xx_HAL_Driver/Src/stm32l4xx_hal_gpio.o
 .debug_info    0x000000000000fdfd      0xb47 ./Drivers/STM32L4xx_HAL_Driver/Src/stm32l4xx_hal_pwr.o
 .debug_info    0x0000000000010944      0xb7b ./Drivers/STM32L4xx_HAL_Driver/Src/stm32l4xx_hal_pwr_ex.o
 .debug_info    0x00000000000114bf      0xdb5 ./Drivers/STM32L4xx_HAL_Driver/Src/stm32l4xx_hal_rcc.o
 .debug_info    0x0000000000012274     0x1108 ./Drivers/STM32L4xx_HAL_Driver/Src/stm32l4xx_hal_rcc_ex.o
 .debug_info    0x000000000001337c     0x2cb9 ./Drivers/STM32L4xx_HAL_Driver/Src/stm32l4xx_hal_tim.o
 .debug_info    0x0000000000016035     0x1813 ./Drivers/STM32L4xx_HAL_Driver/Src/stm32l4xx_hal_tim_ex.o
 .debug_info    0x0000000000017848     0x1ad1 ./Drivers/STM32L4xx_HAL_Driver/Src/stm32l4xx_hal_uart.o

.debug_abbrev   0x0000000000000000     0x3258
 .debug_abbrev  0x0000000000000000      0x1ce ./Core/Src/adc.o
 .debug_abbrev  0x00000000000001ce      0x13b ./Core/Src/dma.o
 .debug_abbrev  0x0000000000000309      0x14e ./Core/Src/gpio.o
 .debug_abbrev  0x0000000000000457      0x268 ./Core/Src/main.o
 .debug_abbrev  0x00000000000006bf      0x24f ./Core/Src/motor.o
 .debug_abbrev  0x000000000000090e      0x26b ./Core/Src/sensors.o
 .debug_abbrev  0x0000000000000b79      0x13d ./Core/Src/stm32l4xx_hal_msp.o
 .debug_abbrev  0x0000000000000cb6      0x163 ./Core/Src/stm32l4xx_it.o
 .debug_abbrev  0x0000000000000e19      0x1bf ./Core/Src/sysmem.o
 .debug_abbrev  0x0000000000000fd8      0x165 ./Core/Src/system_stm32l4xx.o
 .debug_abbrev  0x000000000000113d      0x239 ./Core/Src/tasks.o
 .debug_abbrev  0x0000000000001376      0x1df ./Core/Src/tim.o
 .debug_abbrev  0x0000000000001555      0x1bb ./Core/Src/usart.o
 .debug_abbrev  0x0000000000001710       0x12 ./Core/Startup/startup_stm32l432kcux.o
 .debug_abbrev  0x0000000000001722      0x20b ./Drivers/STM32L4xx_HAL_Driver/Src/stm32l4xx_hal.o
 .debug_abbrev  0x000000000000192d      0x288 ./Drivers/STM32L4xx_HAL_Driver/Src/stm32l4xx_hal_adc.o
 .debug_abbrev  0x0000000000001bb5      0x33c ./Drivers/STM32L4xx_HAL_Driver/Src/stm32l4xx_hal_cortex.o
 .debug_abbrev  0x0000000000001ef1      0x201 ./Drivers/STM32L4xx_HAL_Driver/Src/stm32l4xx_hal_dma.o
 .debug_abbrev  0x00000000000020f2      0x1e8 ./Drivers/STM32L4xx_HAL_Driver/Src/stm32l4xx_hal_gpio.o
 .debug_abbrev  0x00000000000022da      0x1ab ./Drivers/STM32L4xx_HAL_Driver/Src/stm32l4xx_hal_pwr.o
 .debug_abbrev  0x0000000000002485      0x1f3 ./Drivers/STM32L4xx_HAL_Driver/Src/stm32l4xx_hal_pwr_ex.o
 .debug_abbrev  0x0000000000002678      0x275 ./Drivers/STM32L4xx_HAL_Driver/Src/stm32l4xx_hal_rcc.o
 .debug_abbrev  0x00000000000028ed      0x268 ./Drivers/STM32L4xx_HAL_Driver/Src/stm32l4xx_hal_rcc_ex.o
 .debug_abbrev  0x0000000000002b55      0x25e ./Drivers/STM32L4xx_HAL_Driver/Src/stm32l4xx_hal_tim.o
 .debug_abbrev  0x0000000000002db3      0x266 ./Drivers/STM32L4xx_HAL_Driver/Src/stm32l4xx_hal_tim_ex.o
 .debug_abbrev  0x0000000000003019      0x23f ./Drivers/STM32L4xx_HAL_Driver/Src/stm32l4xx_hal_uart.o

.debug_aranges  0x0000000000000000     0x1268
 .debug_aranges
                0x0000000000000000       0x30 ./Core/Src/adc.o
 .debug_aranges
                0x0000000000000030       0x20 ./Core/Src/dma.o
 .debug_aranges
                0x0000000000000050       0x20 ./Core/Src/gpio.o
 .debug_aranges
                0x0000000000000070       0x30 ./Core/Src/main.o
 .debug_aranges
                0x00000000000000a0       0x28 ./Core/Src/motor.o
 .debug_aranges
                0x00000000000000c8       0x30 ./Core/Src/sensors.o
 .debug_aranges
                0x00000000000000f8       0x20 ./Core/Src/stm32l4xx_hal_msp.o
 .debug_aranges
                0x0000000000000118       0x68 ./Core/Src/stm32l4xx_it.o
 .debug_aranges
                0x0000000000000180       0x20 ./Core/Src/sysmem.o
 .debug_aranges
                0x00000000000001a0       0x28 ./Core/Src/system_stm32l4xx.o
 .debug_aranges
                0x00000000000001c8       0x48 ./Core/Src/tasks.o
 .debug_aranges
                0x0000000000000210       0x38 ./Core/Src/tim.o
 .debug_aranges
                0x0000000000000248       0x30 ./Core/Src/usart.o
 .debug_aranges
                0x0000000000000278       0x28 ./Core/Startup/startup_stm32l432kcux.o
 .debug_aranges
                0x00000000000002a0      0x108 ./Drivers/STM32L4xx_HAL_Driver/Src/stm32l4xx_hal.o
 .debug_aranges
                0x00000000000003a8      0x210 ./Drivers/STM32L4xx_HAL_Driver/Src/stm32l4xx_hal_adc.o
 .debug_aranges
                0x00000000000005b8      0x118 ./Drivers/STM32L4xx_HAL_Driver/Src/stm32l4xx_hal_cortex.o
 .debug_aranges
                0x00000000000006d0       0x80 ./Drivers/STM32L4xx_HAL_Driver/Src/stm32l4xx_hal_dma.o
 .debug_aranges
                0x0000000000000750       0x58 ./Drivers/STM32L4xx_HAL_Driver/Src/stm32l4xx_hal_gpio.o
 .debug_aranges
                0x00000000000007a8       0x98 ./Drivers/STM32L4xx_HAL_Driver/Src/stm32l4xx_hal_pwr.o
 .debug_aranges
                0x0000000000000840      0x128 ./Drivers/STM32L4xx_HAL_Driver/Src/stm32l4xx_hal_pwr_ex.o
 .debug_aranges
                0x0000000000000968       0x88 ./Drivers/STM32L4xx_HAL_Driver/Src/stm32l4xx_hal_rcc.o
 .debug_aranges
                0x00000000000009f0       0xf0 ./Drivers/STM32L4xx_HAL_Driver/Src/stm32l4xx_hal_rcc_ex.o
 .debug_aranges
                0x0000000000000ae0      0x3e0 ./Drivers/STM32L4xx_HAL_Driver/Src/stm32l4xx_hal_tim.o
 .debug_aranges
                0x0000000000000ec0      0x180 ./Drivers/STM32L4xx_HAL_Driver/Src/stm32l4xx_hal_tim_ex.o
 .debug_aranges
                0x0000000000001040      0x228 ./Drivers/STM32L4xx_HAL_Driver/Src/stm32l4xx_hal_uart.o

.debug_ranges   0x0000000000000000     0x1100
 .debug_ranges  0x0000000000000000       0x20 ./Core/Src/adc.o
 .debug_ranges  0x0000000000000020       0x10 ./Core/Src/dma.o
 .debug_ranges  0x0000000000000030       0x10 ./Core/Src/gpio.o
 .debug_ranges  0x0000000000000040       0x20 ./Core/Src/main.o
 .debug_ranges  0x0000000000000060       0x18 ./Core/Src/motor.o
 .debug_ranges  0x0000000000000078       0x20 ./Core/Src/sensors.o
 .debug_ranges  0x0000000000000098       0x10 ./Core/Src/stm32l4xx_hal_msp.o
 .debug_ranges  0x00000000000000a8       0x58 ./Core/Src/stm32l4xx_it.o
 .debug_ranges  0x0000000000000100       0x10 ./Core/Src/sysmem.o
 .debug_ranges  0x0000000000000110       0x18 ./Core/Src/system_stm32l4xx.o
 .debug_ranges  0x0000000000000128       0x38 ./Core/Src/tasks.o
 .debug_ranges  0x0000000000000160       0x28 ./Core/Src/tim.o
 .debug_ranges  0x0000000000000188       0x20 ./Core/Src/usart.o
 .debug_ranges  0x00000000000001a8       0x20 ./Core/Startup/startup_stm32l432kcux.o
 .debug_ranges  0x00000000000001c8       0xf8 ./Drivers/STM32L4xx_HAL_Driver/Src/stm32l4xx_hal.o
 .debug_ranges  0x00000000000002c0      0x200 ./Drivers/STM32L4xx_HAL_Driver/Src/stm32l4xx_hal_adc.o
 .debug_ranges  0x00000000000004c0      0x108 ./Drivers/STM32L4xx_HAL_Driver/Src/stm32l4xx_hal_cortex.o
 .debug_ranges  0x00000000000005c8       0x70 ./Drivers/STM32L4xx_HAL_Driver/Src/stm32l4xx_hal_dma.o
 .debug_ranges  0x0000000000000638       0x48 ./Drivers/STM32L4xx_HAL_Driver/Src/stm32l4xx_hal_gpio.o
 .debug_ranges  0x0000000000000680       0x88 ./Drivers/STM32L4xx_HAL_Driver/Src/stm32l4xx_hal_pwr.o
 .debug_ranges  0x0000000000000708      0x118 ./Drivers/STM32L4xx_HAL_Driver/Src/stm32l4xx_hal_pwr_ex.o
 .debug_ranges  0x0000000000000820       0x78 ./Drivers/STM32L4xx_HAL_Driver/Src/stm32l4xx_hal_rcc.o
 .debug_ranges  0x0000000000000898       0xe0 ./Drivers/STM32L4xx_HAL_Driver/Src/stm32l4xx_hal_rcc_ex.o
 .debug_ranges  0x0000000000000978      0x3d0 ./Drivers/STM32L4xx_HAL_Driver/Src/stm32l4xx_hal_tim.o
 .debug_ranges  0x0000000000000d48      0x170 ./Drivers/STM32L4xx_HAL_Driver/Src/stm32l4xx_hal_tim_ex.o
 .debug_ranges  0x0000000000000eb8      0x248 ./Drivers/STM32L4xx_HAL_Driver/Src/stm32l4xx_hal_uart.o

.debug_macro    0x0000000000000000    0x24c79
 .debug_macro   0x0000000000000000      0x215 ./Core/Src/adc.o
 .debug_macro   0x0000000000000215      0xaa8 ./Core/Src/adc.o
 .debug_macro   0x0000000000000cbd      0x1b3 ./Core/Src/adc.o
 .debug_macro   0x0000000000000e70       0x2e ./Core/Src/adc.o
 .debug_macro   0x0000000000000e9e       0x28 ./Core/Src/adc.o
 .debug_macro   0x0000000000000ec6       0x22 ./Core/Src/adc.o
 .debug_macro   0x0000000000000ee8       0x8e ./Core/Src/adc.o
 .debug_macro   0x0000000000000f76       0x51 ./Core/Src/adc.o
 .debug_macro   0x0000000000000fc7      0x103 ./Core/Src/adc.o
 .debug_macro   0x00000000000010ca       0x6a ./Core/Src/adc.o
 .debug_macro   0x0000000000001134      0x1df ./Core/Src/adc.o
 .debug_macro   0x0000000000001313       0x1c ./Core/Src/adc.o
 .debug_macro   0x000000000000132f       0x22 ./Core/Src/adc.o
 .debug_macro   0x0000000000001351      0x101 ./Core/Src/adc.o
 .debug_macro   0x0000000000001452     0x1011 ./Core/Src/adc.o
 .debug_macro   0x0000000000002463      0x11f ./Core/Src/adc.o
 .debug_macro   0x0000000000002582    0x1479f ./Core/Src/adc.o
 .debug_macro   0x0000000000016d21       0x43 ./Core/Src/adc.o
 .debug_macro   0x0000000000016d64     0x3897 ./Core/Src/adc.o
 .debug_macro   0x000000000001a5fb      0x174 ./Core/Src/adc.o
 .debug_macro   0x000000000001a76f       0x5c ./Core/Src/adc.o
 .debug_macro   0x000000000001a7cb     0x118b ./Core/Src/adc.o
 .debug_macro   0x000000000001b956      0x535 ./Core/Src/adc.o
 .debug_macro   0x000000000001be8b      0x13d ./Core/Src/adc.o
 .debug_macro   0x000000000001bfc8      0x122 ./Core/Src/adc.o
 .debug_macro   0x000000000001c0ea      0x26b ./Core/Src/adc.o
 .debug_macro   0x000000000001c355      0x23d ./Core/Src/adc.o
 .debug_macro   0x000000000001c592      0xdd8 ./Core/Src/adc.o
 .debug_macro   0x000000000001d36a      0x61d ./Core/Src/adc.o
 .debug_macro   0x000000000001d987      0x241 ./Core/Src/adc.o
 .debug_macro   0x000000000001dbc8      0x241 ./Core/Src/adc.o
 .debug_macro   0x000000000001de09      0x375 ./Core/Src/adc.o
 .debug_macro   0x000000000001e17e       0xd6 ./Core/Src/adc.o
 .debug_macro   0x000000000001e254      0x22c ./Core/Src/adc.o
 .debug_macro   0x000000000001e480       0x61 ./Core/Src/adc.o
 .debug_macro   0x000000000001e4e1       0xa5 ./Core/Src/adc.o
 .debug_macro   0x000000000001e586      0x122 ./Core/Src/adc.o
 .debug_macro   0x000000000001e6a8      0x357 ./Core/Src/adc.o
 .debug_macro   0x000000000001e9ff      0xa75 ./Core/Src/adc.o
 .debug_macro   0x000000000001f474      0x12e ./Core/Src/adc.o
 .debug_macro   0x000000000001f5a2      0x5ba ./Core/Src/adc.o
 .debug_macro   0x000000000001fb5c       0x44 ./Core/Src/adc.o
 .debug_macro   0x000000000001fba0      0x221 ./Core/Src/adc.o
 .debug_macro   0x000000000001fdc1       0xf4 ./Core/Src/adc.o
 .debug_macro   0x000000000001feb5      0x215 ./Core/Src/dma.o
 .debug_macro   0x00000000000200ca      0x215 ./Core/Src/gpio.o
 .debug_macro   0x00000000000202df      0x409 ./Core/Src/main.o
 .debug_macro   0x00000000000206e8       0x52 ./Core/Src/main.o
 .debug_macro   0x000000000002073a       0x18 ./Core/Src/main.o
 .debug_macro   0x0000000000020752       0x3c ./Core/Src/main.o
 .debug_macro   0x000000000002078e       0x34 ./Core/Src/main.o
 .debug_macro   0x00000000000207c2       0x16 ./Core/Src/main.o
 .debug_macro   0x00000000000207d8       0x35 ./Core/Src/main.o
 .debug_macro   0x000000000002080d      0x333 ./Core/Src/main.o
 .debug_macro   0x0000000000020b40       0x10 ./Core/Src/main.o
 .debug_macro   0x0000000000020b50       0x16 ./Core/Src/main.o
 .debug_macro   0x0000000000020b66       0x43 ./Core/Src/main.o
 .debug_macro   0x0000000000020ba9       0x34 ./Core/Src/main.o
 .debug_macro   0x0000000000020bdd       0x10 ./Core/Src/main.o
 .debug_macro   0x0000000000020bed       0x58 ./Core/Src/main.o
 .debug_macro   0x0000000000020c45       0x71 ./Core/Src/main.o
 .debug_macro   0x0000000000020cb6       0x1c ./Core/Src/main.o
 .debug_macro   0x0000000000020cd2      0x12a ./Core/Src/main.o
 .debug_macro   0x0000000000020dfc       0x10 ./Core/Src/main.o
 .debug_macro   0x0000000000020e0c       0x1c ./Core/Src/main.o
 .debug_macro   0x0000000000020e28       0x52 ./Core/Src/main.o
 .debug_macro   0x0000000000020e7a       0x22 ./Core/Src/main.o
 .debug_macro   0x0000000000020e9c       0x10 ./Core/Src/main.o
 .debug_macro   0x0000000000020eac       0x40 ./Core/Src/main.o
 .debug_macro   0x0000000000020eec       0xd5 ./Core/Src/main.o
 .debug_macro   0x0000000000020fc1       0x1c ./Core/Src/main.o
 .debug_macro   0x0000000000020fdd       0x3d ./Core/Src/main.o
 .debug_macro   0x000000000002101a       0x16 ./Core/Src/main.o
 .debug_macro   0x0000000000021030      0x145 ./Core/Src/main.o
 .debug_macro   0x0000000000021175       0x16 ./Core/Src/main.o
 .debug_macro   0x000000000002118b       0x20 ./Core/Src/main.o
 .debug_macro   0x00000000000211ab       0x22 ./Core/Src/main.o
 .debug_macro   0x00000000000211cd      0x3a2 ./Core/Src/motor.o
 .debug_macro   0x000000000002156f       0x4c ./Core/Src/motor.o
 .debug_macro   0x00000000000215bb       0x94 ./Core/Src/motor.o
 .debug_macro   0x000000000002164f       0x57 ./Core/Src/motor.o
 .debug_macro   0x00000000000216a6       0x97 ./Core/Src/motor.o
 .debug_macro   0x000000000002173d      0x339 ./Core/Src/motor.o
 .debug_macro   0x0000000000021a76       0xfd ./Core/Src/motor.o
 .debug_macro   0x0000000000021b73      0x1a9 ./Core/Src/motor.o
 .debug_macro   0x0000000000021d1c       0xfb ./Core/Src/motor.o
 .debug_macro   0x0000000000021e17       0x56 ./Core/Src/motor.o
 .debug_macro   0x0000000000021e6d      0x38f ./Core/Src/sensors.o
 .debug_macro   0x00000000000221fc      0x20b ./Core/Src/stm32l4xx_hal_msp.o
 .debug_macro   0x0000000000022407      0x215 ./Core/Src/stm32l4xx_it.o
 .debug_macro   0x000000000002261c       0xff ./Core/Src/sysmem.o
 .debug_macro   0x000000000002271b      0x23b ./Core/Src/sysmem.o
 .debug_macro   0x0000000000022956      0x1fc ./Core/Src/system_stm32l4xx.o
 .debug_macro   0x0000000000022b52      0x3a9 ./Core/Src/tasks.o
 .debug_macro   0x0000000000022efb      0x215 ./Core/Src/tim.o
 .debug_macro   0x0000000000023110      0x215 ./Core/Src/usart.o
 .debug_macro   0x0000000000023325      0x244 ./Drivers/STM32L4xx_HAL_Driver/Src/stm32l4xx_hal.o
 .debug_macro   0x0000000000023569      0x219 ./Drivers/STM32L4xx_HAL_Driver/Src/stm32l4xx_hal_adc.o
 .debug_macro   0x0000000000023782      0x1fc ./Drivers/STM32L4xx_HAL_Driver/Src/stm32l4xx_hal_cortex.o
 .debug_macro   0x000000000002397e      0x1fc ./Drivers/STM32L4xx_HAL_Driver/Src/stm32l4xx_hal_dma.o
 .debug_macro   0x0000000000023b7a      0x23b ./Drivers/STM32L4xx_HAL_Driver/Src/stm32l4xx_hal_gpio.o
 .debug_macro   0x0000000000023db5      0x214 ./Drivers/STM32L4xx_HAL_Driver/Src/stm32l4xx_hal_pwr.o
 .debug_macro   0x0000000000023fc9      0x220 ./Drivers/STM32L4xx_HAL_Driver/Src/stm32l4xx_hal_pwr_ex.o
 .debug_macro   0x00000000000241e9      0x23e ./Drivers/STM32L4xx_HAL_Driver/Src/stm32l4xx_hal_rcc.o
 .debug_macro   0x0000000000024427      0x232 ./Drivers/STM32L4xx_HAL_Driver/Src/stm32l4xx_hal_rcc_ex.o
 .debug_macro   0x0000000000024659      0x1fd ./Drivers/STM32L4xx_HAL_Driver/Src/stm32l4xx_hal_tim.o
 .debug_macro   0x0000000000024856      0x1fc ./Drivers/STM32L4xx_HAL_Driver/Src/stm32l4xx_hal_tim_ex.o
 .debug_macro   0x0000000000024a52      0x227 ./Drivers/STM32L4xx_HAL_Driver/Src/stm32l4xx_hal_uart.o

.debug_line     0x0000000000000000    0x167ff
 .debug_line    0x0000000000000000      0x870 ./Core/Src/adc.o
 .debug_line    0x0000000000000870      0x767 ./Core/Src/dma.o
 .debug_line    0x0000000000000fd7      0x792 ./Core/Src/gpio.o
 .debug_line    0x0000000000001769      0xac0 ./Core/Src/main.o
 .debug_line    0x0000000000002229      0x9f4 ./Core/Src/motor.o
 .debug_line    0x0000000000002c1d      0xa32 ./Core/Src/sensors.o
 .debug_line    0x000000000000364f      0x76c ./Core/Src/stm32l4xx_hal_msp.o
 .debug_line    0x0000000000003dbb      0x846 ./Core/Src/stm32l4xx_it.o
 .debug_line    0x0000000000004601      0x52f ./Core/Src/sysmem.o
 .debug_line    0x0000000000004b30      0x81c ./Core/Src/system_stm32l4xx.o
 .debug_line    0x000000000000534c      0xb43 ./Core/Src/tasks.o
 .debug_line    0x0000000000005e8f      0x86a ./Core/Src/tim.o
 .debug_line    0x00000000000066f9      0x7eb ./Core/Src/usart.o
 .debug_line    0x0000000000006ee4       0x87 ./Core/Startup/startup_stm32l432kcux.o
 .debug_line    0x0000000000006f6b      0xac8 ./Drivers/STM32L4xx_HAL_Driver/Src/stm32l4xx_hal.o
 .debug_line    0x0000000000007a33     0x1c3a ./Drivers/STM32L4xx_HAL_Driver/Src/stm32l4xx_hal_adc.o
 .debug_line    0x000000000000966d      0xd02 ./Drivers/STM32L4xx_HAL_Driver/Src/stm32l4xx_hal_cortex.o
 .debug_line    0x000000000000a36f      0xd3a ./Drivers/STM32L4xx_HAL_Driver/Src/stm32l4xx_hal_dma.o
 .debug_line    0x000000000000b0a9      0xb56 ./Drivers/STM32L4xx_HAL_Driver/Src/stm32l4xx_hal_gpio.o
 .debug_line    0x000000000000bbff      0x938 ./Drivers/STM32L4xx_HAL_Driver/Src/stm32l4xx_hal_pwr.o
 .debug_line    0x000000000000c537      0xc4e ./Drivers/STM32L4xx_HAL_Driver/Src/stm32l4xx_hal_pwr_ex.o
 .debug_line    0x000000000000d185      0xfe1 ./Drivers/STM32L4xx_HAL_Driver/Src/stm32l4xx_hal_rcc.o
 .debug_line    0x000000000000e166     0x132d ./Drivers/STM32L4xx_HAL_Driver/Src/stm32l4xx_hal_rcc_ex.o
 .debug_line    0x000000000000f493     0x3ab6 ./Drivers/STM32L4xx_HAL_Driver/Src/stm32l4xx_hal_tim.o
 .debug_line    0x0000000000012f49     0x1b37 ./Drivers/STM32L4xx_HAL_Driver/Src/stm32l4xx_hal_tim_ex.o
 .debug_line    0x0000000000014a80     0x1d7f ./Drivers/STM32L4xx_HAL_Driver/Src/stm32l4xx_hal_uart.o

.debug_str      0x0000000000000000    0xdcc61
 .debug_str     0x0000000000000000    0xd2991 ./Core/Src/adc.o
                                      0xd2f11 (size before relaxing)
 .debug_str     0x00000000000d2991      0x3a5 ./Core/Src/dma.o
                                      0xd2d8e (size before relaxing)
 .debug_str     0x00000000000d2d36       0x48 ./Core/Src/gpio.o
                                      0xd2a63 (size before relaxing)
 .debug_str     0x00000000000d2d7e     0x4930 ./Core/Src/main.o
                                      0xd7861 (size before relaxing)
 .debug_str     0x00000000000d76ae      0x8d1 ./Core/Src/motor.o
                                      0xd734b (size before relaxing)
 .debug_str     0x00000000000d7f7f       0x9a ./Core/Src/sensors.o
                                      0xd70b6 (size before relaxing)
 .debug_str     0x00000000000d8019       0x2c ./Core/Src/stm32l4xx_hal_msp.o
                                      0xd29c6 (size before relaxing)
 .debug_str     0x00000000000d8045       0xd6 ./Core/Src/stm32l4xx_it.o
                                      0xd2acf (size before relaxing)
 .debug_str     0x00000000000d811b      0x4e9 ./Core/Src/sysmem.o
                                       0x62a1 (size before relaxing)
 .debug_str     0x00000000000d8604       0xb8 ./Core/Src/system_stm32l4xx.o
                                      0xd25bc (size before relaxing)
 .debug_str     0x00000000000d86bc      0x177 ./Core/Src/tasks.o
                                      0xd702a (size before relaxing)
 .debug_str     0x00000000000d8833      0x23c ./Core/Src/tim.o
                                      0xd3174 (size before relaxing)
 .debug_str     0x00000000000d8a6f       0x57 ./Core/Src/usart.o
                                      0xd2e50 (size before relaxing)
 .debug_str     0x00000000000d8ac6       0x36 ./Core/Startup/startup_stm32l432kcux.o
                                         0x72 (size before relaxing)
 .debug_str     0x00000000000d8afc      0x4de ./Drivers/STM32L4xx_HAL_Driver/Src/stm32l4xx_hal.o
                                      0xd2eb5 (size before relaxing)
 .debug_str     0x00000000000d8fda      0x978 ./Drivers/STM32L4xx_HAL_Driver/Src/stm32l4xx_hal_adc.o
                                      0xd32cc (size before relaxing)
 .debug_str     0x00000000000d9952      0x389 ./Drivers/STM32L4xx_HAL_Driver/Src/stm32l4xx_hal_cortex.o
                                      0xd2d12 (size before relaxing)
 .debug_str     0x00000000000d9cdb      0x253 ./Drivers/STM32L4xx_HAL_Driver/Src/stm32l4xx_hal_dma.o
                                      0xd282c (size before relaxing)
 .debug_str     0x00000000000d9f2e      0x236 ./Drivers/STM32L4xx_HAL_Driver/Src/stm32l4xx_hal_gpio.o
                                      0xd2851 (size before relaxing)
 .debug_str     0x00000000000da164      0x2cf ./Drivers/STM32L4xx_HAL_Driver/Src/stm32l4xx_hal_pwr.o
                                      0xd28cd (size before relaxing)
 .debug_str     0x00000000000da433      0x3ec ./Drivers/STM32L4xx_HAL_Driver/Src/stm32l4xx_hal_pwr_ex.o
                                      0xd2a7a (size before relaxing)
 .debug_str     0x00000000000da81f      0x395 ./Drivers/STM32L4xx_HAL_Driver/Src/stm32l4xx_hal_rcc.o
                                      0xd2b53 (size before relaxing)
 .debug_str     0x00000000000dabb4      0x527 ./Drivers/STM32L4xx_HAL_Driver/Src/stm32l4xx_hal_rcc_ex.o
                                      0xd2dcb (size before relaxing)
 .debug_str     0x00000000000db0db      0xda1 ./Drivers/STM32L4xx_HAL_Driver/Src/stm32l4xx_hal_tim.o
                                      0xd3855 (size before relaxing)
 .debug_str     0x00000000000dbe7c      0x537 ./Drivers/STM32L4xx_HAL_Driver/Src/stm32l4xx_hal_tim_ex.o
                                      0xd3127 (size before relaxing)
 .debug_str     0x00000000000dc3b3      0x8ae ./Drivers/STM32L4xx_HAL_Driver/Src/stm32l4xx_hal_uart.o
                                      0xd321b (size before relaxing)

.comment        0x0000000000000000       0x53
 .comment       0x0000000000000000       0x53 ./Core/Src/adc.o
                                         0x54 (size before relaxing)
 .comment       0x0000000000000053       0x54 ./Core/Src/dma.o
 .comment       0x0000000000000053       0x54 ./Core/Src/gpio.o
 .comment       0x0000000000000053       0x54 ./Core/Src/main.o
 .comment       0x0000000000000053       0x54 ./Core/Src/motor.o
 .comment       0x0000000000000053       0x54 ./Core/Src/sensors.o
 .comment       0x0000000000000053       0x54 ./Core/Src/stm32l4xx_hal_msp.o
 .comment       0x0000000000000053       0x54 ./Core/Src/stm32l4xx_it.o
 .comment       0x0000000000000053       0x54 ./Core/Src/sysmem.o
 .comment       0x0000000000000053       0x54 ./Core/Src/system_stm32l4xx.o
 .comment       0x0000000000000053       0x54 ./Core/Src/tasks.o
 .comment       0x0000000000000053       0x54 ./Core/Src/tim.o
 .comment       0x0000000000000053       0x54 ./Core/Src/usart.o
 .comment       0x0000000000000053       0x54 ./Drivers/STM32L4xx_HAL_Driver/Src/stm32l4xx_hal.o
 .comment       0x0000000000000053       0x54 ./Drivers/STM32L4xx_HAL_Driver/Src/stm32l4xx_hal_adc.o
 .comment       0x0000000000000053       0x54 ./Drivers/STM32L4xx_HAL_Driver/Src/stm32l4xx_hal_cortex.o
 .comment       0x0000000000000053       0x54 ./Drivers/STM32L4xx_HAL_Driver/Src/stm32l4xx_hal_dma.o
 .comment       0x0000000000000053       0x54 ./Drivers/STM32L4xx_HAL_Driver/Src/stm32l4xx_hal_gpio.o
 .comment       0x0000000000000053       0x54 ./Drivers/STM32L4xx_HAL_Driver/Src/stm32l4xx_hal_pwr.o
 .comment       0x0000000000000053       0x54 ./Drivers/STM32L4xx_HAL_Driver/Src/stm32l4xx_hal_pwr_ex.o
 .comment       0x0000000000000053       0x54 ./Drivers/STM32L4xx_HAL_Driver/Src/stm32l4xx_hal_rcc.o
 .comment       0x0000000000000053       0x54 ./Drivers/STM32L4xx_HAL_Driver/Src/stm32l4xx_hal_rcc_ex.o
 .comment       0x0000000000000053       0x54 ./Drivers/STM32L4xx_HAL_Driver/Src/stm32l4xx_hal_tim.o