main.c:59:6:controlMotor	24	static
main.c:91:6:task_searchLine	16	static
main.c:145:6:HAL_ADC_ConvCpltCallback	24	static
main.c:154:6:writeSensorUSB	144	static
main.c:162:6:evaluateEncoder	4	static
main.c:181:6:taskLED	24	static
main.c:205:6:regulateMotor	32	static
main.c:228:6:driveTestDemo	8	static
main.c:284:6:task_avoidObstacle	8	static
main.c:342:6:threewayLightComparator	40	static
main.c:374:6:task_followLine	8	static
main.c:393:5:main	8	static
main.c:434:6:SystemClock_Config	184	static
main.c:505:6:Error_Handler	4	static,ignoring_inline_asm
