main.c:57:6:controlMotor	24	static
main.c:89:6:HAL_ADC_ConvCpltCallback	24	static
main.c:98:6:writeSensorUSB	144	static
main.c:106:6:evaluateEncoder	4	static
main.c:125:6:taskLED	24	static
main.c:149:6:regulateMotor	32	static
main.c:172:6:driveTestDemo	8	static
main.c:228:6:task_avoidObstacle	8	static
main.c:286:6:threewayLightComparator	40	static
main.c:318:6:task_followLine	8	static
main.c:337:5:main	8	static
main.c:378:6:SystemClock_Config	184	static
main.c:449:6:Error_Handler	4	static,ignoring_inline_asm
