04:20:21 **** Incremental Build of configuration Debug for project ArmuroLeer ****
make -j12 all 
arm-none-eabi-gcc "../Core/Src/main.c" -mcpu=cortex-m4 -std=gnu11 -g3 -DDEBUG -DUSE_HAL_DRIVER -DSTM32L432xx -c -I../Core/Inc -I../Drivers/STM32L4xx_HAL_Driver/Inc -I../Drivers/STM32L4xx_HAL_Driver/Inc/Legacy -I../Drivers/CMSIS/Device/ST/STM32L4xx/Include -I../Drivers/CMSIS/Include -O0 -ffunction-sections -fdata-sections -Wall -fstack-usage -MMD -MP -MF"Core/Src/main.d" -MT"Core/Src/main.o" --specs=nano.specs -mfpu=fpv4-sp-d16 -mfloat-abi=hard -mthumb -o "Core/Src/main.o"
../Core/Src/main.c: In function 'HAL_ADC_ConvCpltCallback':
../Core/Src/main.c:68:23: warning: passing argument 1 of 'HAL_ADC_Start_DMA' from incompatible pointer type [-Wincompatible-pointer-types]
   68 |     HAL_ADC_Start_DMA(&hadc1, buffer, 6);
      |                       ^~~~~~
      |                       |
      |                       ADC_HandleTypeDef ** {aka struct <anonymous> **}
In file included from ../Core/Inc/stm32l4xx_hal_conf.h:277,
                 from ../Drivers/STM32L4xx_HAL_Driver/Inc/stm32l4xx_hal.h:30,
                 from ../Core/Inc/main.h:31,
                 from ../Core/Src/main.c:21:
../Drivers/STM32L4xx_HAL_Driver/Inc/stm32l4xx_hal_adc.h:1753:62: note: expected 'ADC_HandleTypeDef *' {aka 'struct <anonymous> *'} but argument is of type 'ADC_HandleTypeDef **' {aka 'struct <anonymous> **'}
 1753 | HAL_StatusTypeDef       HAL_ADC_Start_DMA(ADC_HandleTypeDef *hadc, uint32_t *pData, uint32_t Length);
      |                                           ~~~~~~~~~~~~~~~~~~~^~~~
At top level:
../Core/Src/main.c:114:8: warning: 'motor_control' defined but not used [-Wunused-function]
  114 |   void motor_control(double left_motor_speed, double right_motor_speed) {
      |        ^~~~~~~~~~~~~
arm-none-eabi-gcc -o "ArmuroLeer.elf" @"objects.list"   -mcpu=cortex-m4 -T"C:\Users\Pierre\Documents\edu\uni\robotics\ArmuroLeer\STM32L432KCUX_FLASH.ld" --specs=nosys.specs -Wl,-Map="ArmuroLeer.map" -Wl,--gc-sections -static --specs=nano.specs -mfpu=fpv4-sp-d16 -mfloat-abi=hard -mthumb -Wl,--start-group -lc -lm -Wl,--end-group
Finished building target: ArmuroLeer.elf
 
arm-none-eabi-size   ArmuroLeer.elf 
arm-none-eabi-objdump -h -S  ArmuroLeer.elf  > "ArmuroLeer.list"
arm-none-eabi-objcopy  -O binary  ArmuroLeer.elf  "ArmuroLeer.bin"
   text	   data	    bss	    dec	    hex	filename
  23712	    120	   1976	  25808	   64d0	ArmuroLeer.elf
Finished building: default.size.stdout
 
Finished building: ArmuroLeer.bin
 
Finished building: ArmuroLeer.list
 

04:20:23 Build Finished. 0 errors, 2 warnings. (took 1s.136ms)

