01:01:43 **** Incremental Build of configuration Debug for project ArmuroLeer ****
make -j12 all 
arm-none-eabi-gcc "../Drivers/STM32L4xx_HAL_Driver/Src/stm32l4xx_hal.c" -mcpu=cortex-m4 -std=gnu11 -g3 -DDEBUG -DUSE_HAL_DRIVER -DSTM32L432xx -c -I../Core/Inc -I../Drivers/STM32L4xx_HAL_Driver/Inc -I../Drivers/STM32L4xx_HAL_Driver/Inc/Legacy -I../Drivers/CMSIS/Device/ST/STM32L4xx/Include -I../Drivers/CMSIS/Include -O0 -ffunction-sections -fdata-sections -Wall -fstack-usage -MMD -MP -MF"Drivers/STM32L4xx_HAL_Driver/Src/stm32l4xx_hal.d" -MT"Drivers/STM32L4xx_HAL_Driver/Src/stm32l4xx_hal.o" --specs=nano.specs -mfpu=fpv4-sp-d16 -mfloat-abi=hard -mthumb -o "Drivers/STM32L4xx_HAL_Driver/Src/stm32l4xx_hal.o"
arm-none-eabi-gcc "../Drivers/STM32L4xx_HAL_Driver/Src/stm32l4xx_hal_adc.c" -mcpu=cortex-m4 -std=gnu11 -g3 -DDEBUG -DUSE_HAL_DRIVER -DSTM32L432xx -c -I../Core/Inc -I../Drivers/STM32L4xx_HAL_Driver/Inc -I../Drivers/STM32L4xx_HAL_Driver/Inc/Legacy -I../Drivers/CMSIS/Device/ST/STM32L4xx/Include -I../Drivers/CMSIS/Include -O0 -ffunction-sections -fdata-sections -Wall -fstack-usage -MMD -MP -MF"Drivers/STM32L4xx_HAL_Driver/Src/stm32l4xx_hal_adc.d" -MT"Drivers/STM32L4xx_HAL_Driver/Src/stm32l4xx_hal_adc.o" --specs=nano.specs -mfpu=fpv4-sp-d16 -mfloat-abi=hard -mthumb -o "Drivers/STM32L4xx_HAL_Driver/Src/stm32l4xx_hal_adc.o"
arm-none-eabi-gcc "../Drivers/STM32L4xx_HAL_Driver/Src/stm32l4xx_hal_adc_ex.c" -mcpu=cortex-m4 -std=gnu11 -g3 -DDEBUG -DUSE_HAL_DRIVER -DSTM32L432xx -c -I../Core/Inc -I../Drivers/STM32L4xx_HAL_Driver/Inc -I../Drivers/STM32L4xx_HAL_Driver/Inc/Legacy -I../Drivers/CMSIS/Device/ST/STM32L4xx/Include -I../Drivers/CMSIS/Include -O0 -ffunction-sections -fdata-sections -Wall -fstack-usage -MMD -MP -MF"Drivers/STM32L4xx_HAL_Driver/Src/stm32l4xx_hal_adc_ex.d" -MT"Drivers/STM32L4xx_HAL_Driver/Src/stm32l4xx_hal_adc_ex.o" --specs=nano.specs -mfpu=fpv4-sp-d16 -mfloat-abi=hard -mthumb -o "Drivers/STM32L4xx_HAL_Driver/Src/stm32l4xx_hal_adc_ex.o"
arm-none-eabi-gcc "../Drivers/STM32L4xx_HAL_Driver/Src/stm32l4xx_hal_cortex.c" -mcpu=cortex-m4 -std=gnu11 -g3 -DDEBUG -DUSE_HAL_DRIVER -DSTM32L432xx -c -I../Core/Inc -I../Drivers/STM32L4xx_HAL_Driver/Inc -I../Drivers/STM32L4xx_HAL_Driver/Inc/Legacy -I../Drivers/CMSIS/Device/ST/STM32L4xx/Include -I../Drivers/CMSIS/Include -O0 -ffunction-sections -fdata-sections -Wall -fstack-usage -MMD -MP -MF"Drivers/STM32L4xx_HAL_Driver/Src/stm32l4xx_hal_cortex.d" -MT"Drivers/STM32L4xx_HAL_Driver/Src/stm32l4xx_hal_cortex.o" --specs=nano.specs -mfpu=fpv4-sp-d16 -mfloat-abi=hard -mthumb -o "Drivers/STM32L4xx_HAL_Driver/Src/stm32l4xx_hal_cortex.o"
arm-none-eabi-gcc "../Drivers/STM32L4xx_HAL_Driver/Src/stm32l4xx_hal_dma.c" -mcpu=cortex-m4 -std=gnu11 -g3 -DDEBUG -DUSE_HAL_DRIVER -DSTM32L432xx -c -I../Core/Inc -I../Drivers/STM32L4xx_HAL_Driver/Inc -I../Drivers/STM32L4xx_HAL_Driver/Inc/Legacy -I../Drivers/CMSIS/Device/ST/STM32L4xx/Include -I../Drivers/CMSIS/Include -O0 -ffunction-sections -fdata-sections -Wall -fstack-usage -MMD -MP -MF"Drivers/STM32L4xx_HAL_Driver/Src/stm32l4xx_hal_dma.d" -MT"Drivers/STM32L4xx_HAL_Driver/Src/stm32l4xx_hal_dma.o" --specs=nano.specs -mfpu=fpv4-sp-d16 -mfloat-abi=hard -mthumb -o "Drivers/STM32L4xx_HAL_Driver/Src/stm32l4xx_hal_dma.o"
arm-none-eabi-gcc "../Drivers/STM32L4xx_HAL_Driver/Src/stm32l4xx_hal_dma_ex.c" -mcpu=cortex-m4 -std=gnu11 -g3 -DDEBUG -DUSE_HAL_DRIVER -DSTM32L432xx -c -I../Core/Inc -I../Drivers/STM32L4xx_HAL_Driver/Inc -I../Drivers/STM32L4xx_HAL_Driver/Inc/Legacy -I../Drivers/CMSIS/Device/ST/STM32L4xx/Include -I../Drivers/CMSIS/Include -O0 -ffunction-sections -fdata-sections -Wall -fstack-usage -MMD -MP -MF"Drivers/STM32L4xx_HAL_Driver/Src/stm32l4xx_hal_dma_ex.d" -MT"Drivers/STM32L4xx_HAL_Driver/Src/stm32l4xx_hal_dma_ex.o" --specs=nano.specs -mfpu=fpv4-sp-d16 -mfloat-abi=hard -mthumb -o "Drivers/STM32L4xx_HAL_Driver/Src/stm32l4xx_hal_dma_ex.o"
arm-none-eabi-gcc "../Drivers/STM32L4xx_HAL_Driver/Src/stm32l4xx_hal_exti.c" -mcpu=cortex-m4 -std=gnu11 -g3 -DDEBUG -DUSE_HAL_DRIVER -DSTM32L432xx -c -I../Core/Inc -I../Drivers/STM32L4xx_HAL_Driver/Inc -I../Drivers/STM32L4xx_HAL_Driver/Inc/Legacy -I../Drivers/CMSIS/Device/ST/STM32L4xx/Include -I../Drivers/CMSIS/Include -O0 -ffunction-sections -fdata-sections -Wall -fstack-usage -MMD -MP -MF"Drivers/STM32L4xx_HAL_Driver/Src/stm32l4xx_hal_exti.d" -MT"Drivers/STM32L4xx_HAL_Driver/Src/stm32l4xx_hal_exti.o" --specs=nano.specs -mfpu=fpv4-sp-d16 -mfloat-abi=hard -mthumb -o "Drivers/STM32L4xx_HAL_Driver/Src/stm32l4xx_hal_exti.o"
arm-none-eabi-gcc "../Drivers/STM32L4xx_HAL_Driver/Src/stm32l4xx_hal_flash.c" -mcpu=cortex-m4 -std=gnu11 -g3 -DDEBUG -DUSE_HAL_DRIVER -DSTM32L432xx -c -I../Core/Inc -I../Drivers/STM32L4xx_HAL_Driver/Inc -I../Drivers/STM32L4xx_HAL_Driver/Inc/Legacy -I../Drivers/CMSIS/Device/ST/STM32L4xx/Include -I../Drivers/CMSIS/Include -O0 -ffunction-sections -fdata-sections -Wall -fstack-usage -MMD -MP -MF"Drivers/STM32L4xx_HAL_Driver/Src/stm32l4xx_hal_flash.d" -MT"Drivers/STM32L4xx_HAL_Driver/Src/stm32l4xx_hal_flash.o" --specs=nano.specs -mfpu=fpv4-sp-d16 -mfloat-abi=hard -mthumb -o "Drivers/STM32L4xx_HAL_Driver/Src/stm32l4xx_hal_flash.o"
arm-none-eabi-gcc "../Drivers/STM32L4xx_HAL_Driver/Src/stm32l4xx_hal_flash_ex.c" -mcpu=cortex-m4 -std=gnu11 -g3 -DDEBUG -DUSE_HAL_DRIVER -DSTM32L432xx -c -I../Core/Inc -I../Drivers/STM32L4xx_HAL_Driver/Inc -I../Drivers/STM32L4xx_HAL_Driver/Inc/Legacy -I../Drivers/CMSIS/Device/ST/STM32L4xx/Include -I../Drivers/CMSIS/Include -O0 -ffunction-sections -fdata-sections -Wall -fstack-usage -MMD -MP -MF"Drivers/STM32L4xx_HAL_Driver/Src/stm32l4xx_hal_flash_ex.d" -MT"Drivers/STM32L4xx_HAL_Driver/Src/stm32l4xx_hal_flash_ex.o" --specs=nano.specs -mfpu=fpv4-sp-d16 -mfloat-abi=hard -mthumb -o "Drivers/STM32L4xx_HAL_Driver/Src/stm32l4xx_hal_flash_ex.o"
arm-none-eabi-gcc "../Drivers/STM32L4xx_HAL_Driver/Src/stm32l4xx_hal_flash_ramfunc.c" -mcpu=cortex-m4 -std=gnu11 -g3 -DDEBUG -DUSE_HAL_DRIVER -DSTM32L432xx -c -I../Core/Inc -I../Drivers/STM32L4xx_HAL_Driver/Inc -I../Drivers/STM32L4xx_HAL_Driver/Inc/Legacy -I../Drivers/CMSIS/Device/ST/STM32L4xx/Include -I../Drivers/CMSIS/Include -O0 -ffunction-sections -fdata-sections -Wall -fstack-usage -MMD -MP -MF"Drivers/STM32L4xx_HAL_Driver/Src/stm32l4xx_hal_flash_ramfunc.d" -MT"Drivers/STM32L4xx_HAL_Driver/Src/stm32l4xx_hal_flash_ramfunc.o" --specs=nano.specs -mfpu=fpv4-sp-d16 -mfloat-abi=hard -mthumb -o "Drivers/STM32L4xx_HAL_Driver/Src/stm32l4xx_hal_flash_ramfunc.o"
arm-none-eabi-gcc "../Drivers/STM32L4xx_HAL_Driver/Src/stm32l4xx_hal_gpio.c" -mcpu=cortex-m4 -std=gnu11 -g3 -DDEBUG -DUSE_HAL_DRIVER -DSTM32L432xx -c -I../Core/Inc -I../Drivers/STM32L4xx_HAL_Driver/Inc -I../Drivers/STM32L4xx_HAL_Driver/Inc/Legacy -I../Drivers/CMSIS/Device/ST/STM32L4xx/Include -I../Drivers/CMSIS/Include -O0 -ffunction-sections -fdata-sections -Wall -fstack-usage -MMD -MP -MF"Drivers/STM32L4xx_HAL_Driver/Src/stm32l4xx_hal_gpio.d" -MT"Drivers/STM32L4xx_HAL_Driver/Src/stm32l4xx_hal_gpio.o" --specs=nano.specs -mfpu=fpv4-sp-d16 -mfloat-abi=hard -mthumb -o "Drivers/STM32L4xx_HAL_Driver/Src/stm32l4xx_hal_gpio.o"
arm-none-eabi-gcc "../Drivers/STM32L4xx_HAL_Driver/Src/stm32l4xx_hal_i2c.c" -mcpu=cortex-m4 -std=gnu11 -g3 -DDEBUG -DUSE_HAL_DRIVER -DSTM32L432xx -c -I../Core/Inc -I../Drivers/STM32L4xx_HAL_Driver/Inc -I../Drivers/STM32L4xx_HAL_Driver/Inc/Legacy -I../Drivers/CMSIS/Device/ST/STM32L4xx/Include -I../Drivers/CMSIS/Include -O0 -ffunction-sections -fdata-sections -Wall -fstack-usage -MMD -MP -MF"Drivers/STM32L4xx_HAL_Driver/Src/stm32l4xx_hal_i2c.d" -MT"Drivers/STM32L4xx_HAL_Driver/Src/stm32l4xx_hal_i2c.o" --specs=nano.specs -mfpu=fpv4-sp-d16 -mfloat-abi=hard -mthumb -o "Drivers/STM32L4xx_HAL_Driver/Src/stm32l4xx_hal_i2c.o"
arm-none-eabi-gcc "../Drivers/STM32L4xx_HAL_Driver/Src/stm32l4xx_hal_i2c_ex.c" -mcpu=cortex-m4 -std=gnu11 -g3 -DDEBUG -DUSE_HAL_DRIVER -DSTM32L432xx -c -I../Core/Inc -I../Drivers/STM32L4xx_HAL_Driver/Inc -I../Drivers/STM32L4xx_HAL_Driver/Inc/Legacy -I../Drivers/CMSIS/Device/ST/STM32L4xx/Include -I../Drivers/CMSIS/Include -O0 -ffunction-sections -fdata-sections -Wall -fstack-usage -MMD -MP -MF"Drivers/STM32L4xx_HAL_Driver/Src/stm32l4xx_hal_i2c_ex.d" -MT"Drivers/STM32L4xx_HAL_Driver/Src/stm32l4xx_hal_i2c_ex.o" --specs=nano.specs -mfpu=fpv4-sp-d16 -mfloat-abi=hard -mthumb -o "Drivers/STM32L4xx_HAL_Driver/Src/stm32l4xx_hal_i2c_ex.o"
arm-none-eabi-gcc "../Drivers/STM32L4xx_HAL_Driver/Src/stm32l4xx_hal_pwr.c" -mcpu=cortex-m4 -std=gnu11 -g3 -DDEBUG -DUSE_HAL_DRIVER -DSTM32L432xx -c -I../Core/Inc -I../Drivers/STM32L4xx_HAL_Driver/Inc -I../Drivers/STM32L4xx_HAL_Driver/Inc/Legacy -I../Drivers/CMSIS/Device/ST/STM32L4xx/Include -I../Drivers/CMSIS/Include -O0 -ffunction-sections -fdata-sections -Wall -fstack-usage -MMD -MP -MF"Drivers/STM32L4xx_HAL_Driver/Src/stm32l4xx_hal_pwr.d" -MT"Drivers/STM32L4xx_HAL_Driver/Src/stm32l4xx_hal_pwr.o" --specs=nano.specs -mfpu=fpv4-sp-d16 -mfloat-abi=hard -mthumb -o "Drivers/STM32L4xx_HAL_Driver/Src/stm32l4xx_hal_pwr.o"
arm-none-eabi-gcc "../Drivers/STM32L4xx_HAL_Driver/Src/stm32l4xx_hal_pwr_ex.c" -mcpu=cortex-m4 -std=gnu11 -g3 -DDEBUG -DUSE_HAL_DRIVER -DSTM32L432xx -c -I../Core/Inc -I../Drivers/STM32L4xx_HAL_Driver/Inc -I../Drivers/STM32L4xx_HAL_Driver/Inc/Legacy -I../Drivers/CMSIS/Device/ST/STM32L4xx/Include -I../Drivers/CMSIS/Include -O0 -ffunction-sections -fdata-sections -Wall -fstack-usage -MMD -MP -MF"Drivers/STM32L4xx_HAL_Driver/Src/stm32l4xx_hal_pwr_ex.d" -MT"Drivers/STM32L4xx_HAL_Driver/Src/stm32l4xx_hal_pwr_ex.o" --specs=nano.specs -mfpu=fpv4-sp-d16 -mfloat-abi=hard -mthumb -o "Drivers/STM32L4xx_HAL_Driver/Src/stm32l4xx_hal_pwr_ex.o"
arm-none-eabi-gcc "../Drivers/STM32L4xx_HAL_Driver/Src/stm32l4xx_hal_rcc.c" -mcpu=cortex-m4 -std=gnu11 -g3 -DDEBUG -DUSE_HAL_DRIVER -DSTM32L432xx -c -I../Core/Inc -I../Drivers/STM32L4xx_HAL_Driver/Inc -I../Drivers/STM32L4xx_HAL_Driver/Inc/Legacy -I../Drivers/CMSIS/Device/ST/STM32L4xx/Include -I../Drivers/CMSIS/Include -O0 -ffunction-sections -fdata-sections -Wall -fstack-usage -MMD -MP -MF"Drivers/STM32L4xx_HAL_Driver/Src/stm32l4xx_hal_rcc.d" -MT"Drivers/STM32L4xx_HAL_Driver/Src/stm32l4xx_hal_rcc.o" --specs=nano.specs -mfpu=fpv4-sp-d16 -mfloat-abi=hard -mthumb -o "Drivers/STM32L4xx_HAL_Driver/Src/stm32l4xx_hal_rcc.o"
arm-none-eabi-gcc "../Drivers/STM32L4xx_HAL_Driver/Src/stm32l4xx_hal_rcc_ex.c" -mcpu=cortex-m4 -std=gnu11 -g3 -DDEBUG -DUSE_HAL_DRIVER -DSTM32L432xx -c -I../Core/Inc -I../Drivers/STM32L4xx_HAL_Driver/Inc -I../Drivers/STM32L4xx_HAL_Driver/Inc/Legacy -I../Drivers/CMSIS/Device/ST/STM32L4xx/Include -I../Drivers/CMSIS/Include -O0 -ffunction-sections -fdata-sections -Wall -fstack-usage -MMD -MP -MF"Drivers/STM32L4xx_HAL_Driver/Src/stm32l4xx_hal_rcc_ex.d" -MT"Drivers/STM32L4xx_HAL_Driver/Src/stm32l4xx_hal_rcc_ex.o" --specs=nano.specs -mfpu=fpv4-sp-d16 -mfloat-abi=hard -mthumb -o "Drivers/STM32L4xx_HAL_Driver/Src/stm32l4xx_hal_rcc_ex.o"
arm-none-eabi-gcc "../Drivers/STM32L4xx_HAL_Driver/Src/stm32l4xx_hal_tim.c" -mcpu=cortex-m4 -std=gnu11 -g3 -DDEBUG -DUSE_HAL_DRIVER -DSTM32L432xx -c -I../Core/Inc -I../Drivers/STM32L4xx_HAL_Driver/Inc -I../Drivers/STM32L4xx_HAL_Driver/Inc/Legacy -I../Drivers/CMSIS/Device/ST/STM32L4xx/Include -I../Drivers/CMSIS/Include -O0 -ffunction-sections -fdata-sections -Wall -fstack-usage -MMD -MP -MF"Drivers/STM32L4xx_HAL_Driver/Src/stm32l4xx_hal_tim.d" -MT"Drivers/STM32L4xx_HAL_Driver/Src/stm32l4xx_hal_tim.o" --specs=nano.specs -mfpu=fpv4-sp-d16 -mfloat-abi=hard -mthumb -o "Drivers/STM32L4xx_HAL_Driver/Src/stm32l4xx_hal_tim.o"
arm-none-eabi-gcc "../Drivers/STM32L4xx_HAL_Driver/Src/stm32l4xx_hal_tim_ex.c" -mcpu=cortex-m4 -std=gnu11 -g3 -DDEBUG -DUSE_HAL_DRIVER -DSTM32L432xx -c -I../Core/Inc -I../Drivers/STM32L4xx_HAL_Driver/Inc -I../Drivers/STM32L4xx_HAL_Driver/Inc/Legacy -I../Drivers/CMSIS/Device/ST/STM32L4xx/Include -I../Drivers/CMSIS/Include -O0 -ffunction-sections -fdata-sections -Wall -fstack-usage -MMD -MP -MF"Drivers/STM32L4xx_HAL_Driver/Src/stm32l4xx_hal_tim_ex.d" -MT"Drivers/STM32L4xx_HAL_Driver/Src/stm32l4xx_hal_tim_ex.o" --specs=nano.specs -mfpu=fpv4-sp-d16 -mfloat-abi=hard -mthumb -o "Drivers/STM32L4xx_HAL_Driver/Src/stm32l4xx_hal_tim_ex.o"
arm-none-eabi-gcc "../Drivers/STM32L4xx_HAL_Driver/Src/stm32l4xx_hal_uart.c" -mcpu=cortex-m4 -std=gnu11 -g3 -DDEBUG -DUSE_HAL_DRIVER -DSTM32L432xx -c -I../Core/Inc -I../Drivers/STM32L4xx_HAL_Driver/Inc -I../Drivers/STM32L4xx_HAL_Driver/Inc/Legacy -I../Drivers/CMSIS/Device/ST/STM32L4xx/Include -I../Drivers/CMSIS/Include -O0 -ffunction-sections -fdata-sections -Wall -fstack-usage -MMD -MP -MF"Drivers/STM32L4xx_HAL_Driver/Src/stm32l4xx_hal_uart.d" -MT"Drivers/STM32L4xx_HAL_Driver/Src/stm32l4xx_hal_uart.o" --specs=nano.specs -mfpu=fpv4-sp-d16 -mfloat-abi=hard -mthumb -o "Drivers/STM32L4xx_HAL_Driver/Src/stm32l4xx_hal_uart.o"
arm-none-eabi-gcc "../Drivers/STM32L4xx_HAL_Driver/Src/stm32l4xx_hal_uart_ex.c" -mcpu=cortex-m4 -std=gnu11 -g3 -DDEBUG -DUSE_HAL_DRIVER -DSTM32L432xx -c -I../Core/Inc -I../Drivers/STM32L4xx_HAL_Driver/Inc -I../Drivers/STM32L4xx_HAL_Driver/Inc/Legacy -I../Drivers/CMSIS/Device/ST/STM32L4xx/Include -I../Drivers/CMSIS/Include -O0 -ffunction-sections -fdata-sections -Wall -fstack-usage -MMD -MP -MF"Drivers/STM32L4xx_HAL_Driver/Src/stm32l4xx_hal_uart_ex.d" -MT"Drivers/STM32L4xx_HAL_Driver/Src/stm32l4xx_hal_uart_ex.o" --specs=nano.specs -mfpu=fpv4-sp-d16 -mfloat-abi=hard -mthumb -o "Drivers/STM32L4xx_HAL_Driver/Src/stm32l4xx_hal_uart_ex.o"
arm-none-eabi-gcc "../Core/Src/adc.c" -mcpu=cortex-m4 -std=gnu11 -g3 -DDEBUG -DUSE_HAL_DRIVER -DSTM32L432xx -c -I../Core/Inc -I../Drivers/STM32L4xx_HAL_Driver/Inc -I../Drivers/STM32L4xx_HAL_Driver/Inc/Legacy -I../Drivers/CMSIS/Device/ST/STM32L4xx/Include -I../Drivers/CMSIS/Include -O0 -ffunction-sections -fdata-sections -Wall -fstack-usage -MMD -MP -MF"Core/Src/adc.d" -MT"Core/Src/adc.o" --specs=nano.specs -mfpu=fpv4-sp-d16 -mfloat-abi=hard -mthumb -o "Core/Src/adc.o"
arm-none-eabi-gcc "../Core/Src/dma.c" -mcpu=cortex-m4 -std=gnu11 -g3 -DDEBUG -DUSE_HAL_DRIVER -DSTM32L432xx -c -I../Core/Inc -I../Drivers/STM32L4xx_HAL_Driver/Inc -I../Drivers/STM32L4xx_HAL_Driver/Inc/Legacy -I../Drivers/CMSIS/Device/ST/STM32L4xx/Include -I../Drivers/CMSIS/Include -O0 -ffunction-sections -fdata-sections -Wall -fstack-usage -MMD -MP -MF"Core/Src/dma.d" -MT"Core/Src/dma.o" --specs=nano.specs -mfpu=fpv4-sp-d16 -mfloat-abi=hard -mthumb -o "Core/Src/dma.o"
arm-none-eabi-gcc "../Core/Src/gpio.c" -mcpu=cortex-m4 -std=gnu11 -g3 -DDEBUG -DUSE_HAL_DRIVER -DSTM32L432xx -c -I../Core/Inc -I../Drivers/STM32L4xx_HAL_Driver/Inc -I../Drivers/STM32L4xx_HAL_Driver/Inc/Legacy -I../Drivers/CMSIS/Device/ST/STM32L4xx/Include -I../Drivers/CMSIS/Include -O0 -ffunction-sections -fdata-sections -Wall -fstack-usage -MMD -MP -MF"Core/Src/gpio.d" -MT"Core/Src/gpio.o" --specs=nano.specs -mfpu=fpv4-sp-d16 -mfloat-abi=hard -mthumb -o "Core/Src/gpio.o"
arm-none-eabi-gcc "../Core/Src/main.c" -mcpu=cortex-m4 -std=gnu11 -g3 -DDEBUG -DUSE_HAL_DRIVER -DSTM32L432xx -c -I../Core/Inc -I../Drivers/STM32L4xx_HAL_Driver/Inc -I../Drivers/STM32L4xx_HAL_Driver/Inc/Legacy -I../Drivers/CMSIS/Device/ST/STM32L4xx/Include -I../Drivers/CMSIS/Include -O0 -ffunction-sections -fdata-sections -Wall -fstack-usage -MMD -MP -MF"Core/Src/main.d" -MT"Core/Src/main.o" --specs=nano.specs -mfpu=fpv4-sp-d16 -mfloat-abi=hard -mthumb -o "Core/Src/main.o"
arm-none-eabi-gcc "../Core/Src/stm32l4xx_hal_msp.c" -mcpu=cortex-m4 -std=gnu11 -g3 -DDEBUG -DUSE_HAL_DRIVER -DSTM32L432xx -c -I../Core/Inc -I../Drivers/STM32L4xx_HAL_Driver/Inc -I../Drivers/STM32L4xx_HAL_Driver/Inc/Legacy -I../Drivers/CMSIS/Device/ST/STM32L4xx/Include -I../Drivers/CMSIS/Include -O0 -ffunction-sections -fdata-sections -Wall -fstack-usage -MMD -MP -MF"Core/Src/stm32l4xx_hal_msp.d" -MT"Core/Src/stm32l4xx_hal_msp.o" --specs=nano.specs -mfpu=fpv4-sp-d16 -mfloat-abi=hard -mthumb -o "Core/Src/stm32l4xx_hal_msp.o"
arm-none-eabi-gcc "../Core/Src/stm32l4xx_it.c" -mcpu=cortex-m4 -std=gnu11 -g3 -DDEBUG -DUSE_HAL_DRIVER -DSTM32L432xx -c -I../Core/Inc -I../Drivers/STM32L4xx_HAL_Driver/Inc -I../Drivers/STM32L4xx_HAL_Driver/Inc/Legacy -I../Drivers/CMSIS/Device/ST/STM32L4xx/Include -I../Drivers/CMSIS/Include -O0 -ffunction-sections -fdata-sections -Wall -fstack-usage -MMD -MP -MF"Core/Src/stm32l4xx_it.d" -MT"Core/Src/stm32l4xx_it.o" --specs=nano.specs -mfpu=fpv4-sp-d16 -mfloat-abi=hard -mthumb -o "Core/Src/stm32l4xx_it.o"
arm-none-eabi-gcc "../Core/Src/system_stm32l4xx.c" -mcpu=cortex-m4 -std=gnu11 -g3 -DDEBUG -DUSE_HAL_DRIVER -DSTM32L432xx -c -I../Core/Inc -I../Drivers/STM32L4xx_HAL_Driver/Inc -I../Drivers/STM32L4xx_HAL_Driver/Inc/Legacy -I../Drivers/CMSIS/Device/ST/STM32L4xx/Include -I../Drivers/CMSIS/Include -O0 -ffunction-sections -fdata-sections -Wall -fstack-usage -MMD -MP -MF"Core/Src/system_stm32l4xx.d" -MT"Core/Src/system_stm32l4xx.o" --specs=nano.specs -mfpu=fpv4-sp-d16 -mfloat-abi=hard -mthumb -o "Core/Src/system_stm32l4xx.o"
arm-none-eabi-gcc "../Core/Src/tim.c" -mcpu=cortex-m4 -std=gnu11 -g3 -DDEBUG -DUSE_HAL_DRIVER -DSTM32L432xx -c -I../Core/Inc -I../Drivers/STM32L4xx_HAL_Driver/Inc -I../Drivers/STM32L4xx_HAL_Driver/Inc/Legacy -I../Drivers/CMSIS/Device/ST/STM32L4xx/Include -I../Drivers/CMSIS/Include -O0 -ffunction-sections -fdata-sections -Wall -fstack-usage -MMD -MP -MF"Core/Src/tim.d" -MT"Core/Src/tim.o" --specs=nano.specs -mfpu=fpv4-sp-d16 -mfloat-abi=hard -mthumb -o "Core/Src/tim.o"
arm-none-eabi-gcc "../Core/Src/usart.c" -mcpu=cortex-m4 -std=gnu11 -g3 -DDEBUG -DUSE_HAL_DRIVER -DSTM32L432xx -c -I../Core/Inc -I../Drivers/STM32L4xx_HAL_Driver/Inc -I../Drivers/STM32L4xx_HAL_Driver/Inc/Legacy -I../Drivers/CMSIS/Device/ST/STM32L4xx/Include -I../Drivers/CMSIS/Include -O0 -ffunction-sections -fdata-sections -Wall -fstack-usage -MMD -MP -MF"Core/Src/usart.d" -MT"Core/Src/usart.o" --specs=nano.specs -mfpu=fpv4-sp-d16 -mfloat-abi=hard -mthumb -o "Core/Src/usart.o"
../Core/Src/main.c: In function 'HAL_ADC_ConvCpltCallback':
../Core/Src/main.c:65:5: error: 'adc' undeclared (first use in this function); did you mean 'hadc1'?
   65 |     adc[i] = buffer[i];
      |     ^~~
      |     hadc1
../Core/Src/main.c:65:5: note: each undeclared identifier is reported only once for each function it appears in
../Core/Src/main.c:65:14: error: 'buffer' undeclared (first use in this function); did you mean 'setbuffer'?
   65 |     adc[i] = buffer[i];
      |              ^~~~~~
      |              setbuffer
../Core/Src/main.c:66:19: warning: passing argument 1 of 'HAL_ADC_Start_DMA' from incompatible pointer type [-Wincompatible-pointer-types]
   66 | HAL_ADC_Start_DMA(&hadc1, buffer, 6);
      |                   ^~~~~~
      |                   |
      |                   ADC_HandleTypeDef ** {aka struct <anonymous> **}
In file included from ../Core/Inc/stm32l4xx_hal_conf.h:277,
                 from ../Drivers/STM32L4xx_HAL_Driver/Inc/stm32l4xx_hal.h:30,
                 from ../Core/Inc/main.h:31,
                 from ../Core/Src/main.c:21:
../Drivers/STM32L4xx_HAL_Driver/Inc/stm32l4xx_hal_adc.h:1753:62: note: expected 'ADC_HandleTypeDef *' {aka 'struct <anonymous> *'} but argument is of type 'ADC_HandleTypeDef **' {aka 'struct <anonymous> **'}
 1753 | HAL_StatusTypeDef       HAL_ADC_Start_DMA(ADC_HandleTypeDef *hadc, uint32_t *pData, uint32_t Length);
      |                                           ~~~~~~~~~~~~~~~~~~~^~~~
../Core/Src/main.c: In function 'main':
../Core/Src/main.c:118:60: warning: format '%d' expects argument of type 'int', but argument 3 has type 'char *' [-Wformat=]
  118 |    uint8_t  len  =  sprintf((char*)string_buf, "variable: %d \n", variable);
      |                                                           ~^      ~~~~~~~~
      |                                                            |      |
      |                                                            int    char *
      |                                                           %s
../Core/Src/main.c:83:12: warning: unused variable 'buffer' [-Wunused-variable]
   83 |   uint32_t buffer[6];
      |            ^~~~~~
../Core/Src/main.c:82:21: warning: unused variable 'adc' [-Wunused-variable]
   82 |   volatile uint32_t adc[6];
      |                     ^~~
../Core/Src/main.c:81:8: warning: unused variable 'msg' [-Wunused-variable]
   81 |   char msg[10];
      |        ^~~
../Core/Src/main.c:80:12: warning: unused variable 'raw' [-Wunused-variable]
   80 |   uint16_t raw;
      |            ^~~
make: *** [Core/Src/subdir.mk:49: Core/Src/main.o] Error 1
make: *** Waiting for unfinished jobs....
"make -j12 all" terminated with exit code 2. Build might be incomplete.
01:03:27 **** Incremental Build of configuration Debug for project ArmuroLeer ****
make -j12 all 
arm-none-eabi-gcc "../Core/Src/main.c" -mcpu=cortex-m4 -std=gnu11 -g3 -DDEBUG -DUSE_HAL_DRIVER -DSTM32L432xx -c -I../Core/Inc -I../Drivers/STM32L4xx_HAL_Driver/Inc -I../Drivers/STM32L4xx_HAL_Driver/Inc/Legacy -I../Drivers/CMSIS/Device/ST/STM32L4xx/Include -I../Drivers/CMSIS/Include -O0 -ffunction-sections -fdata-sections -Wall -fstack-usage -MMD -MP -MF"Core/Src/main.d" -MT"Core/Src/main.o" --specs=nano.specs -mfpu=fpv4-sp-d16 -mfloat-abi=hard -mthumb -o "Core/Src/main.o"
../Core/Src/main.c: In function 'HAL_ADC_ConvCpltCallback':
../Core/Src/main.c:68:19: warning: passing argument 1 of 'HAL_ADC_Start_DMA' from incompatible pointer type [-Wincompatible-pointer-types]
   68 | HAL_ADC_Start_DMA(&hadc1, buffer, 6);
      |                   ^~~~~~
      |                   |
      |                   ADC_HandleTypeDef ** {aka struct <anonymous> **}
In file included from ../Core/Inc/stm32l4xx_hal_conf.h:277,
                 from ../Drivers/STM32L4xx_HAL_Driver/Inc/stm32l4xx_hal.h:30,
                 from ../Core/Inc/main.h:31,
                 from ../Core/Src/main.c:21:
../Drivers/STM32L4xx_HAL_Driver/Inc/stm32l4xx_hal_adc.h:1753:62: note: expected 'ADC_HandleTypeDef *' {aka 'struct <anonymous> *'} but argument is of type 'ADC_HandleTypeDef **' {aka 'struct <anonymous> **'}
 1753 | HAL_StatusTypeDef       HAL_ADC_Start_DMA(ADC_HandleTypeDef *hadc, uint32_t *pData, uint32_t Length);
      |                                           ~~~~~~~~~~~~~~~~~~~^~~~
../Core/Src/main.c: In function 'main':
../Core/Src/main.c:119:60: warning: format '%d' expects argument of type 'int', but argument 3 has type 'char *' [-Wformat=]
  119 |    uint8_t  len  =  sprintf((char*)string_buf, "variable: %d \n", variable);
      |                                                           ~^      ~~~~~~~~
      |                                                            |      |
      |                                                            int    char *
      |                                                           %s
../Core/Src/main.c:83:8: warning: unused variable 'msg' [-Wunused-variable]
   83 |   char msg[10];
      |        ^~~
../Core/Src/main.c:82:12: warning: unused variable 'raw' [-Wunused-variable]
   82 |   uint16_t raw;
      |            ^~~
arm-none-eabi-gcc -o "ArmuroLeer.elf" @"objects.list"   -mcpu=cortex-m4 -T"C:\Users\Pierre\Documents\edu\uni\robotics\ArmuroLeer\STM32L432KCUX_FLASH.ld" --specs=nosys.specs -Wl,-Map="ArmuroLeer.map" -Wl,--gc-sections -static --specs=nano.specs -mfpu=fpv4-sp-d16 -mfloat-abi=hard -mthumb -Wl,--start-group -lc -lm -Wl,--end-group
Finished building target: ArmuroLeer.elf
 
arm-none-eabi-size   ArmuroLeer.elf 
arm-none-eabi-objdump -h -S  ArmuroLeer.elf  > "ArmuroLeer.list"
arm-none-eabi-objcopy  -O binary  ArmuroLeer.elf  "ArmuroLeer.bin"
   text	   data	    bss	    dec	    hex	filename
  22792	    120	   1976	  24888	   6138	ArmuroLeer.elf
Finished building: default.size.stdout
 
Finished building: ArmuroLeer.bin
 
Finished building: ArmuroLeer.list
 
01:03:32 **** Incremental Build of configuration Debug for project ArmuroLeer ****
make -j12 all 
arm-none-eabi-size   ArmuroLeer.elf 
   text	   data	    bss	    dec	    hex	filename
  22792	    120	   1976	  24888	   6138	ArmuroLeer.elf
Finished building: default.size.stdout
 
01:06:01 **** Incremental Build of configuration Debug for project ArmuroLeer ****
make -j12 all 
arm-none-eabi-gcc "../Core/Src/main.c" -mcpu=cortex-m4 -std=gnu11 -g3 -DDEBUG -DUSE_HAL_DRIVER -DSTM32L432xx -c -I../Core/Inc -I../Drivers/STM32L4xx_HAL_Driver/Inc -I../Drivers/STM32L4xx_HAL_Driver/Inc/Legacy -I../Drivers/CMSIS/Device/ST/STM32L4xx/Include -I../Drivers/CMSIS/Include -O0 -ffunction-sections -fdata-sections -Wall -fstack-usage -MMD -MP -MF"Core/Src/main.d" -MT"Core/Src/main.o" --specs=nano.specs -mfpu=fpv4-sp-d16 -mfloat-abi=hard -mthumb -o "Core/Src/main.o"
../Core/Src/main.c: In function 'HAL_ADC_ConvCpltCallback':
../Core/Src/main.c:68:19: warning: passing argument 1 of 'HAL_ADC_Start_DMA' from incompatible pointer type [-Wincompatible-pointer-types]
   68 | HAL_ADC_Start_DMA(&hadc1, buffer, 6);
      |                   ^~~~~~
      |                   |
      |                   ADC_HandleTypeDef ** {aka struct <anonymous> **}
In file included from ../Core/Inc/stm32l4xx_hal_conf.h:277,
                 from ../Drivers/STM32L4xx_HAL_Driver/Inc/stm32l4xx_hal.h:30,
                 from ../Core/Inc/main.h:31,
                 from ../Core/Src/main.c:21:
../Drivers/STM32L4xx_HAL_Driver/Inc/stm32l4xx_hal_adc.h:1753:62: note: expected 'ADC_HandleTypeDef *' {aka 'struct <anonymous> *'} but argument is of type 'ADC_HandleTypeDef **' {aka 'struct <anonymous> **'}
 1753 | HAL_StatusTypeDef       HAL_ADC_Start_DMA(ADC_HandleTypeDef *hadc, uint32_t *pData, uint32_t Length);
      |                                           ~~~~~~~~~~~~~~~~~~~^~~~
../Core/Src/main.c: In function 'main':
../Core/Src/main.c:119:60: warning: format '%d' expects argument of type 'int', but argument 3 has type 'char *' [-Wformat=]
  119 |    uint8_t  len  =  sprintf((char*)string_buf, "variable: %d \n", variable);
      |                                                           ~^      ~~~~~~~~
      |                                                            |      |
      |                                                            int    char *
      |                                                           %s
../Core/Src/main.c:123:17: warning: format '%d' expects argument of type 'int', but argument 2 has type 'uint32_t' {aka 'volatile long unsigned int'} [-Wformat=]
  123 |        printf("%d ", adc[i]);
      |                ~^    ~~~~~~
      |                 |       |
      |                 int     uint32_t {aka volatile long unsigned int}
      |                %ld
../Core/Src/main.c:83:8: warning: unused variable 'msg' [-Wunused-variable]
   83 |   char msg[10];
      |        ^~~
../Core/Src/main.c:82:12: warning: unused variable 'raw' [-Wunused-variable]
   82 |   uint16_t raw;
      |            ^~~
arm-none-eabi-gcc -o "ArmuroLeer.elf" @"objects.list"   -mcpu=cortex-m4 -T"C:\Users\Pierre\Documents\edu\uni\robotics\ArmuroLeer\STM32L432KCUX_FLASH.ld" --specs=nosys.specs -Wl,-Map="ArmuroLeer.map" -Wl,--gc-sections -static --specs=nano.specs -mfpu=fpv4-sp-d16 -mfloat-abi=hard -mthumb -Wl,--start-group -lc -lm -Wl,--end-group
Finished building target: ArmuroLeer.elf
 
arm-none-eabi-size   ArmuroLeer.elf 
arm-none-eabi-objdump -h -S  ArmuroLeer.elf  > "ArmuroLeer.list"
arm-none-eabi-objcopy  -O binary  ArmuroLeer.elf  "ArmuroLeer.bin"
   text	   data	    bss	    dec	    hex	filename
  25900	    120	   2024	  28044	   6d8c	ArmuroLeer.elf
Finished building: default.size.stdout
 
Finished building: ArmuroLeer.bin
 
Finished building: ArmuroLeer.list
 
01:10:28 **** Incremental Build of configuration Debug for project ArmuroLeer ****
make -j12 all 
arm-none-eabi-gcc "../Core/Src/main.c" -mcpu=cortex-m4 -std=gnu11 -g3 -DDEBUG -DUSE_HAL_DRIVER -DSTM32L432xx -c -I../Core/Inc -I../Drivers/STM32L4xx_HAL_Driver/Inc -I../Drivers/STM32L4xx_HAL_Driver/Inc/Legacy -I../Drivers/CMSIS/Device/ST/STM32L4xx/Include -I../Drivers/CMSIS/Include -O0 -ffunction-sections -fdata-sections -Wall -fstack-usage -MMD -MP -MF"Core/Src/main.d" -MT"Core/Src/main.o" --specs=nano.specs -mfpu=fpv4-sp-d16 -mfloat-abi=hard -mthumb -o "Core/Src/main.o"
../Core/Src/main.c: In function 'HAL_ADC_ConvCpltCallback':
../Core/Src/main.c:68:19: warning: passing argument 1 of 'HAL_ADC_Start_DMA' from incompatible pointer type [-Wincompatible-pointer-types]
   68 | HAL_ADC_Start_DMA(&hadc1, buffer, 6);
      |                   ^~~~~~
      |                   |
      |                   ADC_HandleTypeDef ** {aka struct <anonymous> **}
In file included from ../Core/Inc/stm32l4xx_hal_conf.h:277,
                 from ../Drivers/STM32L4xx_HAL_Driver/Inc/stm32l4xx_hal.h:30,
                 from ../Core/Inc/main.h:31,
                 from ../Core/Src/main.c:21:
../Drivers/STM32L4xx_HAL_Driver/Inc/stm32l4xx_hal_adc.h:1753:62: note: expected 'ADC_HandleTypeDef *' {aka 'struct <anonymous> *'} but argument is of type 'ADC_HandleTypeDef **' {aka 'struct <anonymous> **'}
 1753 | HAL_StatusTypeDef       HAL_ADC_Start_DMA(ADC_HandleTypeDef *hadc, uint32_t *pData, uint32_t Length);
      |                                           ~~~~~~~~~~~~~~~~~~~^~~~
../Core/Src/main.c: In function 'main':
../Core/Src/main.c:119:60: warning: format '%d' expects argument of type 'int', but argument 3 has type 'char *' [-Wformat=]
  119 |    uint8_t  len  =  sprintf((char*)string_buf, "variable: %d \n", variable);
      |                                                           ~^      ~~~~~~~~
      |                                                            |      |
      |                                                            int    char *
      |                                                           %s
../Core/Src/main.c:83:8: warning: unused variable 'msg' [-Wunused-variable]
   83 |   char msg[10];
      |        ^~~
../Core/Src/main.c:82:12: warning: unused variable 'raw' [-Wunused-variable]
   82 |   uint16_t raw;
      |            ^~~
arm-none-eabi-gcc -o "ArmuroLeer.elf" @"objects.list"   -mcpu=cortex-m4 -T"C:\Users\Pierre\Documents\edu\uni\robotics\ArmuroLeer\STM32L432KCUX_FLASH.ld" --specs=nosys.specs -Wl,-Map="ArmuroLeer.map" -Wl,--gc-sections -static --specs=nano.specs -mfpu=fpv4-sp-d16 -mfloat-abi=hard -mthumb -Wl,--start-group -lc -lm -Wl,--end-group
Finished building target: ArmuroLeer.elf
 
arm-none-eabi-size   ArmuroLeer.elf 
arm-none-eabi-objdump -h -S  ArmuroLeer.elf  > "ArmuroLeer.list"
arm-none-eabi-objcopy  -O binary  ArmuroLeer.elf  "ArmuroLeer.bin"
   text	   data	    bss	    dec	    hex	filename
  22792	    120	   1976	  24888	   6138	ArmuroLeer.elf
Finished building: default.size.stdout
 
Finished building: ArmuroLeer.bin
 
Finished building: ArmuroLeer.list
 
01:16:31 **** Incremental Build of configuration Debug for project ArmuroLeer ****
make -j12 all 
arm-none-eabi-gcc "../Core/Src/main.c" -mcpu=cortex-m4 -std=gnu11 -g3 -DDEBUG -DUSE_HAL_DRIVER -DSTM32L432xx -c -I../Core/Inc -I../Drivers/STM32L4xx_HAL_Driver/Inc -I../Drivers/STM32L4xx_HAL_Driver/Inc/Legacy -I../Drivers/CMSIS/Device/ST/STM32L4xx/Include -I../Drivers/CMSIS/Include -O0 -ffunction-sections -fdata-sections -Wall -fstack-usage -MMD -MP -MF"Core/Src/main.d" -MT"Core/Src/main.o" --specs=nano.specs -mfpu=fpv4-sp-d16 -mfloat-abi=hard -mthumb -o "Core/Src/main.o"
../Core/Src/main.c: In function 'HAL_ADC_ConvCpltCallback':
../Core/Src/main.c:68:19: warning: passing argument 1 of 'HAL_ADC_Start_DMA' from incompatible pointer type [-Wincompatible-pointer-types]
   68 | HAL_ADC_Start_DMA(&hadc1, buffer, 6);
      |                   ^~~~~~
      |                   |
      |                   ADC_HandleTypeDef ** {aka struct <anonymous> **}
In file included from ../Core/Inc/stm32l4xx_hal_conf.h:277,
                 from ../Drivers/STM32L4xx_HAL_Driver/Inc/stm32l4xx_hal.h:30,
                 from ../Core/Inc/main.h:31,
                 from ../Core/Src/main.c:21:
../Drivers/STM32L4xx_HAL_Driver/Inc/stm32l4xx_hal_adc.h:1753:62: note: expected 'ADC_HandleTypeDef *' {aka 'struct <anonymous> *'} but argument is of type 'ADC_HandleTypeDef **' {aka 'struct <anonymous> **'}
 1753 | HAL_StatusTypeDef       HAL_ADC_Start_DMA(ADC_HandleTypeDef *hadc, uint32_t *pData, uint32_t Length);
      |                                           ~~~~~~~~~~~~~~~~~~~^~~~
../Core/Src/main.c: In function 'main':
../Core/Src/main.c:120:13: error: assignment to expression with array type
  120 |    variable = adc;
      |             ^
../Core/Src/main.c:121:60: warning: format '%d' expects argument of type 'int', but argument 3 has type 'int *' [-Wformat=]
  121 |    uint8_t  len  =  sprintf((char*)string_buf, "variable: %d \n", variable);
      |                                                           ~^      ~~~~~~~~
      |                                                            |      |
      |                                                            int    int *
      |                                                           %ls
../Core/Src/main.c:83:8: warning: unused variable 'msg' [-Wunused-variable]
   83 |   char msg[10];
      |        ^~~
../Core/Src/main.c:82:12: warning: unused variable 'raw' [-Wunused-variable]
   82 |   uint16_t raw;
      |            ^~~
make: *** [Core/Src/subdir.mk:49: Core/Src/main.o] Error 1
"make -j12 all" terminated with exit code 2. Build might be incomplete.
01:18:46 **** Incremental Build of configuration Debug for project ArmuroLeer ****
make -j12 all 
arm-none-eabi-gcc "../Core/Src/main.c" -mcpu=cortex-m4 -std=gnu11 -g3 -DDEBUG -DUSE_HAL_DRIVER -DSTM32L432xx -c -I../Core/Inc -I../Drivers/STM32L4xx_HAL_Driver/Inc -I../Drivers/STM32L4xx_HAL_Driver/Inc/Legacy -I../Drivers/CMSIS/Device/ST/STM32L4xx/Include -I../Drivers/CMSIS/Include -O0 -ffunction-sections -fdata-sections -Wall -fstack-usage -MMD -MP -MF"Core/Src/main.d" -MT"Core/Src/main.o" --specs=nano.specs -mfpu=fpv4-sp-d16 -mfloat-abi=hard -mthumb -o "Core/Src/main.o"
../Core/Src/main.c: In function 'HAL_ADC_ConvCpltCallback':
../Core/Src/main.c:68:19: warning: passing argument 1 of 'HAL_ADC_Start_DMA' from incompatible pointer type [-Wincompatible-pointer-types]
   68 | HAL_ADC_Start_DMA(&hadc1, buffer, 6);
      |                   ^~~~~~
      |                   |
      |                   ADC_HandleTypeDef ** {aka struct <anonymous> **}
In file included from ../Core/Inc/stm32l4xx_hal_conf.h:277,
                 from ../Drivers/STM32L4xx_HAL_Driver/Inc/stm32l4xx_hal.h:30,
                 from ../Core/Inc/main.h:31,
                 from ../Core/Src/main.c:21:
../Drivers/STM32L4xx_HAL_Driver/Inc/stm32l4xx_hal_adc.h:1753:62: note: expected 'ADC_HandleTypeDef *' {aka 'struct <anonymous> *'} but argument is of type 'ADC_HandleTypeDef **' {aka 'struct <anonymous> **'}
 1753 | HAL_StatusTypeDef       HAL_ADC_Start_DMA(ADC_HandleTypeDef *hadc, uint32_t *pData, uint32_t Length);
      |                                           ~~~~~~~~~~~~~~~~~~~^~~~
../Core/Src/main.c: In function 'main':
../Core/Src/main.c:120:13: warning: assignment to 'int *' from 'uint32_t' {aka 'volatile long unsigned int'} makes pointer from integer without a cast [-Wint-conversion]
  120 |    variable = adc[0];
      |             ^
../Core/Src/main.c:121:60: warning: format '%d' expects argument of type 'int', but argument 3 has type 'int *' [-Wformat=]
  121 |    uint8_t  len  =  sprintf((char*)string_buf, "variable: %d \n", variable);
      |                                                           ~^      ~~~~~~~~
      |                                                            |      |
      |                                                            int    int *
      |                                                           %ls
../Core/Src/main.c:118:11: warning: unused variable 'n_adc' [-Wunused-variable]
  118 |    size_t n_adc = sizeof(adc)/sizeof(adc[0]);
      |           ^~~~~
../Core/Src/main.c:83:8: warning: unused variable 'msg' [-Wunused-variable]
   83 |   char msg[10];
      |        ^~~
../Core/Src/main.c:82:12: warning: unused variable 'raw' [-Wunused-variable]
   82 |   uint16_t raw;
      |            ^~~
arm-none-eabi-gcc -o "ArmuroLeer.elf" @"objects.list"   -mcpu=cortex-m4 -T"C:\Users\Pierre\Documents\edu\uni\robotics\ArmuroLeer\STM32L432KCUX_FLASH.ld" --specs=nosys.specs -Wl,-Map="ArmuroLeer.map" -Wl,--gc-sections -static --specs=nano.specs -mfpu=fpv4-sp-d16 -mfloat-abi=hard -mthumb -Wl,--start-group -lc -lm -Wl,--end-group
Finished building target: ArmuroLeer.elf
 
arm-none-eabi-size   ArmuroLeer.elf 
arm-none-eabi-objdump -h -S  ArmuroLeer.elf  > "ArmuroLeer.list"
arm-none-eabi-objcopy  -O binary  ArmuroLeer.elf  "ArmuroLeer.bin"
   text	   data	    bss	    dec	    hex	filename
  22776	    120	   2024	  24920	   6158	ArmuroLeer.elf
Finished building: default.size.stdout
 
Finished building: ArmuroLeer.bin
 
Finished building: ArmuroLeer.list
 
01:18:50 **** Incremental Build of configuration Debug for project ArmuroLeer ****
make -j12 all 
arm-none-eabi-size   ArmuroLeer.elf 
   text	   data	    bss	    dec	    hex	filename
  22776	    120	   2024	  24920	   6158	ArmuroLeer.elf
Finished building: default.size.stdout
 
01:26:24 **** Incremental Build of configuration Debug for project ArmuroLeer ****
make -j12 all 
arm-none-eabi-gcc "../Core/Src/main.c" -mcpu=cortex-m4 -std=gnu11 -g3 -DDEBUG -DUSE_HAL_DRIVER -DSTM32L432xx -c -I../Core/Inc -I../Drivers/STM32L4xx_HAL_Driver/Inc -I../Drivers/STM32L4xx_HAL_Driver/Inc/Legacy -I../Drivers/CMSIS/Device/ST/STM32L4xx/Include -I../Drivers/CMSIS/Include -O0 -ffunction-sections -fdata-sections -Wall -fstack-usage -MMD -MP -MF"Core/Src/main.d" -MT"Core/Src/main.o" --specs=nano.specs -mfpu=fpv4-sp-d16 -mfloat-abi=hard -mthumb -o "Core/Src/main.o"
../Core/Src/main.c: In function 'HAL_ADC_ConvCpltCallback':
../Core/Src/main.c:68:19: warning: passing argument 1 of 'HAL_ADC_Start_DMA' from incompatible pointer type [-Wincompatible-pointer-types]
   68 | HAL_ADC_Start_DMA(&hadc1, buffer, 6);
      |                   ^~~~~~
      |                   |
      |                   ADC_HandleTypeDef ** {aka struct <anonymous> **}
In file included from ../Core/Inc/stm32l4xx_hal_conf.h:277,
                 from ../Drivers/STM32L4xx_HAL_Driver/Inc/stm32l4xx_hal.h:30,
                 from ../Core/Inc/main.h:31,
                 from ../Core/Src/main.c:21:
../Drivers/STM32L4xx_HAL_Driver/Inc/stm32l4xx_hal_adc.h:1753:62: note: expected 'ADC_HandleTypeDef *' {aka 'struct <anonymous> *'} but argument is of type 'ADC_HandleTypeDef **' {aka 'struct <anonymous> **'}
 1753 | HAL_StatusTypeDef       HAL_ADC_Start_DMA(ADC_HandleTypeDef *hadc, uint32_t *pData, uint32_t Length);
      |                                           ~~~~~~~~~~~~~~~~~~~^~~~
../Core/Src/main.c: In function 'main':
../Core/Src/main.c:117:36: error: 'string_buf' undeclared (first use in this function)
  117 |    uint8_t  len  =  sprintf((char*)string_buf, "value %d: %d \n", variable, i);
      |                                    ^~~~~~~~~~
../Core/Src/main.c:117:36: note: each undeclared identifier is reported only once for each function it appears in
../Core/Src/main.c:117:77: error: 'i' undeclared (first use in this function)
  117 |    uint8_t  len  =  sprintf((char*)string_buf, "value %d: %d \n", variable, i);
      |                                                                             ^
../Core/Src/main.c:121:11: warning: unused variable 'n_adc' [-Wunused-variable]
  121 |    size_t n_adc = sizeof(adc)/sizeof(adc[0]);
      |           ^~~~~
../Core/Src/main.c:83:8: warning: unused variable 'msg' [-Wunused-variable]
   83 |   char msg[10];
      |        ^~~
../Core/Src/main.c:82:12: warning: unused variable 'raw' [-Wunused-variable]
   82 |   uint16_t raw;
      |            ^~~
make: *** [Core/Src/subdir.mk:49: Core/Src/main.o] Error 1
"make -j12 all" terminated with exit code 2. Build might be incomplete.
01:27:25 **** Incremental Build of configuration Debug for project ArmuroLeer ****
make -j12 all 
arm-none-eabi-gcc "../Core/Src/main.c" -mcpu=cortex-m4 -std=gnu11 -g3 -DDEBUG -DUSE_HAL_DRIVER -DSTM32L432xx -c -I../Core/Inc -I../Drivers/STM32L4xx_HAL_Driver/Inc -I../Drivers/STM32L4xx_HAL_Driver/Inc/Legacy -I../Drivers/CMSIS/Device/ST/STM32L4xx/Include -I../Drivers/CMSIS/Include -O0 -ffunction-sections -fdata-sections -Wall -fstack-usage -MMD -MP -MF"Core/Src/main.d" -MT"Core/Src/main.o" --specs=nano.specs -mfpu=fpv4-sp-d16 -mfloat-abi=hard -mthumb -o "Core/Src/main.o"
../Core/Src/main.c: In function 'HAL_ADC_ConvCpltCallback':
../Core/Src/main.c:68:19: warning: passing argument 1 of 'HAL_ADC_Start_DMA' from incompatible pointer type [-Wincompatible-pointer-types]
   68 | HAL_ADC_Start_DMA(&hadc1, buffer, 6);
      |                   ^~~~~~
      |                   |
      |                   ADC_HandleTypeDef ** {aka struct <anonymous> **}
In file included from ../Core/Inc/stm32l4xx_hal_conf.h:277,
                 from ../Drivers/STM32L4xx_HAL_Driver/Inc/stm32l4xx_hal.h:30,
                 from ../Core/Inc/main.h:31,
                 from ../Core/Src/main.c:21:
../Drivers/STM32L4xx_HAL_Driver/Inc/stm32l4xx_hal_adc.h:1753:62: note: expected 'ADC_HandleTypeDef *' {aka 'struct <anonymous> *'} but argument is of type 'ADC_HandleTypeDef **' {aka 'struct <anonymous> **'}
 1753 | HAL_StatusTypeDef       HAL_ADC_Start_DMA(ADC_HandleTypeDef *hadc, uint32_t *pData, uint32_t Length);
      |                                           ~~~~~~~~~~~~~~~~~~~^~~~
../Core/Src/main.c: In function 'main':
../Core/Src/main.c:117:36: error: 'string_buf' undeclared (first use in this function)
  117 |    uint8_t  len  =  sprintf((char*)string_buf, "value %d: %d \n", variable);
      |                                    ^~~~~~~~~~
../Core/Src/main.c:117:36: note: each undeclared identifier is reported only once for each function it appears in
../Core/Src/main.c:121:11: warning: unused variable 'n_adc' [-Wunused-variable]
  121 |    size_t n_adc = sizeof(adc)/sizeof(adc[0]);
      |           ^~~~~
../Core/Src/main.c:83:8: warning: unused variable 'msg' [-Wunused-variable]
   83 |   char msg[10];
      |        ^~~
../Core/Src/main.c:82:12: warning: unused variable 'raw' [-Wunused-variable]
   82 |   uint16_t raw;
      |            ^~~
make: *** [Core/Src/subdir.mk:49: Core/Src/main.o] Error 1
"make -j12 all" terminated with exit code 2. Build might be incomplete.
01:28:01 **** Incremental Build of configuration Debug for project ArmuroLeer ****
make -j12 all 
arm-none-eabi-gcc "../Core/Src/main.c" -mcpu=cortex-m4 -std=gnu11 -g3 -DDEBUG -DUSE_HAL_DRIVER -DSTM32L432xx -c -I../Core/Inc -I../Drivers/STM32L4xx_HAL_Driver/Inc -I../Drivers/STM32L4xx_HAL_Driver/Inc/Legacy -I../Drivers/CMSIS/Device/ST/STM32L4xx/Include -I../Drivers/CMSIS/Include -O0 -ffunction-sections -fdata-sections -Wall -fstack-usage -MMD -MP -MF"Core/Src/main.d" -MT"Core/Src/main.o" --specs=nano.specs -mfpu=fpv4-sp-d16 -mfloat-abi=hard -mthumb -o "Core/Src/main.o"
../Core/Src/main.c: In function 'HAL_ADC_ConvCpltCallback':
../Core/Src/main.c:68:19: warning: passing argument 1 of 'HAL_ADC_Start_DMA' from incompatible pointer type [-Wincompatible-pointer-types]
   68 | HAL_ADC_Start_DMA(&hadc1, buffer, 6);
      |                   ^~~~~~
      |                   |
      |                   ADC_HandleTypeDef ** {aka struct <anonymous> **}
In file included from ../Core/Inc/stm32l4xx_hal_conf.h:277,
                 from ../Drivers/STM32L4xx_HAL_Driver/Inc/stm32l4xx_hal.h:30,
                 from ../Core/Inc/main.h:31,
                 from ../Core/Src/main.c:21:
../Drivers/STM32L4xx_HAL_Driver/Inc/stm32l4xx_hal_adc.h:1753:62: note: expected 'ADC_HandleTypeDef *' {aka 'struct <anonymous> *'} but argument is of type 'ADC_HandleTypeDef **' {aka 'struct <anonymous> **'}
 1753 | HAL_StatusTypeDef       HAL_ADC_Start_DMA(ADC_HandleTypeDef *hadc, uint32_t *pData, uint32_t Length);
      |                                           ~~~~~~~~~~~~~~~~~~~^~~~
../Core/Src/main.c: In function 'main':
../Core/Src/main.c:118:60: warning: format '%d' expects a matching 'int' argument [-Wformat=]
  118 |    uint8_t  len  =  sprintf((char*)string_buf, "value %d: %d \n", variable);
      |                                                           ~^
      |                                                            |
      |                                                            int
../Core/Src/main.c:121:11: warning: unused variable 'n_adc' [-Wunused-variable]
  121 |    size_t n_adc = sizeof(adc)/sizeof(adc[0]);
      |           ^~~~~
../Core/Src/main.c:83:8: warning: unused variable 'msg' [-Wunused-variable]
   83 |   char msg[10];
      |        ^~~
../Core/Src/main.c:82:12: warning: unused variable 'raw' [-Wunused-variable]
   82 |   uint16_t raw;
      |            ^~~
arm-none-eabi-gcc -o "ArmuroLeer.elf" @"objects.list"   -mcpu=cortex-m4 -T"C:\Users\Pierre\Documents\edu\uni\robotics\ArmuroLeer\STM32L432KCUX_FLASH.ld" --specs=nosys.specs -Wl,-Map="ArmuroLeer.map" -Wl,--gc-sections -static --specs=nano.specs -mfpu=fpv4-sp-d16 -mfloat-abi=hard -mthumb -Wl,--start-group -lc -lm -Wl,--end-group
Finished building target: ArmuroLeer.elf
 
arm-none-eabi-size   ArmuroLeer.elf 
arm-none-eabi-objdump -h -S  ArmuroLeer.elf  > "ArmuroLeer.list"
arm-none-eabi-objcopy  -O binary  ArmuroLeer.elf  "ArmuroLeer.bin"
   text	   data	    bss	    dec	    hex	filename
  22836	    120	   2024	  24980	   6194	ArmuroLeer.elf
Finished building: default.size.stdout
 
Finished building: ArmuroLeer.bin
 
Finished building: ArmuroLeer.list
 
01:28:05 **** Incremental Build of configuration Debug for project ArmuroLeer ****
make -j12 all 
arm-none-eabi-size   ArmuroLeer.elf 
   text	   data	    bss	    dec	    hex	filename
  22836	    120	   2024	  24980	   6194	ArmuroLeer.elf
Finished building: default.size.stdout
 
01:31:10 **** Incremental Build of configuration Debug for project ArmuroLeer ****
make -j12 all 
arm-none-eabi-gcc "../Core/Src/main.c" -mcpu=cortex-m4 -std=gnu11 -g3 -DDEBUG -DUSE_HAL_DRIVER -DSTM32L432xx -c -I../Core/Inc -I../Drivers/STM32L4xx_HAL_Driver/Inc -I../Drivers/STM32L4xx_HAL_Driver/Inc/Legacy -I../Drivers/CMSIS/Device/ST/STM32L4xx/Include -I../Drivers/CMSIS/Include -O0 -ffunction-sections -fdata-sections -Wall -fstack-usage -MMD -MP -MF"Core/Src/main.d" -MT"Core/Src/main.o" --specs=nano.specs -mfpu=fpv4-sp-d16 -mfloat-abi=hard -mthumb -o "Core/Src/main.o"
../Core/Src/main.c: In function 'HAL_ADC_ConvCpltCallback':
../Core/Src/main.c:68:19: warning: passing argument 1 of 'HAL_ADC_Start_DMA' from incompatible pointer type [-Wincompatible-pointer-types]
   68 | HAL_ADC_Start_DMA(&hadc1, buffer, 6);
      |                   ^~~~~~
      |                   |
      |                   ADC_HandleTypeDef ** {aka struct <anonymous> **}
In file included from ../Core/Inc/stm32l4xx_hal_conf.h:277,
                 from ../Drivers/STM32L4xx_HAL_Driver/Inc/stm32l4xx_hal.h:30,
                 from ../Core/Inc/main.h:31,
                 from ../Core/Src/main.c:21:
../Drivers/STM32L4xx_HAL_Driver/Inc/stm32l4xx_hal_adc.h:1753:62: note: expected 'ADC_HandleTypeDef *' {aka 'struct <anonymous> *'} but argument is of type 'ADC_HandleTypeDef **' {aka 'struct <anonymous> **'}
 1753 | HAL_StatusTypeDef       HAL_ADC_Start_DMA(ADC_HandleTypeDef *hadc, uint32_t *pData, uint32_t Length);
      |                                           ~~~~~~~~~~~~~~~~~~~^~~~
../Core/Src/main.c: In function 'main':
../Core/Src/main.c:123:11: warning: unused variable 'n_adc' [-Wunused-variable]
  123 |    size_t n_adc = sizeof(adc)/sizeof(adc[0]);
      |           ^~~~~
../Core/Src/main.c:83:8: warning: unused variable 'msg' [-Wunused-variable]
   83 |   char msg[10];
      |        ^~~
../Core/Src/main.c:82:12: warning: unused variable 'raw' [-Wunused-variable]
   82 |   uint16_t raw;
      |            ^~~
arm-none-eabi-gcc -o "ArmuroLeer.elf" @"objects.list"   -mcpu=cortex-m4 -T"C:\Users\Pierre\Documents\edu\uni\robotics\ArmuroLeer\STM32L432KCUX_FLASH.ld" --specs=nosys.specs -Wl,-Map="ArmuroLeer.map" -Wl,--gc-sections -static --specs=nano.specs -mfpu=fpv4-sp-d16 -mfloat-abi=hard -mthumb -Wl,--start-group -lc -lm -Wl,--end-group
Finished building target: ArmuroLeer.elf
 
arm-none-eabi-size   ArmuroLeer.elf 
arm-none-eabi-objdump -h -S  ArmuroLeer.elf  > "ArmuroLeer.list"
arm-none-eabi-objcopy  -O binary  ArmuroLeer.elf  "ArmuroLeer.bin"
   text	   data	    bss	    dec	    hex	filename
  23672	    120	   2024	  25816	   64d8	ArmuroLeer.elf
Finished building: default.size.stdout
 
Finished building: ArmuroLeer.bin
 
Finished building: ArmuroLeer.list
 
01:32:44 **** Incremental Build of configuration Debug for project ArmuroLeer ****
make -j12 all 
arm-none-eabi-gcc "../Core/Src/main.c" -mcpu=cortex-m4 -std=gnu11 -g3 -DDEBUG -DUSE_HAL_DRIVER -DSTM32L432xx -c -I../Core/Inc -I../Drivers/STM32L4xx_HAL_Driver/Inc -I../Drivers/STM32L4xx_HAL_Driver/Inc/Legacy -I../Drivers/CMSIS/Device/ST/STM32L4xx/Include -I../Drivers/CMSIS/Include -O0 -ffunction-sections -fdata-sections -Wall -fstack-usage -MMD -MP -MF"Core/Src/main.d" -MT"Core/Src/main.o" --specs=nano.specs -mfpu=fpv4-sp-d16 -mfloat-abi=hard -mthumb -o "Core/Src/main.o"
../Core/Src/main.c: In function 'HAL_ADC_ConvCpltCallback':
../Core/Src/main.c:68:19: warning: passing argument 1 of 'HAL_ADC_Start_DMA' from incompatible pointer type [-Wincompatible-pointer-types]
   68 | HAL_ADC_Start_DMA(&hadc1, buffer, 6);
      |                   ^~~~~~
      |                   |
      |                   ADC_HandleTypeDef ** {aka struct <anonymous> **}
In file included from ../Core/Inc/stm32l4xx_hal_conf.h:277,
                 from ../Drivers/STM32L4xx_HAL_Driver/Inc/stm32l4xx_hal.h:30,
                 from ../Core/Inc/main.h:31,
                 from ../Core/Src/main.c:21:
../Drivers/STM32L4xx_HAL_Driver/Inc/stm32l4xx_hal_adc.h:1753:62: note: expected 'ADC_HandleTypeDef *' {aka 'struct <anonymous> *'} but argument is of type 'ADC_HandleTypeDef **' {aka 'struct <anonymous> **'}
 1753 | HAL_StatusTypeDef       HAL_ADC_Start_DMA(ADC_HandleTypeDef *hadc, uint32_t *pData, uint32_t Length);
      |                                           ~~~~~~~~~~~~~~~~~~~^~~~
../Core/Src/main.c: In function 'main':
../Core/Src/main.c:83:8: warning: unused variable 'msg' [-Wunused-variable]
   83 |   char msg[10];
      |        ^~~
../Core/Src/main.c:82:12: warning: unused variable 'raw' [-Wunused-variable]
   82 |   uint16_t raw;
      |            ^~~
arm-none-eabi-gcc -o "ArmuroLeer.elf" @"objects.list"   -mcpu=cortex-m4 -T"C:\Users\Pierre\Documents\edu\uni\robotics\ArmuroLeer\STM32L432KCUX_FLASH.ld" --specs=nosys.specs -Wl,-Map="ArmuroLeer.map" -Wl,--gc-sections -static --specs=nano.specs -mfpu=fpv4-sp-d16 -mfloat-abi=hard -mthumb -Wl,--start-group -lc -lm -Wl,--end-group
Finished building target: ArmuroLeer.elf
 
arm-none-eabi-size   ArmuroLeer.elf 
arm-none-eabi-objdump -h -S  ArmuroLeer.elf  > "ArmuroLeer.list"
arm-none-eabi-objcopy  -O binary  ArmuroLeer.elf  "ArmuroLeer.bin"
   text	   data	    bss	    dec	    hex	filename
  23676	    120	   2024	  25820	   64dc	ArmuroLeer.elf
Finished building: default.size.stdout
 
Finished building: ArmuroLeer.bin
 
Finished building: ArmuroLeer.list
 
01:33:41 **** Incremental Build of configuration Debug for project ArmuroLeer ****
make -j12 all 
arm-none-eabi-gcc "../Core/Src/main.c" -mcpu=cortex-m4 -std=gnu11 -g3 -DDEBUG -DUSE_HAL_DRIVER -DSTM32L432xx -c -I../Core/Inc -I../Drivers/STM32L4xx_HAL_Driver/Inc -I../Drivers/STM32L4xx_HAL_Driver/Inc/Legacy -I../Drivers/CMSIS/Device/ST/STM32L4xx/Include -I../Drivers/CMSIS/Include -O0 -ffunction-sections -fdata-sections -Wall -fstack-usage -MMD -MP -MF"Core/Src/main.d" -MT"Core/Src/main.o" --specs=nano.specs -mfpu=fpv4-sp-d16 -mfloat-abi=hard -mthumb -o "Core/Src/main.o"
../Core/Src/main.c: In function 'HAL_ADC_ConvCpltCallback':
../Core/Src/main.c:68:19: warning: passing argument 1 of 'HAL_ADC_Start_DMA' from incompatible pointer type [-Wincompatible-pointer-types]
   68 | HAL_ADC_Start_DMA(&hadc1, buffer, 6);
      |                   ^~~~~~
      |                   |
      |                   ADC_HandleTypeDef ** {aka struct <anonymous> **}
In file included from ../Core/Inc/stm32l4xx_hal_conf.h:277,
                 from ../Drivers/STM32L4xx_HAL_Driver/Inc/stm32l4xx_hal.h:30,
                 from ../Core/Inc/main.h:31,
                 from ../Core/Src/main.c:21:
../Drivers/STM32L4xx_HAL_Driver/Inc/stm32l4xx_hal_adc.h:1753:62: note: expected 'ADC_HandleTypeDef *' {aka 'struct <anonymous> *'} but argument is of type 'ADC_HandleTypeDef **' {aka 'struct <anonymous> **'}
 1753 | HAL_StatusTypeDef       HAL_ADC_Start_DMA(ADC_HandleTypeDef *hadc, uint32_t *pData, uint32_t Length);
      |                                           ~~~~~~~~~~~~~~~~~~~^~~~
../Core/Src/main.c: In function 'main':
../Core/Src/main.c:119:4: error: too many arguments to function 'HAL_ADC_ConvCpltCallback'
  119 |    HAL_ADC_ConvCpltCallback(&hadc1, HAL_MAX_DELAY);
      |    ^~~~~~~~~~~~~~~~~~~~~~~~
../Core/Src/main.c:63:6: note: declared here
   63 | void HAL_ADC_ConvCpltCallback(ADC_HandleTypeDef* hadc1)
      |      ^~~~~~~~~~~~~~~~~~~~~~~~
../Core/Src/main.c:83:8: warning: unused variable 'msg' [-Wunused-variable]
   83 |   char msg[10];
      |        ^~~
../Core/Src/main.c:82:12: warning: unused variable 'raw' [-Wunused-variable]
   82 |   uint16_t raw;
      |            ^~~
make: *** [Core/Src/subdir.mk:49: Core/Src/main.o] Error 1
"make -j12 all" terminated with exit code 2. Build might be incomplete.
01:34:04 **** Incremental Build of configuration Debug for project ArmuroLeer ****
make -j12 all 
arm-none-eabi-gcc "../Core/Src/main.c" -mcpu=cortex-m4 -std=gnu11 -g3 -DDEBUG -DUSE_HAL_DRIVER -DSTM32L432xx -c -I../Core/Inc -I../Drivers/STM32L4xx_HAL_Driver/Inc -I../Drivers/STM32L4xx_HAL_Driver/Inc/Legacy -I../Drivers/CMSIS/Device/ST/STM32L4xx/Include -I../Drivers/CMSIS/Include -O0 -ffunction-sections -fdata-sections -Wall -fstack-usage -MMD -MP -MF"Core/Src/main.d" -MT"Core/Src/main.o" --specs=nano.specs -mfpu=fpv4-sp-d16 -mfloat-abi=hard -mthumb -o "Core/Src/main.o"
../Core/Src/main.c: In function 'HAL_ADC_ConvCpltCallback':
../Core/Src/main.c:68:19: warning: passing argument 1 of 'HAL_ADC_Start_DMA' from incompatible pointer type [-Wincompatible-pointer-types]
   68 | HAL_ADC_Start_DMA(&hadc1, buffer, 6);
      |                   ^~~~~~
      |                   |
      |                   ADC_HandleTypeDef ** {aka struct <anonymous> **}
In file included from ../Core/Inc/stm32l4xx_hal_conf.h:277,
                 from ../Drivers/STM32L4xx_HAL_Driver/Inc/stm32l4xx_hal.h:30,
                 from ../Core/Inc/main.h:31,
                 from ../Core/Src/main.c:21:
../Drivers/STM32L4xx_HAL_Driver/Inc/stm32l4xx_hal_adc.h:1753:62: note: expected 'ADC_HandleTypeDef *' {aka 'struct <anonymous> *'} but argument is of type 'ADC_HandleTypeDef **' {aka 'struct <anonymous> **'}
 1753 | HAL_StatusTypeDef       HAL_ADC_Start_DMA(ADC_HandleTypeDef *hadc, uint32_t *pData, uint32_t Length);
      |                                           ~~~~~~~~~~~~~~~~~~~^~~~
../Core/Src/main.c: In function 'main':
../Core/Src/main.c:83:8: warning: unused variable 'msg' [-Wunused-variable]
   83 |   char msg[10];
      |        ^~~
../Core/Src/main.c:82:12: warning: unused variable 'raw' [-Wunused-variable]
   82 |   uint16_t raw;
      |            ^~~
arm-none-eabi-gcc -o "ArmuroLeer.elf" @"objects.list"   -mcpu=cortex-m4 -T"C:\Users\Pierre\Documents\edu\uni\robotics\ArmuroLeer\STM32L432KCUX_FLASH.ld" --specs=nosys.specs -Wl,-Map="ArmuroLeer.map" -Wl,--gc-sections -static --specs=nano.specs -mfpu=fpv4-sp-d16 -mfloat-abi=hard -mthumb -Wl,--start-group -lc -lm -Wl,--end-group
Finished building target: ArmuroLeer.elf
 
arm-none-eabi-size   ArmuroLeer.elf 
arm-none-eabi-objdump -h -S  ArmuroLeer.elf  > "ArmuroLeer.list"
arm-none-eabi-objcopy  -O binary  ArmuroLeer.elf  "ArmuroLeer.bin"
   text	   data	    bss	    dec	    hex	filename
  24340	    120	   2024	  26484	   6774	ArmuroLeer.elf
Finished building: default.size.stdout
 
Finished building: ArmuroLeer.bin
 
Finished building: ArmuroLeer.list
 
01:34:05 **** Incremental Build of configuration Debug for project ArmuroLeer ****
make -j12 all 
arm-none-eabi-size   ArmuroLeer.elf 
   text	   data	    bss	    dec	    hex	filename
  24340	    120	   2024	  26484	   6774	ArmuroLeer.elf
Finished building: default.size.stdout
 
01:35:40 **** Incremental Build of configuration Debug for project ArmuroLeer ****
make -j12 all 
arm-none-eabi-gcc "../Core/Src/main.c" -mcpu=cortex-m4 -std=gnu11 -g3 -DDEBUG -DUSE_HAL_DRIVER -DSTM32L432xx -c -I../Core/Inc -I../Drivers/STM32L4xx_HAL_Driver/Inc -I../Drivers/STM32L4xx_HAL_Driver/Inc/Legacy -I../Drivers/CMSIS/Device/ST/STM32L4xx/Include -I../Drivers/CMSIS/Include -O0 -ffunction-sections -fdata-sections -Wall -fstack-usage -MMD -MP -MF"Core/Src/main.d" -MT"Core/Src/main.o" --specs=nano.specs -mfpu=fpv4-sp-d16 -mfloat-abi=hard -mthumb -o "Core/Src/main.o"
../Core/Src/main.c: In function 'HAL_ADC_ConvCpltCallback':
../Core/Src/main.c:68:19: warning: passing argument 1 of 'HAL_ADC_Start_DMA' from incompatible pointer type [-Wincompatible-pointer-types]
   68 | HAL_ADC_Start_DMA(&hadc1, buffer, 6);
      |                   ^~~~~~
      |                   |
      |                   ADC_HandleTypeDef ** {aka struct <anonymous> **}
In file included from ../Core/Inc/stm32l4xx_hal_conf.h:277,
                 from ../Drivers/STM32L4xx_HAL_Driver/Inc/stm32l4xx_hal.h:30,
                 from ../Core/Inc/main.h:31,
                 from ../Core/Src/main.c:21:
../Drivers/STM32L4xx_HAL_Driver/Inc/stm32l4xx_hal_adc.h:1753:62: note: expected 'ADC_HandleTypeDef *' {aka 'struct <anonymous> *'} but argument is of type 'ADC_HandleTypeDef **' {aka 'struct <anonymous> **'}
 1753 | HAL_StatusTypeDef       HAL_ADC_Start_DMA(ADC_HandleTypeDef *hadc, uint32_t *pData, uint32_t Length);
      |                                           ~~~~~~~~~~~~~~~~~~~^~~~
../Core/Src/main.c: In function 'main':
../Core/Src/main.c:83:8: warning: unused variable 'msg' [-Wunused-variable]
   83 |   char msg[10];
      |        ^~~
../Core/Src/main.c:82:12: warning: unused variable 'raw' [-Wunused-variable]
   82 |   uint16_t raw;
      |            ^~~
arm-none-eabi-gcc -o "ArmuroLeer.elf" @"objects.list"   -mcpu=cortex-m4 -T"C:\Users\Pierre\Documents\edu\uni\robotics\ArmuroLeer\STM32L432KCUX_FLASH.ld" --specs=nosys.specs -Wl,-Map="ArmuroLeer.map" -Wl,--gc-sections -static --specs=nano.specs -mfpu=fpv4-sp-d16 -mfloat-abi=hard -mthumb -Wl,--start-group -lc -lm -Wl,--end-group
Finished building target: ArmuroLeer.elf
 
arm-none-eabi-size   ArmuroLeer.elf 
arm-none-eabi-objdump -h -S  ArmuroLeer.elf  > "ArmuroLeer.list"
arm-none-eabi-objcopy  -O binary  ArmuroLeer.elf  "ArmuroLeer.bin"
   text	   data	    bss	    dec	    hex	filename
  24340	    120	   2024	  26484	   6774	ArmuroLeer.elf
Finished building: default.size.stdout
 
Finished building: ArmuroLeer.bin
 
Finished building: ArmuroLeer.list
 
01:39:15 **** Incremental Build of configuration Debug for project ArmuroLeer ****
make -j12 all 
arm-none-eabi-gcc "../Core/Src/main.c" -mcpu=cortex-m4 -std=gnu11 -g3 -DDEBUG -DUSE_HAL_DRIVER -DSTM32L432xx -c -I../Core/Inc -I../Drivers/STM32L4xx_HAL_Driver/Inc -I../Drivers/STM32L4xx_HAL_Driver/Inc/Legacy -I../Drivers/CMSIS/Device/ST/STM32L4xx/Include -I../Drivers/CMSIS/Include -O0 -ffunction-sections -fdata-sections -Wall -fstack-usage -MMD -MP -MF"Core/Src/main.d" -MT"Core/Src/main.o" --specs=nano.specs -mfpu=fpv4-sp-d16 -mfloat-abi=hard -mthumb -o "Core/Src/main.o"
../Core/Src/main.c: In function 'HAL_ADC_ConvCpltCallback':
../Core/Src/main.c:68:19: warning: passing argument 1 of 'HAL_ADC_Start_DMA' from incompatible pointer type [-Wincompatible-pointer-types]
   68 | HAL_ADC_Start_DMA(&hadc1, buffer, 6);
      |                   ^~~~~~
      |                   |
      |                   ADC_HandleTypeDef ** {aka struct <anonymous> **}
In file included from ../Core/Inc/stm32l4xx_hal_conf.h:277,
                 from ../Drivers/STM32L4xx_HAL_Driver/Inc/stm32l4xx_hal.h:30,
                 from ../Core/Inc/main.h:31,
                 from ../Core/Src/main.c:21:
../Drivers/STM32L4xx_HAL_Driver/Inc/stm32l4xx_hal_adc.h:1753:62: note: expected 'ADC_HandleTypeDef *' {aka 'struct <anonymous> *'} but argument is of type 'ADC_HandleTypeDef **' {aka 'struct <anonymous> **'}
 1753 | HAL_StatusTypeDef       HAL_ADC_Start_DMA(ADC_HandleTypeDef *hadc, uint32_t *pData, uint32_t Length);
      |                                           ~~~~~~~~~~~~~~~~~~~^~~~
../Core/Src/main.c: In function 'main':
../Core/Src/main.c:83:8: warning: unused variable 'msg' [-Wunused-variable]
   83 |   char msg[10];
      |        ^~~
../Core/Src/main.c:82:12: warning: unused variable 'raw' [-Wunused-variable]
   82 |   uint16_t raw;
      |            ^~~
arm-none-eabi-gcc -o "ArmuroLeer.elf" @"objects.list"   -mcpu=cortex-m4 -T"C:\Users\Pierre\Documents\edu\uni\robotics\ArmuroLeer\STM32L432KCUX_FLASH.ld" --specs=nosys.specs -Wl,-Map="ArmuroLeer.map" -Wl,--gc-sections -static --specs=nano.specs -mfpu=fpv4-sp-d16 -mfloat-abi=hard -mthumb -Wl,--start-group -lc -lm -Wl,--end-group
Finished building target: ArmuroLeer.elf
 
arm-none-eabi-size   ArmuroLeer.elf 
arm-none-eabi-objdump -h -S  ArmuroLeer.elf  > "ArmuroLeer.list"
arm-none-eabi-objcopy  -O binary  ArmuroLeer.elf  "ArmuroLeer.bin"
   text	   data	    bss	    dec	    hex	filename
  24636	    120	   2024	  26780	   689c	ArmuroLeer.elf
Finished building: default.size.stdout
 
Finished building: ArmuroLeer.bin
 
Finished building: ArmuroLeer.list
 
01:42:42 **** Incremental Build of configuration Debug for project ArmuroLeer ****
make -j12 all 
arm-none-eabi-gcc "../Core/Src/main.c" -mcpu=cortex-m4 -std=gnu11 -g3 -DDEBUG -DUSE_HAL_DRIVER -DSTM32L432xx -c -I../Core/Inc -I../Drivers/STM32L4xx_HAL_Driver/Inc -I../Drivers/STM32L4xx_HAL_Driver/Inc/Legacy -I../Drivers/CMSIS/Device/ST/STM32L4xx/Include -I../Drivers/CMSIS/Include -O0 -ffunction-sections -fdata-sections -Wall -fstack-usage -MMD -MP -MF"Core/Src/main.d" -MT"Core/Src/main.o" --specs=nano.specs -mfpu=fpv4-sp-d16 -mfloat-abi=hard -mthumb -o "Core/Src/main.o"
../Core/Src/main.c: In function 'HAL_ADC_ConvCpltCallback':
../Core/Src/main.c:68:19: warning: passing argument 1 of 'HAL_ADC_Start_DMA' from incompatible pointer type [-Wincompatible-pointer-types]
   68 | HAL_ADC_Start_DMA(&hadc1, buffer, 6);
      |                   ^~~~~~
      |                   |
      |                   ADC_HandleTypeDef ** {aka struct <anonymous> **}
In file included from ../Core/Inc/stm32l4xx_hal_conf.h:277,
                 from ../Drivers/STM32L4xx_HAL_Driver/Inc/stm32l4xx_hal.h:30,
                 from ../Core/Inc/main.h:31,
                 from ../Core/Src/main.c:21:
../Drivers/STM32L4xx_HAL_Driver/Inc/stm32l4xx_hal_adc.h:1753:62: note: expected 'ADC_HandleTypeDef *' {aka 'struct <anonymous> *'} but argument is of type 'ADC_HandleTypeDef **' {aka 'struct <anonymous> **'}
 1753 | HAL_StatusTypeDef       HAL_ADC_Start_DMA(ADC_HandleTypeDef *hadc, uint32_t *pData, uint32_t Length);
      |                                           ~~~~~~~~~~~~~~~~~~~^~~~
../Core/Src/main.c: In function 'main':
../Core/Src/main.c:83:8: warning: unused variable 'msg' [-Wunused-variable]
   83 |   char msg[10];
      |        ^~~
../Core/Src/main.c:82:12: warning: unused variable 'raw' [-Wunused-variable]
   82 |   uint16_t raw;
      |            ^~~
arm-none-eabi-gcc -o "ArmuroLeer.elf" @"objects.list"   -mcpu=cortex-m4 -T"C:\Users\Pierre\Documents\edu\uni\robotics\ArmuroLeer\STM32L432KCUX_FLASH.ld" --specs=nosys.specs -Wl,-Map="ArmuroLeer.map" -Wl,--gc-sections -static --specs=nano.specs -mfpu=fpv4-sp-d16 -mfloat-abi=hard -mthumb -Wl,--start-group -lc -lm -Wl,--end-group
Finished building target: ArmuroLeer.elf
 
arm-none-eabi-size   ArmuroLeer.elf 
arm-none-eabi-objdump -h -S  ArmuroLeer.elf  > "ArmuroLeer.list"
arm-none-eabi-objcopy  -O binary  ArmuroLeer.elf  "ArmuroLeer.bin"
   text	   data	    bss	    dec	    hex	filename
  24680	    120	   2024	  26824	   68c8	ArmuroLeer.elf
Finished building: default.size.stdout
 
Finished building: ArmuroLeer.bin
 
Finished building: ArmuroLeer.list
 
01:44:19 **** Incremental Build of configuration Debug for project ArmuroLeer ****
make -j12 all 
arm-none-eabi-size   ArmuroLeer.elf 
   text	   data	    bss	    dec	    hex	filename
  24680	    120	   2024	  26824	   68c8	ArmuroLeer.elf
Finished building: default.size.stdout
 
01:50:07 **** Incremental Build of configuration Debug for project ArmuroLeer ****
make -j12 all 
arm-none-eabi-gcc "../Core/Src/main.c" -mcpu=cortex-m4 -std=gnu11 -g3 -DDEBUG -DUSE_HAL_DRIVER -DSTM32L432xx -c -I../Core/Inc -I../Drivers/STM32L4xx_HAL_Driver/Inc -I../Drivers/STM32L4xx_HAL_Driver/Inc/Legacy -I../Drivers/CMSIS/Device/ST/STM32L4xx/Include -I../Drivers/CMSIS/Include -O0 -ffunction-sections -fdata-sections -Wall -fstack-usage -MMD -MP -MF"Core/Src/main.d" -MT"Core/Src/main.o" --specs=nano.specs -mfpu=fpv4-sp-d16 -mfloat-abi=hard -mthumb -o "Core/Src/main.o"
../Core/Src/main.c: In function 'HAL_ADC_ConvCpltCallback':
../Core/Src/main.c:68:19: warning: passing argument 1 of 'HAL_ADC_Start_DMA' from incompatible pointer type [-Wincompatible-pointer-types]
   68 | HAL_ADC_Start_DMA(&hadc1, buffer, 6);
      |                   ^~~~~~
      |                   |
      |                   ADC_HandleTypeDef ** {aka struct <anonymous> **}
In file included from ../Core/Inc/stm32l4xx_hal_conf.h:277,
                 from ../Drivers/STM32L4xx_HAL_Driver/Inc/stm32l4xx_hal.h:30,
                 from ../Core/Inc/main.h:31,
                 from ../Core/Src/main.c:21:
../Drivers/STM32L4xx_HAL_Driver/Inc/stm32l4xx_hal_adc.h:1753:62: note: expected 'ADC_HandleTypeDef *' {aka 'struct <anonymous> *'} but argument is of type 'ADC_HandleTypeDef **' {aka 'struct <anonymous> **'}
 1753 | HAL_StatusTypeDef       HAL_ADC_Start_DMA(ADC_HandleTypeDef *hadc, uint32_t *pData, uint32_t Length);
      |                                           ~~~~~~~~~~~~~~~~~~~^~~~
../Core/Src/main.c: In function 'main':
../Core/Src/main.c:123:37: error: subscripted value is neither array nor pointer nor vector
  123 |     adc[i] = HAL_ADC_GetValue(&hadc1[i]);
      |                                     ^
../Core/Src/main.c:124:5: error: 'variable' undeclared (first use in this function)
  124 |     variable = adc[i];
      |     ^~~~~~~~
../Core/Src/main.c:124:5: note: each undeclared identifier is reported only once for each function it appears in
../Core/Src/main.c:125:5: error: 'len' undeclared (first use in this function)
  125 |     len  =  sprintf((char*)string_buf, "value %d: %d \n", i, variable);
      |     ^~~
../Core/Src/main.c:83:8: warning: unused variable 'msg' [-Wunused-variable]
   83 |   char msg[10];
      |        ^~~
../Core/Src/main.c:82:12: warning: unused variable 'raw' [-Wunused-variable]
   82 |   uint16_t raw;
      |            ^~~
make: *** [Core/Src/subdir.mk:49: Core/Src/main.o] Error 1
"make -j12 all" terminated with exit code 2. Build might be incomplete.
01:50:35 **** Incremental Build of configuration Debug for project ArmuroLeer ****
make -j12 all 
arm-none-eabi-gcc "../Core/Src/main.c" -mcpu=cortex-m4 -std=gnu11 -g3 -DDEBUG -DUSE_HAL_DRIVER -DSTM32L432xx -c -I../Core/Inc -I../Drivers/STM32L4xx_HAL_Driver/Inc -I../Drivers/STM32L4xx_HAL_Driver/Inc/Legacy -I../Drivers/CMSIS/Device/ST/STM32L4xx/Include -I../Drivers/CMSIS/Include -O0 -ffunction-sections -fdata-sections -Wall -fstack-usage -MMD -MP -MF"Core/Src/main.d" -MT"Core/Src/main.o" --specs=nano.specs -mfpu=fpv4-sp-d16 -mfloat-abi=hard -mthumb -o "Core/Src/main.o"
../Core/Src/main.c: In function 'HAL_ADC_ConvCpltCallback':
../Core/Src/main.c:68:19: warning: passing argument 1 of 'HAL_ADC_Start_DMA' from incompatible pointer type [-Wincompatible-pointer-types]
   68 | HAL_ADC_Start_DMA(&hadc1, buffer, 6);
      |                   ^~~~~~
      |                   |
      |                   ADC_HandleTypeDef ** {aka struct <anonymous> **}
In file included from ../Core/Inc/stm32l4xx_hal_conf.h:277,
                 from ../Drivers/STM32L4xx_HAL_Driver/Inc/stm32l4xx_hal.h:30,
                 from ../Core/Inc/main.h:31,
                 from ../Core/Src/main.c:21:
../Drivers/STM32L4xx_HAL_Driver/Inc/stm32l4xx_hal_adc.h:1753:62: note: expected 'ADC_HandleTypeDef *' {aka 'struct <anonymous> *'} but argument is of type 'ADC_HandleTypeDef **' {aka 'struct <anonymous> **'}
 1753 | HAL_StatusTypeDef       HAL_ADC_Start_DMA(ADC_HandleTypeDef *hadc, uint32_t *pData, uint32_t Length);
      |                                           ~~~~~~~~~~~~~~~~~~~^~~~
../Core/Src/main.c: In function 'main':
../Core/Src/main.c:123:37: error: subscripted value is neither array nor pointer nor vector
  123 |     adc[i] = HAL_ADC_GetValue(&hadc1[i]);
      |                                     ^
../Core/Src/main.c:124:5: error: 'variable' undeclared (first use in this function)
  124 |     variable = adc[i];
      |     ^~~~~~~~
../Core/Src/main.c:124:5: note: each undeclared identifier is reported only once for each function it appears in
../Core/Src/main.c:83:8: warning: unused variable 'msg' [-Wunused-variable]
   83 |   char msg[10];
      |        ^~~
../Core/Src/main.c:82:12: warning: unused variable 'raw' [-Wunused-variable]
   82 |   uint16_t raw;
      |            ^~~
make: *** [Core/Src/subdir.mk:49: Core/Src/main.o] Error 1
"make -j12 all" terminated with exit code 2. Build might be incomplete.
01:51:44 **** Incremental Build of configuration Debug for project ArmuroLeer ****
make -j12 all 
arm-none-eabi-gcc "../Core/Src/main.c" -mcpu=cortex-m4 -std=gnu11 -g3 -DDEBUG -DUSE_HAL_DRIVER -DSTM32L432xx -c -I../Core/Inc -I../Drivers/STM32L4xx_HAL_Driver/Inc -I../Drivers/STM32L4xx_HAL_Driver/Inc/Legacy -I../Drivers/CMSIS/Device/ST/STM32L4xx/Include -I../Drivers/CMSIS/Include -O0 -ffunction-sections -fdata-sections -Wall -fstack-usage -MMD -MP -MF"Core/Src/main.d" -MT"Core/Src/main.o" --specs=nano.specs -mfpu=fpv4-sp-d16 -mfloat-abi=hard -mthumb -o "Core/Src/main.o"
../Core/Src/main.c: In function 'HAL_ADC_ConvCpltCallback':
../Core/Src/main.c:68:19: warning: passing argument 1 of 'HAL_ADC_Start_DMA' from incompatible pointer type [-Wincompatible-pointer-types]
   68 | HAL_ADC_Start_DMA(&hadc1, buffer, 6);
      |                   ^~~~~~
      |                   |
      |                   ADC_HandleTypeDef ** {aka struct <anonymous> **}
In file included from ../Core/Inc/stm32l4xx_hal_conf.h:277,
                 from ../Drivers/STM32L4xx_HAL_Driver/Inc/stm32l4xx_hal.h:30,
                 from ../Core/Inc/main.h:31,
                 from ../Core/Src/main.c:21:
../Drivers/STM32L4xx_HAL_Driver/Inc/stm32l4xx_hal_adc.h:1753:62: note: expected 'ADC_HandleTypeDef *' {aka 'struct <anonymous> *'} but argument is of type 'ADC_HandleTypeDef **' {aka 'struct <anonymous> **'}
 1753 | HAL_StatusTypeDef       HAL_ADC_Start_DMA(ADC_HandleTypeDef *hadc, uint32_t *pData, uint32_t Length);
      |                                           ~~~~~~~~~~~~~~~~~~~^~~~
../Core/Src/main.c: In function 'main':
../Core/Src/main.c:124:38: error: subscripted value is neither array nor pointer nor vector
  124 |     adc[i] = HAL_ADC_GetValue(&(hadc1[i]));
      |                                      ^
../Core/Src/main.c:83:8: warning: unused variable 'msg' [-Wunused-variable]
   83 |   char msg[10];
      |        ^~~
../Core/Src/main.c:82:12: warning: unused variable 'raw' [-Wunused-variable]
   82 |   uint16_t raw;
      |            ^~~
make: *** [Core/Src/subdir.mk:49: Core/Src/main.o] Error 1
"make -j12 all" terminated with exit code 2. Build might be incomplete.
01:55:44 **** Incremental Build of configuration Debug for project ArmuroLeer ****
make -j12 all 
arm-none-eabi-gcc "../Core/Src/main.c" -mcpu=cortex-m4 -std=gnu11 -g3 -DDEBUG -DUSE_HAL_DRIVER -DSTM32L432xx -c -I../Core/Inc -I../Drivers/STM32L4xx_HAL_Driver/Inc -I../Drivers/STM32L4xx_HAL_Driver/Inc/Legacy -I../Drivers/CMSIS/Device/ST/STM32L4xx/Include -I../Drivers/CMSIS/Include -O0 -ffunction-sections -fdata-sections -Wall -fstack-usage -MMD -MP -MF"Core/Src/main.d" -MT"Core/Src/main.o" --specs=nano.specs -mfpu=fpv4-sp-d16 -mfloat-abi=hard -mthumb -o "Core/Src/main.o"
../Core/Src/main.c: In function 'HAL_ADC_ConvCpltCallback':
../Core/Src/main.c:68:19: warning: passing argument 1 of 'HAL_ADC_Start_DMA' from incompatible pointer type [-Wincompatible-pointer-types]
   68 | HAL_ADC_Start_DMA(&hadc1, buffer, 6);
      |                   ^~~~~~
      |                   |
      |                   ADC_HandleTypeDef ** {aka struct <anonymous> **}
In file included from ../Core/Inc/stm32l4xx_hal_conf.h:277,
                 from ../Drivers/STM32L4xx_HAL_Driver/Inc/stm32l4xx_hal.h:30,
                 from ../Core/Inc/main.h:31,
                 from ../Core/Src/main.c:21:
../Drivers/STM32L4xx_HAL_Driver/Inc/stm32l4xx_hal_adc.h:1753:62: note: expected 'ADC_HandleTypeDef *' {aka 'struct <anonymous> *'} but argument is of type 'ADC_HandleTypeDef **' {aka 'struct <anonymous> **'}
 1753 | HAL_StatusTypeDef       HAL_ADC_Start_DMA(ADC_HandleTypeDef *hadc, uint32_t *pData, uint32_t Length);
      |                                           ~~~~~~~~~~~~~~~~~~~^~~~
../Core/Src/main.c: In function 'main':
../Core/Src/main.c:83:8: warning: unused variable 'msg' [-Wunused-variable]
   83 |   char msg[10];
      |        ^~~
../Core/Src/main.c:82:12: warning: unused variable 'raw' [-Wunused-variable]
   82 |   uint16_t raw;
      |            ^~~
arm-none-eabi-gcc -o "ArmuroLeer.elf" @"objects.list"   -mcpu=cortex-m4 -T"C:\Users\Pierre\Documents\edu\uni\robotics\ArmuroLeer\STM32L432KCUX_FLASH.ld" --specs=nosys.specs -Wl,-Map="ArmuroLeer.map" -Wl,--gc-sections -static --specs=nano.specs -mfpu=fpv4-sp-d16 -mfloat-abi=hard -mthumb -Wl,--start-group -lc -lm -Wl,--end-group
Finished building target: ArmuroLeer.elf
 
arm-none-eabi-size   ArmuroLeer.elf 
arm-none-eabi-objdump -h -S  ArmuroLeer.elf  > "ArmuroLeer.list"
arm-none-eabi-objcopy  -O binary  ArmuroLeer.elf  "ArmuroLeer.bin"
   text	   data	    bss	    dec	    hex	filename
  24676	    120	   2024	  26820	   68c4	ArmuroLeer.elf
Finished building: default.size.stdout
 
Finished building: ArmuroLeer.bin
 
Finished building: ArmuroLeer.list
 
01:55:48 **** Incremental Build of configuration Debug for project ArmuroLeer ****
make -j12 all 
arm-none-eabi-size   ArmuroLeer.elf 
   text	   data	    bss	    dec	    hex	filename
  24676	    120	   2024	  26820	   68c4	ArmuroLeer.elf
Finished building: default.size.stdout
 
01:59:41 **** Incremental Build of configuration Debug for project ArmuroLeer ****
make -j12 all 
arm-none-eabi-gcc "../Core/Src/main.c" -mcpu=cortex-m4 -std=gnu11 -g3 -DDEBUG -DUSE_HAL_DRIVER -DSTM32L432xx -c -I../Core/Inc -I../Drivers/STM32L4xx_HAL_Driver/Inc -I../Drivers/STM32L4xx_HAL_Driver/Inc/Legacy -I../Drivers/CMSIS/Device/ST/STM32L4xx/Include -I../Drivers/CMSIS/Include -O0 -ffunction-sections -fdata-sections -Wall -fstack-usage -MMD -MP -MF"Core/Src/main.d" -MT"Core/Src/main.o" --specs=nano.specs -mfpu=fpv4-sp-d16 -mfloat-abi=hard -mthumb -o "Core/Src/main.o"
../Core/Src/main.c: In function 'HAL_ADC_ConvCpltCallback':
../Core/Src/main.c:68:19: warning: passing argument 1 of 'HAL_ADC_Start_DMA' from incompatible pointer type [-Wincompatible-pointer-types]
   68 | HAL_ADC_Start_DMA(&hadc1, buffer, 6);
      |                   ^~~~~~
      |                   |
      |                   ADC_HandleTypeDef ** {aka struct <anonymous> **}
In file included from ../Core/Inc/stm32l4xx_hal_conf.h:277,
                 from ../Drivers/STM32L4xx_HAL_Driver/Inc/stm32l4xx_hal.h:30,
                 from ../Core/Inc/main.h:31,
                 from ../Core/Src/main.c:21:
../Drivers/STM32L4xx_HAL_Driver/Inc/stm32l4xx_hal_adc.h:1753:62: note: expected 'ADC_HandleTypeDef *' {aka 'struct <anonymous> *'} but argument is of type 'ADC_HandleTypeDef **' {aka 'struct <anonymous> **'}
 1753 | HAL_StatusTypeDef       HAL_ADC_Start_DMA(ADC_HandleTypeDef *hadc, uint32_t *pData, uint32_t Length);
      |                                           ~~~~~~~~~~~~~~~~~~~^~~~
../Core/Src/main.c: In function 'main':
../Core/Src/main.c:134:37: error: subscripted value is neither array nor pointer nor vector
  134 |    adc[0] = HAL_ADC_GetValue(&(hadc1[1]));
      |                                     ^
../Core/Src/main.c:83:8: warning: unused variable 'msg' [-Wunused-variable]
   83 |   char msg[10];
      |        ^~~
../Core/Src/main.c:82:12: warning: unused variable 'raw' [-Wunused-variable]
   82 |   uint16_t raw;
      |            ^~~
make: *** [Core/Src/subdir.mk:49: Core/Src/main.o] Error 1
"make -j12 all" terminated with exit code 2. Build might be incomplete.
02:00:37 **** Incremental Build of configuration Debug for project ArmuroLeer ****
make -j12 all 
arm-none-eabi-gcc "../Core/Src/main.c" -mcpu=cortex-m4 -std=gnu11 -g3 -DDEBUG -DUSE_HAL_DRIVER -DSTM32L432xx -c -I../Core/Inc -I../Drivers/STM32L4xx_HAL_Driver/Inc -I../Drivers/STM32L4xx_HAL_Driver/Inc/Legacy -I../Drivers/CMSIS/Device/ST/STM32L4xx/Include -I../Drivers/CMSIS/Include -O0 -ffunction-sections -fdata-sections -Wall -fstack-usage -MMD -MP -MF"Core/Src/main.d" -MT"Core/Src/main.o" --specs=nano.specs -mfpu=fpv4-sp-d16 -mfloat-abi=hard -mthumb -o "Core/Src/main.o"
../Core/Src/main.c: In function 'HAL_ADC_ConvCpltCallback':
../Core/Src/main.c:68:19: warning: passing argument 1 of 'HAL_ADC_Start_DMA' from incompatible pointer type [-Wincompatible-pointer-types]
   68 | HAL_ADC_Start_DMA(&hadc1, buffer, 6);
      |                   ^~~~~~
      |                   |
      |                   ADC_HandleTypeDef ** {aka struct <anonymous> **}
In file included from ../Core/Inc/stm32l4xx_hal_conf.h:277,
                 from ../Drivers/STM32L4xx_HAL_Driver/Inc/stm32l4xx_hal.h:30,
                 from ../Core/Inc/main.h:31,
                 from ../Core/Src/main.c:21:
../Drivers/STM32L4xx_HAL_Driver/Inc/stm32l4xx_hal_adc.h:1753:62: note: expected 'ADC_HandleTypeDef *' {aka 'struct <anonymous> *'} but argument is of type 'ADC_HandleTypeDef **' {aka 'struct <anonymous> **'}
 1753 | HAL_StatusTypeDef       HAL_ADC_Start_DMA(ADC_HandleTypeDef *hadc, uint32_t *pData, uint32_t Length);
      |                                           ~~~~~~~~~~~~~~~~~~~^~~~
../Core/Src/main.c: In function 'main':
../Core/Src/main.c:134:37: error: invalid operands to binary + (have 'ADC_HandleTypeDef' {aka 'struct <anonymous>'} and 'int')
  134 |    adc[0] = HAL_ADC_GetValue(&(hadc1+1));
      |                                     ^
../Core/Src/main.c:83:8: warning: unused variable 'msg' [-Wunused-variable]
   83 |   char msg[10];
      |        ^~~
../Core/Src/main.c:82:12: warning: unused variable 'raw' [-Wunused-variable]
   82 |   uint16_t raw;
      |            ^~~
make: *** [Core/Src/subdir.mk:49: Core/Src/main.o] Error 1
"make -j12 all" terminated with exit code 2. Build might be incomplete.
02:01:18 **** Incremental Build of configuration Debug for project ArmuroLeer ****
make -j12 all 
arm-none-eabi-gcc "../Core/Src/main.c" -mcpu=cortex-m4 -std=gnu11 -g3 -DDEBUG -DUSE_HAL_DRIVER -DSTM32L432xx -c -I../Core/Inc -I../Drivers/STM32L4xx_HAL_Driver/Inc -I../Drivers/STM32L4xx_HAL_Driver/Inc/Legacy -I../Drivers/CMSIS/Device/ST/STM32L4xx/Include -I../Drivers/CMSIS/Include -O0 -ffunction-sections -fdata-sections -Wall -fstack-usage -MMD -MP -MF"Core/Src/main.d" -MT"Core/Src/main.o" --specs=nano.specs -mfpu=fpv4-sp-d16 -mfloat-abi=hard -mthumb -o "Core/Src/main.o"
../Core/Src/main.c: In function 'HAL_ADC_ConvCpltCallback':
../Core/Src/main.c:68:19: warning: passing argument 1 of 'HAL_ADC_Start_DMA' from incompatible pointer type [-Wincompatible-pointer-types]
   68 | HAL_ADC_Start_DMA(&hadc1, buffer, 6);
      |                   ^~~~~~
      |                   |
      |                   ADC_HandleTypeDef ** {aka struct <anonymous> **}
In file included from ../Core/Inc/stm32l4xx_hal_conf.h:277,
[...]
   68 |     HAL_ADC_Start_DMA(&hadc1, buffer, 6);
      |                       ^~~~~~
      |                       |
      |                       ADC_HandleTypeDef ** {aka struct <anonymous> **}
In file included from ../Core/Inc/stm32l4xx_hal_conf.h:277,
                 from ../Drivers/STM32L4xx_HAL_Driver/Inc/stm32l4xx_hal.h:30,
                 from ../Core/Inc/main.h:31,
                 from ../Core/Src/main.c:21:
../Drivers/STM32L4xx_HAL_Driver/Inc/stm32l4xx_hal_adc.h:1753:62: note: expected 'ADC_HandleTypeDef *' {aka 'struct <anonymous> *'} but argument is of type 'ADC_HandleTypeDef **' {aka 'struct <anonymous> **'}
 1753 | HAL_StatusTypeDef       HAL_ADC_Start_DMA(ADC_HandleTypeDef *hadc, uint32_t *pData, uint32_t Length);
      |                                           ~~~~~~~~~~~~~~~~~~~^~~~
../Core/Src/main.c: In function 'main':
../Core/Src/main.c:158:4: error: 'variable' undeclared (first use in this function)
  158 |    variable = left;
      |    ^~~~~~~~
../Core/Src/main.c:158:4: note: each undeclared identifier is reported only once for each function it appears in
../Core/Src/main.c:159:4: error: 'len' undeclared (first use in this function)
  159 |    len  =  sprintf((char*)string_buf, "left: %d\n", i, variable);
      |    ^~~
../Core/Src/main.c:159:27: error: 'string_buf' undeclared (first use in this function)
  159 |    len  =  sprintf((char*)string_buf, "left: %d\n", i, variable);
      |                           ^~~~~~~~~~
../Core/Src/main.c:159:53: error: 'i' undeclared (first use in this function)
  159 |    len  =  sprintf((char*)string_buf, "left: %d\n", i, variable);
      |                                                     ^
At top level:
../Core/Src/main.c:114:8: warning: 'motor_control' defined but not used [-Wunused-function]
  114 |   void motor_control(double left_motor_speed, double right_motor_speed) {
      |        ^~~~~~~~~~~~~
make: *** [Core/Src/subdir.mk:49: Core/Src/main.o] Error 1
"make -j12 all" terminated with exit code 2. Build might be incomplete.
04:04:36 **** Incremental Build of configuration Debug for project ArmuroLeer ****
make -j12 all 
arm-none-eabi-gcc "../Core/Src/main.c" -mcpu=cortex-m4 -std=gnu11 -g3 -DDEBUG -DUSE_HAL_DRIVER -DSTM32L432xx -c -I../Core/Inc -I../Drivers/STM32L4xx_HAL_Driver/Inc -I../Drivers/STM32L4xx_HAL_Driver/Inc/Legacy -I../Drivers/CMSIS/Device/ST/STM32L4xx/Include -I../Drivers/CMSIS/Include -O0 -ffunction-sections -fdata-sections -Wall -fstack-usage -MMD -MP -MF"Core/Src/main.d" -MT"Core/Src/main.o" --specs=nano.specs -mfpu=fpv4-sp-d16 -mfloat-abi=hard -mthumb -o "Core/Src/main.o"
../Core/Src/main.c: In function 'HAL_ADC_ConvCpltCallback':
../Core/Src/main.c:68:23: warning: passing argument 1 of 'HAL_ADC_Start_DMA' from incompatible pointer type [-Wincompatible-pointer-types]
   68 |     HAL_ADC_Start_DMA(&hadc1, buffer, 6);
      |                       ^~~~~~
      |                       |
      |                       ADC_HandleTypeDef ** {aka struct <anonymous> **}
In file included from ../Core/Inc/stm32l4xx_hal_conf.h:277,
                 from ../Drivers/STM32L4xx_HAL_Driver/Inc/stm32l4xx_hal.h:30,
                 from ../Core/Inc/main.h:31,
                 from ../Core/Src/main.c:21:
../Drivers/STM32L4xx_HAL_Driver/Inc/stm32l4xx_hal_adc.h:1753:62: note: expected 'ADC_HandleTypeDef *' {aka 'struct <anonymous> *'} but argument is of type 'ADC_HandleTypeDef **' {aka 'struct <anonymous> **'}
 1753 | HAL_StatusTypeDef       HAL_ADC_Start_DMA(ADC_HandleTypeDef *hadc, uint32_t *pData, uint32_t Length);
      |                                           ~~~~~~~~~~~~~~~~~~~^~~~
../Core/Src/main.c: In function 'main':
../Core/Src/main.c:159:4: error: 'len' undeclared (first use in this function)
  159 |    len  =  sprintf((char*)string_buf, "left: %d\n", variable);
      |    ^~~
../Core/Src/main.c:159:4: note: each undeclared identifier is reported only once for each function it appears in
../Core/Src/main.c:159:27: error: 'string_buf' undeclared (first use in this function)
  159 |    len  =  sprintf((char*)string_buf, "left: %d\n", variable);
      |                           ^~~~~~~~~~
At top level:
../Core/Src/main.c:114:8: warning: 'motor_control' defined but not used [-Wunused-function]
  114 |   void motor_control(double left_motor_speed, double right_motor_speed) {
      |        ^~~~~~~~~~~~~
make: *** [Core/Src/subdir.mk:49: Core/Src/main.o] Error 1
"make -j12 all" terminated with exit code 2. Build might be incomplete.
04:05:01 **** Incremental Build of configuration Debug for project ArmuroLeer ****
make -j12 all 
arm-none-eabi-gcc "../Core/Src/main.c" -mcpu=cortex-m4 -std=gnu11 -g3 -DDEBUG -DUSE_HAL_DRIVER -DSTM32L432xx -c -I../Core/Inc -I../Drivers/STM32L4xx_HAL_Driver/Inc -I../Drivers/STM32L4xx_HAL_Driver/Inc/Legacy -I../Drivers/CMSIS/Device/ST/STM32L4xx/Include -I../Drivers/CMSIS/Include -O0 -ffunction-sections -fdata-sections -Wall -fstack-usage -MMD -MP -MF"Core/Src/main.d" -MT"Core/Src/main.o" --specs=nano.specs -mfpu=fpv4-sp-d16 -mfloat-abi=hard -mthumb -o "Core/Src/main.o"
../Core/Src/main.c: In function 'HAL_ADC_ConvCpltCallback':
../Core/Src/main.c:68:23: warning: passing argument 1 of 'HAL_ADC_Start_DMA' from incompatible pointer type [-Wincompatible-pointer-types]
   68 |     HAL_ADC_Start_DMA(&hadc1, buffer, 6);
      |                       ^~~~~~
      |                       |
      |                       ADC_HandleTypeDef ** {aka struct <anonymous> **}
In file included from ../Core/Inc/stm32l4xx_hal_conf.h:277,
                 from ../Drivers/STM32L4xx_HAL_Driver/Inc/stm32l4xx_hal.h:30,
                 from ../Core/Inc/main.h:31,
                 from ../Core/Src/main.c:21:
../Drivers/STM32L4xx_HAL_Driver/Inc/stm32l4xx_hal_adc.h:1753:62: note: expected 'ADC_HandleTypeDef *' {aka 'struct <anonymous> *'} but argument is of type 'ADC_HandleTypeDef **' {aka 'struct <anonymous> **'}
 1753 | HAL_StatusTypeDef       HAL_ADC_Start_DMA(ADC_HandleTypeDef *hadc, uint32_t *pData, uint32_t Length);
      |                                           ~~~~~~~~~~~~~~~~~~~^~~~
../Core/Src/main.c: In function 'main':
../Core/Src/main.c:160:4: error: 'len' undeclared (first use in this function)
  160 |    len  =  sprintf((char*)string_buf, "left: %d\n", variable);
      |    ^~~
../Core/Src/main.c:160:4: note: each undeclared identifier is reported only once for each function it appears in
At top level:
../Core/Src/main.c:114:8: warning: 'motor_control' defined but not used [-Wunused-function]
  114 |   void motor_control(double left_motor_speed, double right_motor_speed) {
      |        ^~~~~~~~~~~~~
make: *** [Core/Src/subdir.mk:49: Core/Src/main.o] Error 1
"make -j12 all" terminated with exit code 2. Build might be incomplete.
04:05:29 **** Incremental Build of configuration Debug for project ArmuroLeer ****
make -j12 all 
arm-none-eabi-gcc "../Core/Src/main.c" -mcpu=cortex-m4 -std=gnu11 -g3 -DDEBUG -DUSE_HAL_DRIVER -DSTM32L432xx -c -I../Core/Inc -I../Drivers/STM32L4xx_HAL_Driver/Inc -I../Drivers/STM32L4xx_HAL_Driver/Inc/Legacy -I../Drivers/CMSIS/Device/ST/STM32L4xx/Include -I../Drivers/CMSIS/Include -O0 -ffunction-sections -fdata-sections -Wall -fstack-usage -MMD -MP -MF"Core/Src/main.d" -MT"Core/Src/main.o" --specs=nano.specs -mfpu=fpv4-sp-d16 -mfloat-abi=hard -mthumb -o "Core/Src/main.o"
../Core/Src/main.c: In function 'HAL_ADC_ConvCpltCallback':
../Core/Src/main.c:68:23: warning: passing argument 1 of 'HAL_ADC_Start_DMA' from incompatible pointer type [-Wincompatible-pointer-types]
   68 |     HAL_ADC_Start_DMA(&hadc1, buffer, 6);
      |                       ^~~~~~
      |                       |
      |                       ADC_HandleTypeDef ** {aka struct <anonymous> **}
In file included from ../Core/Inc/stm32l4xx_hal_conf.h:277,
                 from ../Drivers/STM32L4xx_HAL_Driver/Inc/stm32l4xx_hal.h:30,
                 from ../Core/Inc/main.h:31,
                 from ../Core/Src/main.c:21:
../Drivers/STM32L4xx_HAL_Driver/Inc/stm32l4xx_hal_adc.h:1753:62: note: expected 'ADC_HandleTypeDef *' {aka 'struct <anonymous> *'} but argument is of type 'ADC_HandleTypeDef **' {aka 'struct <anonymous> **'}
 1753 | HAL_StatusTypeDef       HAL_ADC_Start_DMA(ADC_HandleTypeDef *hadc, uint32_t *pData, uint32_t Length);
      |                                           ~~~~~~~~~~~~~~~~~~~^~~~
At top level:
../Core/Src/main.c:114:8: warning: 'motor_control' defined but not used [-Wunused-function]
  114 |   void motor_control(double left_motor_speed, double right_motor_speed) {
      |        ^~~~~~~~~~~~~
arm-none-eabi-gcc -o "ArmuroLeer.elf" @"objects.list"   -mcpu=cortex-m4 -T"C:\Users\Pierre\Documents\edu\uni\robotics\ArmuroLeer\STM32L432KCUX_FLASH.ld" --specs=nosys.specs -Wl,-Map="ArmuroLeer.map" -Wl,--gc-sections -static --specs=nano.specs -mfpu=fpv4-sp-d16 -mfloat-abi=hard -mthumb -Wl,--start-group -lc -lm -Wl,--end-group
Finished building target: ArmuroLeer.elf
 
arm-none-eabi-size   ArmuroLeer.elf 
arm-none-eabi-objdump -h -S  ArmuroLeer.elf  > "ArmuroLeer.list"
arm-none-eabi-objcopy  -O binary  ArmuroLeer.elf  "ArmuroLeer.bin"
   text	   data	    bss	    dec	    hex	filename
  24104	    120	   1976	  26200	   6658	ArmuroLeer.elf
Finished building: default.size.stdout
 
Finished building: ArmuroLeer.bin
 
Finished building: ArmuroLeer.list
 
04:05:59 **** Incremental Build of configuration Debug for project ArmuroLeer ****
make -j12 all 
arm-none-eabi-size   ArmuroLeer.elf 
   text	   data	    bss	    dec	    hex	filename
  24104	    120	   1976	  26200	   6658	ArmuroLeer.elf
Finished building: default.size.stdout
 
04:08:10 **** Incremental Build of configuration Debug for project ArmuroLeer ****
make -j12 all 
arm-none-eabi-size   ArmuroLeer.elf 
   text	   data	    bss	    dec	    hex	filename
  24104	    120	   1976	  26200	   6658	ArmuroLeer.elf
Finished building: default.size.stdout
 
04:17:42 **** Incremental Build of configuration Debug for project ArmuroLeer ****
make -j12 all 
arm-none-eabi-gcc "../Core/Src/main.c" -mcpu=cortex-m4 -std=gnu11 -g3 -DDEBUG -DUSE_HAL_DRIVER -DSTM32L432xx -c -I../Core/Inc -I../Drivers/STM32L4xx_HAL_Driver/Inc -I../Drivers/STM32L4xx_HAL_Driver/Inc/Legacy -I../Drivers/CMSIS/Device/ST/STM32L4xx/Include -I../Drivers/CMSIS/Include -O0 -ffunction-sections -fdata-sections -Wall -fstack-usage -MMD -MP -MF"Core/Src/main.d" -MT"Core/Src/main.o" --specs=nano.specs -mfpu=fpv4-sp-d16 -mfloat-abi=hard -mthumb -o "Core/Src/main.o"
../Core/Src/main.c: In function 'HAL_ADC_ConvCpltCallback':
../Core/Src/main.c:68:23: warning: passing argument 1 of 'HAL_ADC_Start_DMA' from incompatible pointer type [-Wincompatible-pointer-types]
   68 |     HAL_ADC_Start_DMA(&hadc1, buffer, 6);
      |                       ^~~~~~
      |                       |
      |                       ADC_HandleTypeDef ** {aka struct <anonymous> **}
In file included from ../Core/Inc/stm32l4xx_hal_conf.h:277,
                 from ../Drivers/STM32L4xx_HAL_Driver/Inc/stm32l4xx_hal.h:30,
                 from ../Core/Inc/main.h:31,
                 from ../Core/Src/main.c:21:
../Drivers/STM32L4xx_HAL_Driver/Inc/stm32l4xx_hal_adc.h:1753:62: note: expected 'ADC_HandleTypeDef *' {aka 'struct <anonymous> *'} but argument is of type 'ADC_HandleTypeDef **' {aka 'struct <anonymous> **'}
 1753 | HAL_StatusTypeDef       HAL_ADC_Start_DMA(ADC_HandleTypeDef *hadc, uint32_t *pData, uint32_t Length);
      |                                           ~~~~~~~~~~~~~~~~~~~^~~~
../Core/Src/main.c: In function 'main':
../Core/Src/main.c:148:24: error: request for member 'length' in something not a structure or union
  148 |      for(int i; i < adc.length; i++){
      |                        ^
At top level:
../Core/Src/main.c:114:8: warning: 'motor_control' defined but not used [-Wunused-function]
  114 |   void motor_control(double left_motor_speed, double right_motor_speed) {
      |        ^~~~~~~~~~~~~
make: *** [Core/Src/subdir.mk:49: Core/Src/main.o] Error 1
"make -j12 all" terminated with exit code 2. Build might be incomplete.
04:18:19 **** Incremental Build of configuration Debug for project ArmuroLeer ****
make -j12 all 
arm-none-eabi-gcc "../Core/Src/main.c" -mcpu=cortex-m4 -std=gnu11 -g3 -DDEBUG -DUSE_HAL_DRIVER -DSTM32L432xx -c -I../Core/Inc -I../Drivers/STM32L4xx_HAL_Driver/Inc -I../Drivers/STM32L4xx_HAL_Driver/Inc/Legacy -I../Drivers/CMSIS/Device/ST/STM32L4xx/Include -I../Drivers/CMSIS/Include -O0 -ffunction-sections -fdata-sections -Wall -fstack-usage -MMD -MP -MF"Core/Src/main.d" -MT"Core/Src/main.o" --specs=nano.specs -mfpu=fpv4-sp-d16 -mfloat-abi=hard -mthumb -o "Core/Src/main.o"
../Core/Src/main.c: In function 'HAL_ADC_ConvCpltCallback':
../Core/Src/main.c:68:23: warning: passing argument 1 of 'HAL_ADC_Start_DMA' from incompatible pointer type [-Wincompatible-pointer-types]
   68 |     HAL_ADC_Start_DMA(&hadc1, buffer, 6);
      |                       ^~~~~~
      |                       |
      |                       ADC_HandleTypeDef ** {aka struct <anonymous> **}
In file included from ../Core/Inc/stm32l4xx_hal_conf.h:277,
                 from ../Drivers/STM32L4xx_HAL_Driver/Inc/stm32l4xx_hal.h:30,
                 from ../Core/Inc/main.h:31,
                 from ../Core/Src/main.c:21:
../Drivers/STM32L4xx_HAL_Driver/Inc/stm32l4xx_hal_adc.h:1753:62: note: expected 'ADC_HandleTypeDef *' {aka 'struct <anonymous> *'} but argument is of type 'ADC_HandleTypeDef **' {aka 'struct <anonymous> **'}
 1753 | HAL_StatusTypeDef       HAL_ADC_Start_DMA(ADC_HandleTypeDef *hadc, uint32_t *pData, uint32_t Length);
      |                                           ~~~~~~~~~~~~~~~~~~~^~~~
At top level:
../Core/Src/main.c:114:8: warning: 'motor_control' defined but not used [-Wunused-function]
  114 |   void motor_control(double left_motor_speed, double right_motor_speed) {
      |        ^~~~~~~~~~~~~
arm-none-eabi-gcc -o "ArmuroLeer.elf" @"objects.list"   -mcpu=cortex-m4 -T"C:\Users\Pierre\Documents\edu\uni\robotics\ArmuroLeer\STM32L432KCUX_FLASH.ld" --specs=nosys.specs -Wl,-Map="ArmuroLeer.map" -Wl,--gc-sections -static --specs=nano.specs -mfpu=fpv4-sp-d16 -mfloat-abi=hard -mthumb -Wl,--start-group -lc -lm -Wl,--end-group
Finished building target: ArmuroLeer.elf
 
arm-none-eabi-size   ArmuroLeer.elf 
arm-none-eabi-objdump -h -S  ArmuroLeer.elf  > "ArmuroLeer.list"
arm-none-eabi-objcopy  -O binary  ArmuroLeer.elf  "ArmuroLeer.bin"
   text	   data	    bss	    dec	    hex	filename
  23228	    120	   2024	  25372	   631c	ArmuroLeer.elf
Finished building: default.size.stdout
 
Finished building: ArmuroLeer.bin
 
Finished building: ArmuroLeer.list
 
04:19:29 **** Incremental Build of configuration Debug for project ArmuroLeer ****
make -j12 all 
arm-none-eabi-gcc "../Core/Src/main.c" -mcpu=cortex-m4 -std=gnu11 -g3 -DDEBUG -DUSE_HAL_DRIVER -DSTM32L432xx -c -I../Core/Inc -I../Drivers/STM32L4xx_HAL_Driver/Inc -I../Drivers/STM32L4xx_HAL_Driver/Inc/Legacy -I../Drivers/CMSIS/Device/ST/STM32L4xx/Include -I../Drivers/CMSIS/Include -O0 -ffunction-sections -fdata-sections -Wall -fstack-usage -MMD -MP -MF"Core/Src/main.d" -MT"Core/Src/main.o" --specs=nano.specs -mfpu=fpv4-sp-d16 -mfloat-abi=hard -mthumb -o "Core/Src/main.o"
../Core/Src/main.c: In function 'HAL_ADC_ConvCpltCallback':
../Core/Src/main.c:68:23: warning: passing argument 1 of 'HAL_ADC_Start_DMA' from incompatible pointer type [-Wincompatible-pointer-types]
   68 |     HAL_ADC_Start_DMA(&hadc1, buffer, 6);
      |                       ^~~~~~
      |                       |
      |                       ADC_HandleTypeDef ** {aka struct <anonymous> **}
In file included from ../Core/Inc/stm32l4xx_hal_conf.h:277,
                 from ../Drivers/STM32L4xx_HAL_Driver/Inc/stm32l4xx_hal.h:30,
                 from ../Core/Inc/main.h:31,
                 from ../Core/Src/main.c:21:
../Drivers/STM32L4xx_HAL_Driver/Inc/stm32l4xx_hal_adc.h:1753:62: note: expected 'ADC_HandleTypeDef *' {aka 'struct <anonymous> *'} but argument is of type 'ADC_HandleTypeDef **' {aka 'struct <anonymous> **'}
 1753 | HAL_StatusTypeDef       HAL_ADC_Start_DMA(ADC_HandleTypeDef *hadc, uint32_t *pData, uint32_t Length);
      |                                           ~~~~~~~~~~~~~~~~~~~^~~~
../Core/Src/main.c: In function 'main':
../Core/Src/main.c:148:24: error: request for member 'length' in something not a structure or union
  148 |      for(int i; i < adc.length; i++){
      |                        ^
../Core/Src/main.c:154:8: error: redeclaration of 'variable' with no linkage
  154 |    int variable = left;
      |        ^~~~~~~~
../Core/Src/main.c:146:10: note: previous declaration of 'variable' was here
  146 |      int variable;
      |          ^~~~~~~~
../Core/Src/main.c:154:19: error: 'left' undeclared (first use in this function)
  154 |    int variable = left;
      |                   ^~~~
../Core/Src/main.c:154:19: note: each undeclared identifier is reported only once for each function it appears in
../Core/Src/main.c:154:8: warning: unused variable 'variable' [-Wunused-variable]
  154 |    int variable = left;
      |        ^~~~~~~~
At top level:
../Core/Src/main.c:114:8: warning: 'motor_control' defined but not used [-Wunused-function]
  114 |   void motor_control(double left_motor_speed, double right_motor_speed) {
      |        ^~~~~~~~~~~~~
make: *** [Core/Src/subdir.mk:49: Core/Src/main.o] Error 1
"make -j12 all" terminated with exit code 2. Build might be incomplete.
04:20:21 **** Incremental Build of configuration Debug for project ArmuroLeer ****
make -j12 all 
arm-none-eabi-gcc "../Core/Src/main.c" -mcpu=cortex-m4 -std=gnu11 -g3 -DDEBUG -DUSE_HAL_DRIVER -DSTM32L432xx -c -I../Core/Inc -I../Drivers/STM32L4xx_HAL_Driver/Inc -I../Drivers/STM32L4xx_HAL_Driver/Inc/Legacy -I../Drivers/CMSIS/Device/ST/STM32L4xx/Include -I../Drivers/CMSIS/Include -O0 -ffunction-sections -fdata-sections -Wall -fstack-usage -MMD -MP -MF"Core/Src/main.d" -MT"Core/Src/main.o" --specs=nano.specs -mfpu=fpv4-sp-d16 -mfloat-abi=hard -mthumb -o "Core/Src/main.o"
../Core/Src/main.c: In function 'HAL_ADC_ConvCpltCallback':
../Core/Src/main.c:68:23: warning: passing argument 1 of 'HAL_ADC_Start_DMA' from incompatible pointer type [-Wincompatible-pointer-types]
   68 |     HAL_ADC_Start_DMA(&hadc1, buffer, 6);
      |                       ^~~~~~
      |                       |
      |                       ADC_HandleTypeDef ** {aka struct <anonymous> **}
In file included from ../Core/Inc/stm32l4xx_hal_conf.h:277,
                 from ../Drivers/STM32L4xx_HAL_Driver/Inc/stm32l4xx_hal.h:30,
                 from ../Core/Inc/main.h:31,
                 from ../Core/Src/main.c:21:
../Drivers/STM32L4xx_HAL_Driver/Inc/stm32l4xx_hal_adc.h:1753:62: note: expected 'ADC_HandleTypeDef *' {aka 'struct <anonymous> *'} but argument is of type 'ADC_HandleTypeDef **' {aka 'struct <anonymous> **'}
 1753 | HAL_StatusTypeDef       HAL_ADC_Start_DMA(ADC_HandleTypeDef *hadc, uint32_t *pData, uint32_t Length);
      |                                           ~~~~~~~~~~~~~~~~~~~^~~~
At top level:
../Core/Src/main.c:114:8: warning: 'motor_control' defined but not used [-Wunused-function]
  114 |   void motor_control(double left_motor_speed, double right_motor_speed) {
      |        ^~~~~~~~~~~~~
arm-none-eabi-gcc -o "ArmuroLeer.elf" @"objects.list"   -mcpu=cortex-m4 -T"C:\Users\Pierre\Documents\edu\uni\robotics\ArmuroLeer\STM32L432KCUX_FLASH.ld" --specs=nosys.specs -Wl,-Map="ArmuroLeer.map" -Wl,--gc-sections -static --specs=nano.specs -mfpu=fpv4-sp-d16 -mfloat-abi=hard -mthumb -Wl,--start-group -lc -lm -Wl,--end-group
Finished building target: ArmuroLeer.elf
 
arm-none-eabi-size   ArmuroLeer.elf 
arm-none-eabi-objdump -h -S  ArmuroLeer.elf  > "ArmuroLeer.list"
arm-none-eabi-objcopy  -O binary  ArmuroLeer.elf  "ArmuroLeer.bin"
   text	   data	    bss	    dec	    hex	filename
  23712	    120	   1976	  25808	   64d0	ArmuroLeer.elf
Finished building: default.size.stdout
 
Finished building: ArmuroLeer.bin
 
Finished building: ArmuroLeer.list
 
